=== RUN   TestAPIKeyHandler
    testsuite.go:856: Migrations completed successfully
    testsuite.go:235: Migrations already run, skipping
2026/05/01 19:27:20 INFO Casbin enforcer initialized successfully
2026/05/01 19:27:20 INFO Swagger documentation disabled
{"timestamp":"2026-05-01T11:27:20.0547787Z","level":"DEBUG","message":"request started","fields":{"method":"POST","path":"/api/v1/auth/register","remote_addr":"192.0.2.1","request_id":"e151e3ec-b2f5-45a4-b062-06db23514e8c","trace_id":"6ebe81d2-acce-489b-96a0-fe13700e6cab"}}
{"timestamp":"2026-05-01T11:27:20.0553902Z","level":"INFO","message":"registering user","fields":{"email":"test-1777634840054778700-vgl37xhm@test.example.com","request_id":"e151e3ec-b2f5-45a4-b062-06db23514e8c","trace_id":"6ebe81d2-acce-489b-96a0-fe13700e6cab"}}
{"timestamp":"2026-05-01T11:27:20.2504121Z","level":"INFO","message":"user registered successfully","fields":{"email":"test-1777634840054778700-vgl37xhm@test.example.com","request_id":"e151e3ec-b2f5-45a4-b062-06db23514e8c","trace_id":"6ebe81d2-acce-489b-96a0-fe13700e6cab","user_id":"226f027a-27df-4168-baf1-6f5a775a56ee"}}
{"timestamp":"2026-05-01T11:27:20.2504121Z","level":"INFO","message":"request completed","fields":{"duration":"195.633ms","method":"POST","path":"/api/v1/auth/register","request_id":"e151e3ec-b2f5-45a4-b062-06db23514e8c","response_size":212,"status":201,"trace_id":"6ebe81d2-acce-489b-96a0-fe13700e6cab"}}
{"timestamp":"2026-05-01T11:27:20.2509061Z","level":"DEBUG","message":"request started","fields":{"method":"POST","path":"/api/v1/auth/login","remote_addr":"192.0.2.1","request_id":"2813cce5-69e3-4fbe-8bcd-762c063495c3","trace_id":"2d56decf-f0b0-4944-b505-a2be1b8ee66b"}}
{"timestamp":"2026-05-01T11:27:20.2509061Z","level":"INFO","message":"user login attempt","fields":{"email":"test-1777634840054778700-vgl37xhm@test.example.com","request_id":"2813cce5-69e3-4fbe-8bcd-762c063495c3","trace_id":"2d56decf-f0b0-4944-b505-a2be1b8ee66b"}}
{"timestamp":"2026-05-01T11:27:20.4876933Z","level":"INFO","message":"user logged in successfully","fields":{"email":"test-1777634840054778700-vgl37xhm@test.example.com","request_id":"2813cce5-69e3-4fbe-8bcd-762c063495c3","trace_id":"2d56decf-f0b0-4944-b505-a2be1b8ee66b","user_id":"226f027a-27df-4168-baf1-6f5a775a56ee"}}
{"timestamp":"2026-05-01T11:27:20.4876933Z","level":"INFO","message":"request completed","fields":{"duration":"236.7868ms","method":"POST","path":"/api/v1/auth/login","request_id":"2813cce5-69e3-4fbe-8bcd-762c063495c3","response_size":753,"status":200,"trace_id":"2d56decf-f0b0-4944-b505-a2be1b8ee66b"}}
=== RUN   TestAPIKeyHandler/POST_/api/v1/api-keys_-_create_API_key_(happy_path)
{"timestamp":"2026-05-01T11:27:20.8707806Z","level":"DEBUG","message":"request started","fields":{"method":"POST","path":"/api/v1/auth/register","remote_addr":"192.0.2.1","request_id":"9a298c3c-20b7-4c54-9d6e-beaa64ff74eb","trace_id":"09226d56-4907-4622-a6e2-fd7fb917ff66"}}
{"timestamp":"2026-05-01T11:27:20.8707806Z","level":"INFO","message":"registering user","fields":{"email":"test-1777634840870780600-1q2cxutn@test.example.com","request_id":"9a298c3c-20b7-4c54-9d6e-beaa64ff74eb","trace_id":"09226d56-4907-4622-a6e2-fd7fb917ff66"}}
{"timestamp":"2026-05-01T11:27:21.0680636Z","level":"INFO","message":"user registered successfully","fields":{"email":"test-1777634840870780600-1q2cxutn@test.example.com","request_id":"9a298c3c-20b7-4c54-9d6e-beaa64ff74eb","trace_id":"09226d56-4907-4622-a6e2-fd7fb917ff66","user_id":"349b3e63-83fa-4606-b403-f3dce6bfbb09"}}
{"timestamp":"2026-05-01T11:27:21.0680636Z","level":"INFO","message":"request completed","fields":{"duration":"197.2826ms","method":"POST","path":"/api/v1/auth/register","request_id":"9a298c3c-20b7-4c54-9d6e-beaa64ff74eb","response_size":212,"status":201,"trace_id":"09226d56-4907-4622-a6e2-fd7fb917ff66"}}
{"timestamp":"2026-05-01T11:27:21.0680636Z","level":"DEBUG","message":"request started","fields":{"method":"POST","path":"/api/v1/auth/login","remote_addr":"192.0.2.1","request_id":"c4a99359-83cf-4c29-a2fa-f4d227890644","trace_id":"047a7c21-515b-4e3d-a1f4-f7be5a90d874"}}
{"timestamp":"2026-05-01T11:27:21.0695791Z","level":"INFO","message":"user login attempt","fields":{"email":"test-1777634840870780600-1q2cxutn@test.example.com","request_id":"c4a99359-83cf-4c29-a2fa-f4d227890644","trace_id":"047a7c21-515b-4e3d-a1f4-f7be5a90d874"}}
{"timestamp":"2026-05-01T11:27:21.3096106Z","level":"INFO","message":"user logged in successfully","fields":{"email":"test-1777634840870780600-1q2cxutn@test.example.com","request_id":"c4a99359-83cf-4c29-a2fa-f4d227890644","trace_id":"047a7c21-515b-4e3d-a1f4-f7be5a90d874","user_id":"349b3e63-83fa-4606-b403-f3dce6bfbb09"}}
{"timestamp":"2026-05-01T11:27:21.3096106Z","level":"INFO","message":"request completed","fields":{"duration":"241.5466ms","method":"POST","path":"/api/v1/auth/login","request_id":"c4a99359-83cf-4c29-a2fa-f4d227890644","response_size":753,"status":200,"trace_id":"047a7c21-515b-4e3d-a1f4-f7be5a90d874"}}
{"timestamp":"2026-05-01T11:27:21.3096106Z","level":"DEBUG","message":"request started","fields":{"method":"POST","path":"/api/v1/api-keys","remote_addr":"192.0.2.1","request_id":"0daf97ec-cfbf-4ce7-965c-0a9f7c1933f7","trace_id":"12f58270-4c0c-412a-b9a1-0c22b69eb211"}}
{"timestamp":"2026-05-01T11:27:21.5063278Z","level":"INFO","message":"request completed","fields":{"duration":"196.7169ms","method":"POST","path":"/api/v1/api-keys","request_id":"0daf97ec-cfbf-4ce7-965c-0a9f7c1933f7","response_size":408,"status":201,"trace_id":"12f58270-4c0c-412a-b9a1-0c22b69eb211"}}
=== RUN   TestAPIKeyHandler/POST_/api/v1/api-keys_-_unauthenticated_returns_401
{"timestamp":"2026-05-01T11:27:21.8526389Z","level":"DEBUG","message":"request started","fields":{"method":"POST","path":"/api/v1/api-keys","remote_addr":"192.0.2.1","request_id":"9f4fff38-0d43-4e24-8356-1c3bddf7cfd6","trace_id":"0813fc30-3ba1-45a0-9cc5-63b852f7dbea"}}
{"timestamp":"2026-05-01T11:27:21.8526389Z","level":"WARN","message":"request completed with client error","fields":{"duration":"0s","method":"POST","path":"/api/v1/api-keys","request_id":"9f4fff38-0d43-4e24-8356-1c3bddf7cfd6","response_size":0,"status":401,"trace_id":"0813fc30-3ba1-45a0-9cc5-63b852f7dbea"}}
=== RUN   TestAPIKeyHandler/GET_/api/v1/api-keys_-_list_API_keys_(happy_path)
{"timestamp":"2026-05-01T11:27:22.1814318Z","level":"DEBUG","message":"request started","fields":{"method":"POST","path":"/api/v1/auth/register","remote_addr":"192.0.2.1","request_id":"fa6fa626-9113-48cc-b959-0df6913ec316","trace_id":"124cfa3d-b2df-41a0-a762-27548c08fe0b"}}
{"timestamp":"2026-05-01T11:27:22.1819732Z","level":"INFO","message":"registering user","fields":{"email":"test-1777634842181431800-bejbzsjc@test.example.com","request_id":"fa6fa626-9113-48cc-b959-0df6913ec316","trace_id":"124cfa3d-b2df-41a0-a762-27548c08fe0b"}}
{"timestamp":"2026-05-01T11:27:22.3803965Z","level":"INFO","message":"user registered successfully","fields":{"email":"test-1777634842181431800-bejbzsjc@test.example.com","request_id":"fa6fa626-9113-48cc-b959-0df6913ec316","trace_id":"124cfa3d-b2df-41a0-a762-27548c08fe0b","user_id":"aa519d1f-a303-4ec6-84da-a9df1bdaada3"}}
{"timestamp":"2026-05-01T11:27:22.3803965Z","level":"INFO","message":"request completed","fields":{"duration":"198.9644ms","method":"POST","path":"/api/v1/auth/register","request_id":"fa6fa626-9113-48cc-b959-0df6913ec316","response_size":212,"status":201,"trace_id":"124cfa3d-b2df-41a0-a762-27548c08fe0b"}}
{"timestamp":"2026-05-01T11:27:22.3803965Z","level":"DEBUG","message":"request started","fields":{"method":"POST","path":"/api/v1/auth/login","remote_addr":"192.0.2.1","request_id":"ecad4eaf-e10b-496e-bf53-e1cfea683564","trace_id":"43b219a0-37b4-4f5c-a819-c4c735a53b6b"}}
{"timestamp":"2026-05-01T11:27:22.3810784Z","level":"INFO","message":"user login attempt","fields":{"email":"test-1777634842181431800-bejbzsjc@test.example.com","request_id":"ecad4eaf-e10b-496e-bf53-e1cfea683564","trace_id":"43b219a0-37b4-4f5c-a819-c4c735a53b6b"}}
{"timestamp":"2026-05-01T11:27:22.6060358Z","level":"INFO","message":"user logged in successfully","fields":{"email":"test-1777634842181431800-bejbzsjc@test.example.com","request_id":"ecad4eaf-e10b-496e-bf53-e1cfea683564","trace_id":"43b219a0-37b4-4f5c-a819-c4c735a53b6b","user_id":"aa519d1f-a303-4ec6-84da-a9df1bdaada3"}}
{"timestamp":"2026-05-01T11:27:22.6060358Z","level":"INFO","message":"request completed","fields":{"duration":"225.6389ms","method":"POST","path":"/api/v1/auth/login","request_id":"ecad4eaf-e10b-496e-bf53-e1cfea683564","response_size":753,"status":200,"trace_id":"43b219a0-37b4-4f5c-a819-c4c735a53b6b"}}
{"timestamp":"2026-05-01T11:27:22.6060358Z","level":"DEBUG","message":"request started","fields":{"method":"POST","path":"/api/v1/api-keys","remote_addr":"192.0.2.1","request_id":"cc9112e2-f929-47b8-843a-1ded811bd81e","trace_id":"3d336d1a-2c9a-472c-8ea6-83fb5af937d2"}}
{"timestamp":"2026-05-01T11:27:22.8016258Z","level":"INFO","message":"request completed","fields":{"duration":"195.5897ms","method":"POST","path":"/api/v1/api-keys","request_id":"cc9112e2-f929-47b8-843a-1ded811bd81e","response_size":396,"status":201,"trace_id":"3d336d1a-2c9a-472c-8ea6-83fb5af937d2"}}
{"timestamp":"2026-05-01T11:27:22.8016258Z","level":"DEBUG","message":"request started","fields":{"method":"GET","path":"/api/v1/api-keys","remote_addr":"192.0.2.1","request_id":"96b16248-f331-49fe-a4f3-56612ff19e11","trace_id":"92dfea5c-0051-4826-9b26-662c95827be7"}}
{"timestamp":"2026-05-01T11:27:22.8055254Z","level":"INFO","message":"request completed","fields":{"duration":"3.8996ms","method":"GET","path":"/api/v1/api-keys","request_id":"96b16248-f331-49fe-a4f3-56612ff19e11","response_size":409,"status":200,"trace_id":"92dfea5c-0051-4826-9b26-662c95827be7"}}
=== RUN   TestAPIKeyHandler/GET_/api/v1/api-keys_-_unauthenticated_returns_401
{"timestamp":"2026-05-01T11:27:24.1326595Z","level":"DEBUG","message":"request started","fields":{"method":"GET","path":"/api/v1/api-keys","remote_addr":"192.0.2.1","request_id":"1ff79d85-d7b8-4dd1-a52b-47e4900ada73","trace_id":"a53f8e0d-f456-45c5-8e1d-e05223ee91a1"}}
{"timestamp":"2026-05-01T11:27:24.1332191Z","level":"WARN","message":"request completed with client error","fields":{"duration":"559.6┬╡s","method":"GET","path":"/api/v1/api-keys","request_id":"1ff79d85-d7b8-4dd1-a52b-47e4900ada73","response_size":0,"status":401,"trace_id":"a53f8e0d-f456-45c5-8e1d-e05223ee91a1"}}
=== RUN   TestAPIKeyHandler/GET_/api/v1/api-keys/:id_-_get_API_key_by_ID_(happy_path)
{"timestamp":"2026-05-01T11:27:25.3906763Z","level":"DEBUG","message":"request started","fields":{"method":"POST","path":"/api/v1/auth/register","remote_addr":"192.0.2.1","request_id":"ba53645d-8bb9-4b7b-8565-0470d58e44c9","trace_id":"8efb9b9c-4748-4fa3-b59b-27d4590c1539"}}
{"timestamp":"2026-05-01T11:27:25.3912582Z","level":"INFO","message":"registering user","fields":{"email":"test-1777634845390676300-m3rd62pn@test.example.com","request_id":"ba53645d-8bb9-4b7b-8565-0470d58e44c9","trace_id":"8efb9b9c-4748-4fa3-b59b-27d4590c1539"}}
{"timestamp":"2026-05-01T11:27:25.6305471Z","level":"INFO","message":"user registered successfully","fields":{"email":"test-1777634845390676300-m3rd62pn@test.example.com","request_id":"ba53645d-8bb9-4b7b-8565-0470d58e44c9","trace_id":"8efb9b9c-4748-4fa3-b59b-27d4590c1539","user_id":"5b15d0be-53e6-4453-b429-306ab3ed3b49"}}
{"timestamp":"2026-05-01T11:27:25.6305471Z","level":"INFO","message":"request completed","fields":{"duration":"239.8704ms","method":"POST","path":"/api/v1/auth/register","request_id":"ba53645d-8bb9-4b7b-8565-0470d58e44c9","response_size":212,"status":201,"trace_id":"8efb9b9c-4748-4fa3-b59b-27d4590c1539"}}
{"timestamp":"2026-05-01T11:27:25.6308778Z","level":"DEBUG","message":"request started","fields":{"method":"POST","path":"/api/v1/auth/login","remote_addr":"192.0.2.1","request_id":"c76d7e4f-ff1d-4dcf-bd67-fe88843a3b50","trace_id":"3f52ec41-7e60-4344-b121-2af726355013"}}
{"timestamp":"2026-05-01T11:27:25.6314838Z","level":"INFO","message":"user login attempt","fields":{"email":"test-1777634845390676300-m3rd62pn@test.example.com","request_id":"c76d7e4f-ff1d-4dcf-bd67-fe88843a3b50","trace_id":"3f52ec41-7e60-4344-b121-2af726355013"}}
{"timestamp":"2026-05-01T11:27:25.9036986Z","level":"INFO","message":"user logged in successfully","fields":{"email":"test-1777634845390676300-m3rd62pn@test.example.com","request_id":"c76d7e4f-ff1d-4dcf-bd67-fe88843a3b50","trace_id":"3f52ec41-7e60-4344-b121-2af726355013","user_id":"5b15d0be-53e6-4453-b429-306ab3ed3b49"}}
{"timestamp":"2026-05-01T11:27:25.9036986Z","level":"INFO","message":"request completed","fields":{"duration":"272.8203ms","method":"POST","path":"/api/v1/auth/login","request_id":"c76d7e4f-ff1d-4dcf-bd67-fe88843a3b50","response_size":753,"status":200,"trace_id":"3f52ec41-7e60-4344-b121-2af726355013"}}
{"timestamp":"2026-05-01T11:27:25.9036986Z","level":"DEBUG","message":"request started","fields":{"method":"POST","path":"/api/v1/api-keys","remote_addr":"192.0.2.1","request_id":"9cc56a57-682d-4925-9de7-547408663cb0","trace_id":"4f8388c7-ac20-459a-89c2-59dae4399e1f"}}
{"timestamp":"2026-05-01T11:27:26.1004171Z","level":"INFO","message":"request completed","fields":{"duration":"196.7182ms","method":"POST","path":"/api/v1/api-keys","request_id":"9cc56a57-682d-4925-9de7-547408663cb0","response_size":395,"status":201,"trace_id":"4f8388c7-ac20-459a-89c2-59dae4399e1f"}}
{"timestamp":"2026-05-01T11:27:26.1004171Z","level":"DEBUG","message":"request started","fields":{"method":"GET","path":"/api/v1/api-keys/846f0bb2-b06a-4912-8d8a-fd5e692c7e8a","remote_addr":"192.0.2.1","request_id":"649a9ff7-a29a-4f59-9994-9db171be5a37","trace_id":"2eec0321-180e-48c3-8229-ed5d21aee943"}}
{"timestamp":"2026-05-01T11:27:26.1035228Z","level":"INFO","message":"request completed","fields":{"duration":"3.1057ms","method":"GET","path":"/api/v1/api-keys/846f0bb2-b06a-4912-8d8a-fd5e692c7e8a","request_id":"649a9ff7-a29a-4f59-9994-9db171be5a37","response_size":361,"status":200,"trace_id":"2eec0321-180e-48c3-8229-ed5d21aee943"}}
=== RUN   TestAPIKeyHandler/GET_/api/v1/api-keys/:id_-_unauthenticated_returns_401
{"timestamp":"2026-05-01T11:27:27.4321925Z","level":"DEBUG","message":"request started","fields":{"method":"GET","path":"/api/v1/api-keys/non-existent-id","remote_addr":"192.0.2.1","request_id":"efc7e336-15bb-4c20-80e8-e53d61ec37ce","trace_id":"4caa000f-b33c-4e67-8aa5-1cfb2e0eac62"}}
{"timestamp":"2026-05-01T11:27:27.4321925Z","level":"WARN","message":"request completed with client error","fields":{"duration":"0s","method":"GET","path":"/api/v1/api-keys/non-existent-id","request_id":"efc7e336-15bb-4c20-80e8-e53d61ec37ce","response_size":0,"status":401,"trace_id":"4caa000f-b33c-4e67-8aa5-1cfb2e0eac62"}}
=== RUN   TestAPIKeyHandler/DELETE_/api/v1/api-keys/:id_-_revoke_API_key_(happy_path)
{"timestamp":"2026-05-01T11:27:28.7807868Z","level":"DEBUG","message":"request started","fields":{"method":"POST","path":"/api/v1/auth/register","remote_addr":"192.0.2.1","request_id":"577c27c6-67df-44ea-b323-73cf33913745","trace_id":"97bdf2c8-8071-4e8e-b0ff-85e4d3563fd7"}}
{"timestamp":"2026-05-01T11:27:28.781387Z","level":"INFO","message":"registering user","fields":{"email":"test-1777634848780786800-7ap4309z@test.example.com","request_id":"577c27c6-67df-44ea-b323-73cf33913745","trace_id":"97bdf2c8-8071-4e8e-b0ff-85e4d3563fd7"}}
{"timestamp":"2026-05-01T11:27:28.9929084Z","level":"INFO","message":"user registered successfully","fields":{"email":"test-1777634848780786800-7ap4309z@test.example.com","request_id":"577c27c6-67df-44ea-b323-73cf33913745","trace_id":"97bdf2c8-8071-4e8e-b0ff-85e4d3563fd7","user_id":"ee77a362-7dae-4c3d-84c1-ba8af2a561f0"}}
{"timestamp":"2026-05-01T11:27:28.9929084Z","level":"INFO","message":"request completed","fields":{"duration":"212.1213ms","method":"POST","path":"/api/v1/auth/register","request_id":"577c27c6-67df-44ea-b323-73cf33913745","response_size":212,"status":201,"trace_id":"97bdf2c8-8071-4e8e-b0ff-85e4d3563fd7"}}
{"timestamp":"2026-05-01T11:27:28.9929084Z","level":"DEBUG","message":"request started","fields":{"method":"POST","path":"/api/v1/auth/login","remote_addr":"192.0.2.1","request_id":"e89467af-6371-4b8c-bfd1-40f3b2634584","trace_id":"89aaf514-40d1-4a48-9f69-81fd50cbe454"}}
{"timestamp":"2026-05-01T11:27:28.9934722Z","level":"INFO","message":"user login attempt","fields":{"email":"test-1777634848780786800-7ap4309z@test.example.com","request_id":"e89467af-6371-4b8c-bfd1-40f3b2634584","trace_id":"89aaf514-40d1-4a48-9f69-81fd50cbe454"}}
{"timestamp":"2026-05-01T11:27:29.2717935Z","level":"INFO","message":"user logged in successfully","fields":{"email":"test-1777634848780786800-7ap4309z@test.example.com","request_id":"e89467af-6371-4b8c-bfd1-40f3b2634584","trace_id":"89aaf514-40d1-4a48-9f69-81fd50cbe454","user_id":"ee77a362-7dae-4c3d-84c1-ba8af2a561f0"}}
{"timestamp":"2026-05-01T11:27:29.2717935Z","level":"INFO","message":"request completed","fields":{"duration":"278.8846ms","method":"POST","path":"/api/v1/auth/login","request_id":"e89467af-6371-4b8c-bfd1-40f3b2634584","response_size":753,"status":200,"trace_id":"89aaf514-40d1-4a48-9f69-81fd50cbe454"}}
{"timestamp":"2026-05-01T11:27:29.2717935Z","level":"DEBUG","message":"request started","fields":{"method":"POST","path":"/api/v1/api-keys","remote_addr":"192.0.2.1","request_id":"19c4a119-4ba8-4fd4-9527-b04ca5c8e4e0","trace_id":"6d4ebc69-beb0-4224-84e5-7d4508848b72"}}
{"timestamp":"2026-05-01T11:27:29.4729972Z","level":"INFO","message":"request completed","fields":{"duration":"201.2033ms","method":"POST","path":"/api/v1/api-keys","request_id":"19c4a119-4ba8-4fd4-9527-b04ca5c8e4e0","response_size":398,"status":201,"trace_id":"6d4ebc69-beb0-4224-84e5-7d4508848b72"}}
{"timestamp":"2026-05-01T11:27:29.4736437Z","level":"DEBUG","message":"request started","fields":{"method":"DELETE","path":"/api/v1/api-keys/ede78171-dec6-44d4-8011-27935b0f8438","remote_addr":"192.0.2.1","request_id":"5fbad61b-a65d-46e6-96bd-b2a9e6cf809f","trace_id":"79dbd0da-b33d-42da-b633-b10201a69bef"}}
{"timestamp":"2026-05-01T11:27:29.4788954Z","level":"INFO","message":"request completed","fields":{"duration":"5.2517ms","method":"DELETE","path":"/api/v1/api-keys/ede78171-dec6-44d4-8011-27935b0f8438","request_id":"5fbad61b-a65d-46e6-96bd-b2a9e6cf809f","response_size":192,"status":200,"trace_id":"79dbd0da-b33d-42da-b633-b10201a69bef"}}
=== RUN   TestAPIKeyHandler/DELETE_/api/v1/api-keys/:id_-_unauthenticated_returns_401
{"timestamp":"2026-05-01T11:27:30.6975974Z","level":"DEBUG","message":"request started","fields":{"method":"DELETE","path":"/api/v1/api-keys/some-key-id","remote_addr":"192.0.2.1","request_id":"d82823ad-8d92-466f-8972-8d1654c8cfff","trace_id":"77169d92-1727-4179-990c-e6659d9d4cfe"}}
{"timestamp":"2026-05-01T11:27:30.6983115Z","level":"WARN","message":"request completed with client error","fields":{"duration":"714.1┬╡s","method":"DELETE","path":"/api/v1/api-keys/some-key-id","request_id":"d82823ad-8d92-466f-8972-8d1654c8cfff","response_size":0,"status":401,"trace_id":"77169d92-1727-4179-990c-e6659d9d4cfe"}}
--- PASS: TestAPIKeyHandler (11.93s)
    --- PASS: TestAPIKeyHandler/POST_/api/v1/api-keys_-_create_API_key_(happy_path) (1.02s)
    --- PASS: TestAPIKeyHandler/POST_/api/v1/api-keys_-_unauthenticated_returns_401 (0.35s)
    --- PASS: TestAPIKeyHandler/GET_/api/v1/api-keys_-_list_API_keys_(happy_path) (0.95s)
    --- PASS: TestAPIKeyHandler/GET_/api/v1/api-keys_-_unauthenticated_returns_401 (1.33s)
    --- PASS: TestAPIKeyHandler/GET_/api/v1/api-keys/:id_-_get_API_key_by_ID_(happy_path) (1.97s)
    --- PASS: TestAPIKeyHandler/GET_/api/v1/api-keys/:id_-_unauthenticated_returns_401 (1.33s)
    --- PASS: TestAPIKeyHandler/DELETE_/api/v1/api-keys/:id_-_revoke_API_key_(happy_path) (2.05s)
    --- PASS: TestAPIKeyHandler/DELETE_/api/v1/api-keys/:id_-_unauthenticated_returns_401 (1.22s)
=== RUN   TestAuditLog_Create
    testsuite.go:235: Migrations already run, skipping
=== RUN   TestAuditLog_Create/create_audit_log_entry
--- PASS: TestAuditLog_Create (2.95s)
    --- PASS: TestAuditLog_Create/create_audit_log_entry (1.64s)
=== RUN   TestAuditLog_FindByActorID
    testsuite.go:235: Migrations already run, skipping
=== RUN   TestAuditLog_FindByActorID/find_logs_by_actor_ID
--- PASS: TestAuditLog_FindByActorID (2.15s)
    --- PASS: TestAuditLog_FindByActorID/find_logs_by_actor_ID (1.16s)
=== RUN   TestAuditLog_FindByResource
    testsuite.go:235: Migrations already run, skipping
=== RUN   TestAuditLog_FindByResource/find_logs_by_resource
--- PASS: TestAuditLog_FindByResource (3.48s)
    --- PASS: TestAuditLog_FindByResource/find_logs_by_resource (2.12s)
=== RUN   TestAuditLog_MultipleActionsInSequence
    testsuite.go:235: Migrations already run, skipping
=== RUN   TestAuditLog_MultipleActionsInSequence/multiple_actions_in_sequence
--- PASS: TestAuditLog_MultipleActionsInSequence (3.80s)
    --- PASS: TestAuditLog_MultipleActionsInSequence/multiple_actions_in_sequence (1.97s)
=== RUN   TestAuditLog_Pagination
    testsuite.go:235: Migrations already run, skipping
=== RUN   TestAuditLog_Pagination/pagination
--- PASS: TestAuditLog_Pagination (2.36s)
    --- PASS: TestAuditLog_Pagination/pagination (1.15s)
=== RUN   TestAuditLog_AsyncWrite
    testsuite.go:235: Migrations already run, skipping
=== RUN   TestAuditLog_AsyncWrite/sync_write
--- PASS: TestAuditLog_AsyncWrite (2.38s)
    --- PASS: TestAuditLog_AsyncWrite/sync_write (1.12s)
=== RUN   TestAuditLogVerification
    testsuite.go:235: Migrations already run, skipping
2026/05/01 19:27:53 INFO Casbin enforcer initialized successfully
2026/05/01 19:27:53 INFO Swagger documentation disabled
=== RUN   TestAuditLogVerification/POST_creates_audit_log_entry
{"timestamp":"2026-05-01T11:27:53.436208Z","level":"DEBUG","message":"request started","fields":{"method":"POST","path":"/api/v1/roles","remote_addr":"192.0.2.1","request_id":"f4160db7-2323-4071-8423-fe7968a5c3ff","trace_id":"a8f5be87-2e24-46fd-b276-66c5d03a6c7f"}}
{"timestamp":"2026-05-01T11:27:53.436711Z","level":"INFO","message":"creating role","fields":{"name":"Test Role","request_id":"f4160db7-2323-4071-8423-fe7968a5c3ff","trace_id":"a8f5be87-2e24-46fd-b276-66c5d03a6c7f"}}
{"timestamp":"2026-05-01T11:27:53.4372262Z","level":"INFO","message":"role created successfully","fields":{"name":"Test Role","request_id":"f4160db7-2323-4071-8423-fe7968a5c3ff","role_id":"d5ee78e5-d06b-4e86-93e1-d5516df81d98","trace_id":"a8f5be87-2e24-46fd-b276-66c5d03a6c7f"}}
{"timestamp":"2026-05-01T11:27:53.4372262Z","level":"INFO","message":"request completed","fields":{"duration":"1.0182ms","method":"POST","path":"/api/v1/roles","request_id":"f4160db7-2323-4071-8423-fe7968a5c3ff","response_size":227,"status":201,"trace_id":"a8f5be87-2e24-46fd-b276-66c5d03a6c7f"}}
=== RUN   TestAuditLogVerification/PUT_creates_audit_log_entry
{"timestamp":"2026-05-01T11:27:53.5394472Z","level":"DEBUG","message":"request started","fields":{"method":"POST","path":"/api/v1/roles","remote_addr":"192.0.2.1","request_id":"8701cf28-9d09-46ab-947b-83d286802df0","trace_id":"59e25e7c-77ec-4b05-9e5e-823b3f75f2d5"}}
{"timestamp":"2026-05-01T11:27:53.5405078Z","level":"INFO","message":"creating role","fields":{"name":"Role to Update","request_id":"8701cf28-9d09-46ab-947b-83d286802df0","trace_id":"59e25e7c-77ec-4b05-9e5e-823b3f75f2d5"}}
{"timestamp":"2026-05-01T11:27:53.5416181Z","level":"INFO","message":"role created successfully","fields":{"name":"Role to Update","request_id":"8701cf28-9d09-46ab-947b-83d286802df0","role_id":"95e9b93d-90c8-495a-8b24-3e0d82913eb5","trace_id":"59e25e7c-77ec-4b05-9e5e-823b3f75f2d5"}}
{"timestamp":"2026-05-01T11:27:53.5416181Z","level":"INFO","message":"request completed","fields":{"duration":"2.1709ms","method":"POST","path":"/api/v1/roles","request_id":"8701cf28-9d09-46ab-947b-83d286802df0","response_size":225,"status":201,"trace_id":"59e25e7c-77ec-4b05-9e5e-823b3f75f2d5"}}
{"timestamp":"2026-05-01T11:27:53.5416181Z","level":"DEBUG","message":"request started","fields":{"method":"PUT","path":"/api/v1/roles/95e9b93d-90c8-495a-8b24-3e0d82913eb5","remote_addr":"192.0.2.1","request_id":"c51100bd-cd70-430e-a117-81716f93b293","trace_id":"d37948f7-b27f-420b-934a-fbb20bb1459f"}}
{"timestamp":"2026-05-01T11:27:53.5421366Z","level":"INFO","message":"updating role","fields":{"name":"Updated Role Name","request_id":"c51100bd-cd70-430e-a117-81716f93b293","role_id":"95e9b93d-90c8-495a-8b24-3e0d82913eb5","trace_id":"d37948f7-b27f-420b-934a-fbb20bb1459f"}}
{"timestamp":"2026-05-01T11:27:53.5567513Z","level":"INFO","message":"role updated successfully","fields":{"request_id":"c51100bd-cd70-430e-a117-81716f93b293","role_id":"95e9b93d-90c8-495a-8b24-3e0d82913eb5","trace_id":"d37948f7-b27f-420b-934a-fbb20bb1459f"}}
{"timestamp":"2026-05-01T11:27:53.5567513Z","level":"INFO","message":"request completed","fields":{"duration":"15.1332ms","method":"PUT","path":"/api/v1/roles/95e9b93d-90c8-495a-8b24-3e0d82913eb5","request_id":"c51100bd-cd70-430e-a117-81716f93b293","response_size":233,"status":200,"trace_id":"d37948f7-b27f-420b-934a-fbb20bb1459f"}}
=== RUN   TestAuditLogVerification/DELETE_creates_audit_log_entry
{"timestamp":"2026-05-01T11:27:53.6601272Z","level":"DEBUG","message":"request started","fields":{"method":"POST","path":"/api/v1/roles","remote_addr":"192.0.2.1","request_id":"b5dfd39e-c666-4a83-a2f4-67870a7b7f40","trace_id":"6f07003b-7716-4e5b-8e09-3f9c3479b135"}}
{"timestamp":"2026-05-01T11:27:53.6601272Z","level":"INFO","message":"creating role","fields":{"name":"Role to Delete","request_id":"b5dfd39e-c666-4a83-a2f4-67870a7b7f40","trace_id":"6f07003b-7716-4e5b-8e09-3f9c3479b135"}}
{"timestamp":"2026-05-01T11:27:53.6617541Z","level":"INFO","message":"role created successfully","fields":{"name":"Role to Delete","request_id":"b5dfd39e-c666-4a83-a2f4-67870a7b7f40","role_id":"62bcbf95-0ddd-471a-bd71-d06a532a922f","trace_id":"6f07003b-7716-4e5b-8e09-3f9c3479b135"}}
{"timestamp":"2026-05-01T11:27:53.6617541Z","level":"INFO","message":"request completed","fields":{"duration":"1.6269ms","method":"POST","path":"/api/v1/roles","request_id":"b5dfd39e-c666-4a83-a2f4-67870a7b7f40","response_size":225,"status":201,"trace_id":"6f07003b-7716-4e5b-8e09-3f9c3479b135"}}
{"timestamp":"2026-05-01T11:27:53.6617541Z","level":"DEBUG","message":"request started","fields":{"method":"DELETE","path":"/api/v1/roles/62bcbf95-0ddd-471a-bd71-d06a532a922f","remote_addr":"192.0.2.1","request_id":"8cc6158d-eb28-4753-a2c9-ee92164833ea","trace_id":"ca57591c-4d56-475c-8f0a-d5bfaa3c95c7"}}
{"timestamp":"2026-05-01T11:27:53.6627956Z","level":"INFO","message":"deleting role","fields":{"request_id":"8cc6158d-eb28-4753-a2c9-ee92164833ea","role_id":"62bcbf95-0ddd-471a-bd71-d06a532a922f","role_name":"Role to Delete","trace_id":"ca57591c-4d56-475c-8f0a-d5bfaa3c95c7"}}
{"timestamp":"2026-05-01T11:27:53.6641929Z","level":"INFO","message":"role deleted successfully","fields":{"request_id":"8cc6158d-eb28-4753-a2c9-ee92164833ea","role_id":"62bcbf95-0ddd-471a-bd71-d06a532a922f","trace_id":"ca57591c-4d56-475c-8f0a-d5bfaa3c95c7"}}
{"timestamp":"2026-05-01T11:27:53.6641929Z","level":"INFO","message":"request completed","fields":{"duration":"2.4388ms","method":"DELETE","path":"/api/v1/roles/62bcbf95-0ddd-471a-bd71-d06a532a922f","request_id":"8cc6158d-eb28-4753-a2c9-ee92164833ea","response_size":145,"status":200,"trace_id":"ca57591c-4d56-475c-8f0a-d5bfaa3c95c7"}}
=== RUN   TestAuditLogVerification/audit_log_contains_actor_information
{"timestamp":"2026-05-01T11:27:53.7686352Z","level":"DEBUG","message":"request started","fields":{"method":"GET","path":"/api/v1/me","remote_addr":"192.0.2.1","request_id":"d185e345-0ce1-4135-9237-0e8fdfe575f7","trace_id":"15d970bd-eb30-42e9-b918-7cda1f54988e"}}
{"timestamp":"2026-05-01T11:27:53.770031Z","level":"INFO","message":"fetching current user","fields":{"request_id":"d185e345-0ce1-4135-9237-0e8fdfe575f7","trace_id":"15d970bd-eb30-42e9-b918-7cda1f54988e","user_id":"d704bfce-eb4b-4301-8681-e0fed4efa5a3"}}
{"timestamp":"2026-05-01T11:27:53.770031Z","level":"INFO","message":"request completed","fields":{"duration":"1.3958ms","method":"GET","path":"/api/v1/me","request_id":"d185e345-0ce1-4135-9237-0e8fdfe575f7","response_size":294,"status":200,"trace_id":"15d970bd-eb30-42e9-b918-7cda1f54988e"}}
{"timestamp":"2026-05-01T11:27:53.770031Z","level":"DEBUG","message":"request started","fields":{"method":"POST","path":"/api/v1/roles","remote_addr":"192.0.2.1","request_id":"b9335395-c2a6-45cd-8c43-18000a94c8c2","trace_id":"4730add0-3a70-4956-8967-68feb9770bf4"}}
{"timestamp":"2026-05-01T11:27:53.770642Z","level":"INFO","message":"creating role","fields":{"name":"Audit Check Role","request_id":"b9335395-c2a6-45cd-8c43-18000a94c8c2","trace_id":"4730add0-3a70-4956-8967-68feb9770bf4"}}
{"timestamp":"2026-05-01T11:27:53.7716767Z","level":"INFO","message":"role created successfully","fields":{"name":"Audit Check Role","request_id":"b9335395-c2a6-45cd-8c43-18000a94c8c2","role_id":"6f2a9cfa-070b-40db-91b6-02441b838e28","trace_id":"4730add0-3a70-4956-8967-68feb9770bf4"}}
{"timestamp":"2026-05-01T11:27:53.7716767Z","level":"INFO","message":"request completed","fields":{"duration":"1.6457ms","method":"POST","path":"/api/v1/roles","request_id":"b9335395-c2a6-45cd-8c43-18000a94c8c2","response_size":231,"status":201,"trace_id":"4730add0-3a70-4956-8967-68feb9770bf4"}}
=== RUN   TestAuditLogVerification/audit_log_contains_change_details
{"timestamp":"2026-05-01T11:27:53.8732263Z","level":"DEBUG","message":"request started","fields":{"method":"POST","path":"/api/v1/roles","remote_addr":"192.0.2.1","request_id":"0445e288-55a0-47ea-afa1-a0ad7ca8c15b","trace_id":"ee107a8a-88da-44e0-a125-c2235666555f"}}
{"timestamp":"2026-05-01T11:27:53.8744966Z","level":"INFO","message":"creating role","fields":{"name":"Before Update","request_id":"0445e288-55a0-47ea-afa1-a0ad7ca8c15b","trace_id":"ee107a8a-88da-44e0-a125-c2235666555f"}}
{"timestamp":"2026-05-01T11:27:53.875216Z","level":"INFO","message":"role created successfully","fields":{"name":"Before Update","request_id":"0445e288-55a0-47ea-afa1-a0ad7ca8c15b","role_id":"4f85c64a-02a7-41b9-9a71-371096c265cf","trace_id":"ee107a8a-88da-44e0-a125-c2235666555f"}}
{"timestamp":"2026-05-01T11:27:53.875216Z","level":"INFO","message":"request completed","fields":{"duration":"1.9897ms","method":"POST","path":"/api/v1/roles","request_id":"0445e288-55a0-47ea-afa1-a0ad7ca8c15b","response_size":216,"status":201,"trace_id":"ee107a8a-88da-44e0-a125-c2235666555f"}}
{"timestamp":"2026-05-01T11:27:53.875216Z","level":"DEBUG","message":"request started","fields":{"method":"PUT","path":"/api/v1/roles/4f85c64a-02a7-41b9-9a71-371096c265cf","remote_addr":"192.0.2.1","request_id":"e779b182-e9e7-4d0a-8664-32493a78e4a2","trace_id":"3efaef0e-a4ca-403f-b036-fa03f4f36d72"}}
{"timestamp":"2026-05-01T11:27:53.8757356Z","level":"INFO","message":"updating role","fields":{"name":"After Update","request_id":"e779b182-e9e7-4d0a-8664-32493a78e4a2","role_id":"4f85c64a-02a7-41b9-9a71-371096c265cf","trace_id":"3efaef0e-a4ca-403f-b036-fa03f4f36d72"}}
{"timestamp":"2026-05-01T11:27:53.8767809Z","level":"INFO","message":"role updated successfully","fields":{"request_id":"e779b182-e9e7-4d0a-8664-32493a78e4a2","role_id":"4f85c64a-02a7-41b9-9a71-371096c265cf","trace_id":"3efaef0e-a4ca-403f-b036-fa03f4f36d72"}}
{"timestamp":"2026-05-01T11:27:53.8767809Z","level":"INFO","message":"request completed","fields":{"duration":"1.5649ms","method":"PUT","path":"/api/v1/roles/4f85c64a-02a7-41b9-9a71-371096c265cf","request_id":"e779b182-e9e7-4d0a-8664-32493a78e4a2","response_size":215,"status":200,"trace_id":"3efaef0e-a4ca-403f-b036-fa03f4f36d72"}}
--- PASS: TestAuditLogVerification (6.16s)
    --- PASS: TestAuditLogVerification/POST_creates_audit_log_entry (0.10s)
    --- PASS: TestAuditLogVerification/PUT_creates_audit_log_entry (0.12s)
    --- PASS: TestAuditLogVerification/DELETE_creates_audit_log_entry (0.11s)
    --- PASS: TestAuditLogVerification/audit_log_contains_actor_information (0.10s)
    --- PASS: TestAuditLogVerification/audit_log_contains_change_details (0.10s)
=== RUN   TestAuthFlow_Complete
    testsuite.go:235: Migrations already run, skipping
2026/05/01 19:27:59 INFO Casbin enforcer initialized successfully
2026/05/01 19:27:59 INFO Swagger documentation disabled
=== RUN   TestAuthFlow_Complete/complete_flow_-_register_->_login_->_access_protected_->_logout_->_access_revoked
{"timestamp":"2026-05-01T11:27:59.9200788Z","level":"DEBUG","message":"request started","fields":{"method":"POST","path":"/api/v1/auth/register","remote_addr":"192.0.2.1","request_id":"b92c4f0e-96cc-47a1-b352-b0a6af873284","trace_id":"7b00abcb-ab74-4acc-b3ac-dad0f7261e5b"}}
{"timestamp":"2026-05-01T11:27:59.9208613Z","level":"INFO","message":"registering user","fields":{"email":"test-1777634879919280400-jj8hgmuj@test.example.com","request_id":"b92c4f0e-96cc-47a1-b352-b0a6af873284","trace_id":"7b00abcb-ab74-4acc-b3ac-dad0f7261e5b"}}
{"timestamp":"2026-05-01T11:28:00.2184409Z","level":"INFO","message":"user registered successfully","fields":{"email":"test-1777634879919280400-jj8hgmuj@test.example.com","request_id":"b92c4f0e-96cc-47a1-b352-b0a6af873284","trace_id":"7b00abcb-ab74-4acc-b3ac-dad0f7261e5b","user_id":"b7dccc1f-c62d-403a-972a-0b231d05bf81"}}
{"timestamp":"2026-05-01T11:28:00.2193155Z","level":"INFO","message":"request completed","fields":{"duration":"299.2362ms","method":"POST","path":"/api/v1/auth/register","request_id":"b92c4f0e-96cc-47a1-b352-b0a6af873284","response_size":212,"status":201,"trace_id":"7b00abcb-ab74-4acc-b3ac-dad0f7261e5b"}}
{"timestamp":"2026-05-01T11:28:00.2193155Z","level":"DEBUG","message":"request started","fields":{"method":"POST","path":"/api/v1/auth/login","remote_addr":"192.0.2.1","request_id":"2a82d098-0070-46b5-a38c-7f8bf564026a","trace_id":"03927ed4-1cff-49a1-9ac2-c18d61e7cdf6"}}
{"timestamp":"2026-05-01T11:28:00.21982Z","level":"INFO","message":"user login attempt","fields":{"email":"test-1777634879919280400-jj8hgmuj@test.example.com","request_id":"2a82d098-0070-46b5-a38c-7f8bf564026a","trace_id":"03927ed4-1cff-49a1-9ac2-c18d61e7cdf6"}}
{"timestamp":"2026-05-01T11:28:00.4727411Z","level":"INFO","message":"user logged in successfully","fields":{"email":"test-1777634879919280400-jj8hgmuj@test.example.com","request_id":"2a82d098-0070-46b5-a38c-7f8bf564026a","trace_id":"03927ed4-1cff-49a1-9ac2-c18d61e7cdf6","user_id":"b7dccc1f-c62d-403a-972a-0b231d05bf81"}}
{"timestamp":"2026-05-01T11:28:00.4727411Z","level":"INFO","message":"request completed","fields":{"duration":"253.4251ms","method":"POST","path":"/api/v1/auth/login","request_id":"2a82d098-0070-46b5-a38c-7f8bf564026a","response_size":753,"status":200,"trace_id":"03927ed4-1cff-49a1-9ac2-c18d61e7cdf6"}}
{"timestamp":"2026-05-01T11:28:00.4727411Z","level":"DEBUG","message":"request started","fields":{"method":"GET","path":"/api/v1/me","remote_addr":"192.0.2.1","request_id":"1d214b04-52ea-4911-9feb-c52cefd6dfcb","trace_id":"b5a7f300-7f1e-47a9-831a-1ab0cb5b9448"}}
{"timestamp":"2026-05-01T11:28:00.4727411Z","level":"INFO","message":"fetching current user","fields":{"request_id":"1d214b04-52ea-4911-9feb-c52cefd6dfcb","trace_id":"b5a7f300-7f1e-47a9-831a-1ab0cb5b9448","user_id":"b7dccc1f-c62d-403a-972a-0b231d05bf81"}}
{"timestamp":"2026-05-01T11:28:00.4727411Z","level":"INFO","message":"request completed","fields":{"duration":"0s","method":"GET","path":"/api/v1/me","request_id":"1d214b04-52ea-4911-9feb-c52cefd6dfcb","response_size":294,"status":200,"trace_id":"b5a7f300-7f1e-47a9-831a-1ab0cb5b9448"}}
{"timestamp":"2026-05-01T11:28:00.4727411Z","level":"DEBUG","message":"request started","fields":{"method":"GET","path":"/api/v1/users","remote_addr":"192.0.2.1","request_id":"d4927707-6f08-42c2-9c59-88b247ff89f3","trace_id":"588b468e-6c2f-4b37-9efe-57f09543803f"}}
{"timestamp":"2026-05-01T11:28:00.4735375Z","level":"WARN","message":"request completed with client error","fields":{"duration":"796.4┬╡s","method":"GET","path":"/api/v1/users","request_id":"d4927707-6f08-42c2-9c59-88b247ff89f3","response_size":189,"status":403,"trace_id":"588b468e-6c2f-4b37-9efe-57f09543803f"}}
{"timestamp":"2026-05-01T11:28:00.4735375Z","level":"DEBUG","message":"request started","fields":{"method":"POST","path":"/api/v1/auth/refresh","remote_addr":"192.0.2.1","request_id":"88146b86-be65-4be4-80ef-e8a4564ab3af","trace_id":"69104b68-d6ae-4cf2-8b45-aa9546bd9e40"}}
{"timestamp":"2026-05-01T11:28:00.4735375Z","level":"INFO","message":"token refresh attempt","fields":{"request_id":"88146b86-be65-4be4-80ef-e8a4564ab3af","trace_id":"69104b68-d6ae-4cf2-8b45-aa9546bd9e40"}}
{"timestamp":"2026-05-01T11:28:00.4753843Z","level":"INFO","message":"token refreshed successfully","fields":{"request_id":"88146b86-be65-4be4-80ef-e8a4564ab3af","trace_id":"69104b68-d6ae-4cf2-8b45-aa9546bd9e40","user_id":"b7dccc1f-c62d-403a-972a-0b231d05bf81"}}
{"timestamp":"2026-05-01T11:28:00.4753843Z","level":"INFO","message":"request completed","fields":{"duration":"1.8468ms","method":"POST","path":"/api/v1/auth/refresh","request_id":"88146b86-be65-4be4-80ef-e8a4564ab3af","response_size":639,"status":200,"trace_id":"69104b68-d6ae-4cf2-8b45-aa9546bd9e40"}}
{"timestamp":"2026-05-01T11:28:00.4753843Z","level":"DEBUG","message":"request started","fields":{"method":"POST","path":"/api/v1/auth/logout","remote_addr":"192.0.2.1","request_id":"abf167f5-ec33-4c13-8dcb-8750657df7d4","trace_id":"e7d37aff-4bd4-4d21-9af5-a9d5942c61ef"}}
{"timestamp":"2026-05-01T11:28:00.4753843Z","level":"INFO","message":"user logout attempt","fields":{"request_id":"abf167f5-ec33-4c13-8dcb-8750657df7d4","trace_id":"e7d37aff-4bd4-4d21-9af5-a9d5942c61ef","user_id":"b7dccc1f-c62d-403a-972a-0b231d05bf81"}}
{"timestamp":"2026-05-01T11:28:00.4781719Z","level":"INFO","message":"user logged out successfully","fields":{"request_id":"abf167f5-ec33-4c13-8dcb-8750657df7d4","trace_id":"e7d37aff-4bd4-4d21-9af5-a9d5942c61ef","user_id":"b7dccc1f-c62d-403a-972a-0b231d05bf81"}}
{"timestamp":"2026-05-01T11:28:00.4781719Z","level":"INFO","message":"request completed","fields":{"duration":"2.7876ms","method":"POST","path":"/api/v1/auth/logout","request_id":"abf167f5-ec33-4c13-8dcb-8750657df7d4","response_size":143,"status":200,"trace_id":"e7d37aff-4bd4-4d21-9af5-a9d5942c61ef"}}
{"timestamp":"2026-05-01T11:28:00.4781719Z","level":"DEBUG","message":"request started","fields":{"method":"GET","path":"/api/v1/me","remote_addr":"192.0.2.1","request_id":"142e278b-3c4a-44a2-8d0e-e784f1205405","trace_id":"b81311ad-d9fa-4a88-9935-20735bab9c4a"}}
{"timestamp":"2026-05-01T11:28:00.4781719Z","level":"INFO","message":"fetching current user","fields":{"request_id":"142e278b-3c4a-44a2-8d0e-e784f1205405","trace_id":"b81311ad-d9fa-4a88-9935-20735bab9c4a","user_id":"b7dccc1f-c62d-403a-972a-0b231d05bf81"}}
{"timestamp":"2026-05-01T11:28:00.4788116Z","level":"INFO","message":"request completed","fields":{"duration":"639.7┬╡s","method":"GET","path":"/api/v1/me","request_id":"142e278b-3c4a-44a2-8d0e-e784f1205405","response_size":294,"status":200,"trace_id":"b81311ad-d9fa-4a88-9935-20735bab9c4a"}}
{"timestamp":"2026-05-01T11:28:00.4788116Z","level":"DEBUG","message":"request started","fields":{"method":"POST","path":"/api/v1/auth/refresh","remote_addr":"192.0.2.1","request_id":"c0ffcd74-ed58-4e91-aa39-042a3b9beaad","trace_id":"2d4d840d-5ec6-44a5-901c-6d2727b366fc"}}
{"timestamp":"2026-05-01T11:28:00.4788116Z","level":"INFO","message":"token refresh attempt","fields":{"request_id":"c0ffcd74-ed58-4e91-aa39-042a3b9beaad","trace_id":"2d4d840d-5ec6-44a5-901c-6d2727b366fc"}}
{"timestamp":"2026-05-01T11:28:00.4794367Z","level":"WARN","message":"token refresh failed","fields":{"error":"Refresh token has been revoked","error_code":"INVALID_REFRESH_TOKEN","request_id":"c0ffcd74-ed58-4e91-aa39-042a3b9beaad","trace_id":"2d4d840d-5ec6-44a5-901c-6d2727b366fc"}}
{"timestamp":"2026-05-01T11:28:00.4794367Z","level":"WARN","message":"request completed with client error","fields":{"duration":"625.1┬╡s","method":"POST","path":"/api/v1/auth/refresh","request_id":"c0ffcd74-ed58-4e91-aa39-042a3b9beaad","response_size":182,"status":401,"trace_id":"2d4d840d-5ec6-44a5-901c-6d2727b366fc"}}
--- PASS: TestAuthFlow_Complete (6.50s)
    --- PASS: TestAuthFlow_Complete/complete_flow_-_register_->_login_->_access_protected_->_logout_->_access_revoked (0.56s)
=== RUN   TestAuthFlow_PasswordReset
    testsuite.go:235: Migrations already run, skipping
2026/05/01 19:28:07 INFO Casbin enforcer initialized successfully
2026/05/01 19:28:07 INFO Swagger documentation disabled
{"timestamp":"2026-05-01T11:28:07.325124Z","level":"DEBUG","message":"request started","fields":{"method":"POST","path":"/api/v1/auth/register","remote_addr":"192.0.2.1","request_id":"532b3e6c-073a-4885-a622-1da645bce70a","trace_id":"11e6513d-08a3-4212-af59-7b877f2d6fea"}}
{"timestamp":"2026-05-01T11:28:07.3261434Z","level":"INFO","message":"registering user","fields":{"email":"test-1777634887325124000-janvcvcq@test.example.com","request_id":"532b3e6c-073a-4885-a622-1da645bce70a","trace_id":"11e6513d-08a3-4212-af59-7b877f2d6fea"}}
{"timestamp":"2026-05-01T11:28:07.5612173Z","level":"INFO","message":"user registered successfully","fields":{"email":"test-1777634887325124000-janvcvcq@test.example.com","request_id":"532b3e6c-073a-4885-a622-1da645bce70a","trace_id":"11e6513d-08a3-4212-af59-7b877f2d6fea","user_id":"ef95b6b0-27c0-4910-b609-8ffc5fa4a9e2"}}
{"timestamp":"2026-05-01T11:28:07.5612173Z","level":"INFO","message":"request completed","fields":{"duration":"236.0929ms","method":"POST","path":"/api/v1/auth/register","request_id":"532b3e6c-073a-4885-a622-1da645bce70a","response_size":212,"status":201,"trace_id":"11e6513d-08a3-4212-af59-7b877f2d6fea"}}
=== RUN   TestAuthFlow_PasswordReset/request_password_reset_-_returns_success_even_if_email_not_found_(security)
{"timestamp":"2026-05-01T11:28:07.5624454Z","level":"DEBUG","message":"request started","fields":{"method":"POST","path":"/api/v1/auth/password-reset","remote_addr":"192.0.2.1","request_id":"22b53e66-ffe2-47c5-8559-a18bd0f435b1","trace_id":"759be1b0-390d-409f-b020-2707144c6f56"}}
{"timestamp":"2026-05-01T11:28:07.5624454Z","level":"INFO","message":"password reset requested","fields":{"email":"test-1777634887325124000-janvcvcq@test.example.com","request_id":"22b53e66-ffe2-47c5-8559-a18bd0f435b1","trace_id":"759be1b0-390d-409f-b020-2707144c6f56"}}
{"timestamp":"2026-05-01T11:28:07.6025484Z","level":"INFO","message":"request completed","fields":{"duration":"40.1029ms","method":"POST","path":"/api/v1/auth/password-reset","request_id":"22b53e66-ffe2-47c5-8559-a18bd0f435b1","response_size":191,"status":200,"trace_id":"759be1b0-390d-409f-b020-2707144c6f56"}}
=== RUN   TestAuthFlow_PasswordReset/confirm_password_reset_with_invalid_token_returns_401
{"timestamp":"2026-05-01T11:28:07.6025484Z","level":"DEBUG","message":"request started","fields":{"method":"POST","path":"/api/v1/auth/password-reset/confirm","remote_addr":"192.0.2.1","request_id":"dcb1b68d-32a5-425f-9033-d1467cbc7451","trace_id":"f5a9c3bb-9575-4253-9f96-b11d8e267ec1"}}
{"timestamp":"2026-05-01T11:28:07.6030528Z","level":"INFO","message":"password reset attempt","fields":{"request_id":"dcb1b68d-32a5-425f-9033-d1467cbc7451","trace_id":"f5a9c3bb-9575-4253-9f96-b11d8e267ec1"}}
{"timestamp":"2026-05-01T11:28:07.6047415Z","level":"WARN","message":"password reset failed","fields":{"error":"Invalid or expired password reset token","error_code":"INVALID_RESET_TOKEN","request_id":"dcb1b68d-32a5-425f-9033-d1467cbc7451","trace_id":"f5a9c3bb-9575-4253-9f96-b11d8e267ec1"}}
{"timestamp":"2026-05-01T11:28:07.6047415Z","level":"WARN","message":"request completed with client error","fields":{"duration":"2.1931ms","method":"POST","path":"/api/v1/auth/password-reset/confirm","request_id":"dcb1b68d-32a5-425f-9033-d1467cbc7451","response_size":189,"status":400,"trace_id":"f5a9c3bb-9575-4253-9f96-b11d8e267ec1"}}
--- PASS: TestAuthFlow_PasswordReset (7.13s)
    --- PASS: TestAuthFlow_PasswordReset/request_password_reset_-_returns_success_even_if_email_not_found_(security) (0.04s)
    --- PASS: TestAuthFlow_PasswordReset/confirm_password_reset_with_invalid_token_returns_401 (0.00s)
=== RUN   TestAuthHandler_Register
    testsuite.go:235: Migrations already run, skipping
2026/05/01 19:28:13 INFO Casbin enforcer initialized successfully
2026/05/01 19:28:13 INFO Swagger documentation disabled
=== RUN   TestAuthHandler_Register/happy_path_-_creates_user_and_returns_201
{"timestamp":"2026-05-01T11:28:13.5323618Z","level":"DEBUG","message":"request started","fields":{"method":"POST","path":"/api/v1/auth/register","remote_addr":"192.0.2.1","request_id":"0f9e4f6c-5411-4ea7-b27e-488a1b3f0783","trace_id":"b325cfb3-2912-41cb-99f9-9ee5e6f64c2c"}}
{"timestamp":"2026-05-01T11:28:13.5329017Z","level":"INFO","message":"registering user","fields":{"email":"test-1777634893532361800-e0gz4exy@test.example.com","request_id":"0f9e4f6c-5411-4ea7-b27e-488a1b3f0783","trace_id":"b325cfb3-2912-41cb-99f9-9ee5e6f64c2c"}}
{"timestamp":"2026-05-01T11:28:13.763523Z","level":"INFO","message":"user registered successfully","fields":{"email":"test-1777634893532361800-e0gz4exy@test.example.com","request_id":"0f9e4f6c-5411-4ea7-b27e-488a1b3f0783","trace_id":"b325cfb3-2912-41cb-99f9-9ee5e6f64c2c","user_id":"6625757c-b873-4df7-a024-534d630cd669"}}
{"timestamp":"2026-05-01T11:28:13.763523Z","level":"INFO","message":"request completed","fields":{"duration":"231.1609ms","method":"POST","path":"/api/v1/auth/register","request_id":"0f9e4f6c-5411-4ea7-b27e-488a1b3f0783","response_size":212,"status":201,"trace_id":"b325cfb3-2912-41cb-99f9-9ee5e6f64c2c"}}
=== RUN   TestAuthHandler_Register/validation_-_missing_email_returns_400
{"timestamp":"2026-05-01T11:28:13.763523Z","level":"DEBUG","message":"request started","fields":{"method":"POST","path":"/api/v1/auth/register","remote_addr":"192.0.2.1","request_id":"d0131fb0-2e0b-410b-8113-b6e248aca3c7","trace_id":"ac1826de-be91-4ea3-a5be-b74a0f42dc99"}}
{"timestamp":"2026-05-01T11:28:13.7644468Z","level":"WARN","message":"validation failed","fields":{"email":"","error":"Key: 'RegisterRequest.Email' Error:Field validation for 'Email' failed on the 'required' tag","request_id":"d0131fb0-2e0b-410b-8113-b6e248aca3c7","trace_id":"ac1826de-be91-4ea3-a5be-b74a0f42dc99"}}
{"timestamp":"2026-05-01T11:28:13.7644468Z","level":"WARN","message":"request completed with client error","fields":{"duration":"923.8┬╡s","method":"POST","path":"/api/v1/auth/register","request_id":"d0131fb0-2e0b-410b-8113-b6e248aca3c7","response_size":269,"status":400,"trace_id":"ac1826de-be91-4ea3-a5be-b74a0f42dc99"}}
=== RUN   TestAuthHandler_Register/validation_-_missing_password_returns_400
{"timestamp":"2026-05-01T11:28:13.7644468Z","level":"DEBUG","message":"request started","fields":{"method":"POST","path":"/api/v1/auth/register","remote_addr":"192.0.2.1","request_id":"d2303e64-cb35-4130-bedc-36dc379169a6","trace_id":"0189566c-4259-432b-a6ca-be23e5b379a5"}}
{"timestamp":"2026-05-01T11:28:13.7648824Z","level":"WARN","message":"validation failed","fields":{"email":"test@example.com","error":"Key: 'RegisterRequest.Password' Error:Field validation for 'Password' failed on the 'required' tag","request_id":"d2303e64-cb35-4130-bedc-36dc379169a6","trace_id":"0189566c-4259-432b-a6ca-be23e5b379a5"}}
{"timestamp":"2026-05-01T11:28:13.7648824Z","level":"WARN","message":"request completed with client error","fields":{"duration":"435.5┬╡s","method":"POST","path":"/api/v1/auth/register","request_id":"d2303e64-cb35-4130-bedc-36dc379169a6","response_size":275,"status":400,"trace_id":"0189566c-4259-432b-a6ca-be23e5b379a5"}}
=== RUN   TestAuthHandler_Register/validation_-_invalid_email_format_returns_400
{"timestamp":"2026-05-01T11:28:13.7648824Z","level":"DEBUG","message":"request started","fields":{"method":"POST","path":"/api/v1/auth/register","remote_addr":"192.0.2.1","request_id":"eef4a9d2-de08-401f-a924-19fa1eeb042d","trace_id":"94670216-b5cb-4200-bd09-0b0976c65b55"}}
{"timestamp":"2026-05-01T11:28:13.7653871Z","level":"WARN","message":"validation failed","fields":{"email":"not-an-email","error":"Key: 'RegisterRequest.Email' Error:Field validation for 'Email' failed on the 'email' tag","request_id":"eef4a9d2-de08-401f-a924-19fa1eeb042d","trace_id":"94670216-b5cb-4200-bd09-0b0976c65b55"}}
{"timestamp":"2026-05-01T11:28:13.7653871Z","level":"WARN","message":"request completed with client error","fields":{"duration":"504.7┬╡s","method":"POST","path":"/api/v1/auth/register","request_id":"eef4a9d2-de08-401f-a924-19fa1eeb042d","response_size":266,"status":400,"trace_id":"94670216-b5cb-4200-bd09-0b0976c65b55"}}
=== RUN   TestAuthHandler_Register/validation_-_weak_password_returns_400
{"timestamp":"2026-05-01T11:28:13.7653871Z","level":"DEBUG","message":"request started","fields":{"method":"POST","path":"/api/v1/auth/register","remote_addr":"192.0.2.1","request_id":"dc64e9e9-2bdd-4a87-a322-47b0983eec4b","trace_id":"57205ed8-b740-4f13-87ba-f0da56c3a8d0"}}
{"timestamp":"2026-05-01T11:28:13.7653871Z","level":"WARN","message":"validation failed","fields":{"email":"test@example.com","error":"Key: 'RegisterRequest.Password' Error:Field validation for 'Password' failed on the 'min' tag","request_id":"dc64e9e9-2bdd-4a87-a322-47b0983eec4b","trace_id":"57205ed8-b740-4f13-87ba-f0da56c3a8d0"}}
{"timestamp":"2026-05-01T11:28:13.7653871Z","level":"WARN","message":"request completed with client error","fields":{"duration":"0s","method":"POST","path":"/api/v1/auth/register","request_id":"dc64e9e9-2bdd-4a87-a322-47b0983eec4b","response_size":270,"status":400,"trace_id":"57205ed8-b740-4f13-87ba-f0da56c3a8d0"}}
=== RUN   TestAuthHandler_Register/duplicate_email_returns_409
{"timestamp":"2026-05-01T11:28:13.7653871Z","level":"DEBUG","message":"request started","fields":{"method":"POST","path":"/api/v1/auth/register","remote_addr":"192.0.2.1","request_id":"6e9a033f-6072-47e9-b74f-1992ada1ca0d","trace_id":"12bc5bf1-9db5-4153-a00e-7d18ea752bdf"}}
{"timestamp":"2026-05-01T11:28:13.7659046Z","level":"INFO","message":"registering user","fields":{"email":"test-1777634893765387100-szmk9pn9@test.example.com","request_id":"6e9a033f-6072-47e9-b74f-1992ada1ca0d","trace_id":"12bc5bf1-9db5-4153-a00e-7d18ea752bdf"}}
{"timestamp":"2026-05-01T11:28:13.9554955Z","level":"INFO","message":"user registered successfully","fields":{"email":"test-1777634893765387100-szmk9pn9@test.example.com","request_id":"6e9a033f-6072-47e9-b74f-1992ada1ca0d","trace_id":"12bc5bf1-9db5-4153-a00e-7d18ea752bdf","user_id":"13a4af78-2258-486c-a032-5eb781be5289"}}
{"timestamp":"2026-05-01T11:28:13.9554955Z","level":"INFO","message":"request completed","fields":{"duration":"190.1081ms","method":"POST","path":"/api/v1/auth/register","request_id":"6e9a033f-6072-47e9-b74f-1992ada1ca0d","response_size":212,"status":201,"trace_id":"12bc5bf1-9db5-4153-a00e-7d18ea752bdf"}}
{"timestamp":"2026-05-01T11:28:13.9564272Z","level":"DEBUG","message":"request started","fields":{"method":"POST","path":"/api/v1/auth/register","remote_addr":"192.0.2.1","request_id":"0f34f3a2-550c-43d7-97a7-0fb92c5ce9aa","trace_id":"138c1f14-8990-40c4-a7db-4590e2a58361"}}
{"timestamp":"2026-05-01T11:28:13.9569305Z","level":"INFO","message":"registering user","fields":{"email":"test-1777634893765387100-szmk9pn9@test.example.com","request_id":"0f34f3a2-550c-43d7-97a7-0fb92c5ce9aa","trace_id":"138c1f14-8990-40c4-a7db-4590e2a58361"}}
{"timestamp":"2026-05-01T11:28:13.9961628Z","level":"ERROR","message":"user registration failed","fields":{"email":"test-1777634893765387100-szmk9pn9@test.example.com","error":"Email already registered","error_code":"EMAIL_EXISTS","request_id":"0f34f3a2-550c-43d7-97a7-0fb92c5ce9aa","trace_id":"138c1f14-8990-40c4-a7db-4590e2a58361"}}
{"timestamp":"2026-05-01T11:28:13.9961628Z","level":"WARN","message":"request completed with client error","fields":{"duration":"39.7356ms","method":"POST","path":"/api/v1/auth/register","request_id":"0f34f3a2-550c-43d7-97a7-0fb92c5ce9aa","response_size":167,"status":409,"trace_id":"138c1f14-8990-40c4-a7db-4590e2a58361"}}
=== RUN   TestAuthHandler_Register/public_route_-_no_JWT_required
{"timestamp":"2026-05-01T11:28:13.9961628Z","level":"DEBUG","message":"request started","fields":{"method":"POST","path":"/api/v1/auth/register","remote_addr":"192.0.2.1","request_id":"a2b63443-c862-4a24-acdb-d96d77126434","trace_id":"adcd007a-2e8e-4659-9b0f-5346332cd3bd"}}
{"timestamp":"2026-05-01T11:28:13.9966946Z","level":"INFO","message":"registering user","fields":{"email":"test-1777634893996162800-qevrladn@test.example.com","request_id":"a2b63443-c862-4a24-acdb-d96d77126434","trace_id":"adcd007a-2e8e-4659-9b0f-5346332cd3bd"}}
{"timestamp":"2026-05-01T11:28:14.195356Z","level":"INFO","message":"user registered successfully","fields":{"email":"test-1777634893996162800-qevrladn@test.example.com","request_id":"a2b63443-c862-4a24-acdb-d96d77126434","trace_id":"adcd007a-2e8e-4659-9b0f-5346332cd3bd","user_id":"0e621dee-dd17-44a7-a778-4811e10072ce"}}
{"timestamp":"2026-05-01T11:28:14.195356Z","level":"INFO","message":"request completed","fields":{"duration":"199.1928ms","method":"POST","path":"/api/v1/auth/register","request_id":"a2b63443-c862-4a24-acdb-d96d77126434","response_size":212,"status":201,"trace_id":"adcd007a-2e8e-4659-9b0f-5346332cd3bd"}}
--- PASS: TestAuthHandler_Register (6.59s)
    --- PASS: TestAuthHandler_Register/happy_path_-_creates_user_and_returns_201 (0.23s)
    --- PASS: TestAuthHandler_Register/validation_-_missing_email_returns_400 (0.00s)
    --- PASS: TestAuthHandler_Register/validation_-_missing_password_returns_400 (0.00s)
    --- PASS: TestAuthHandler_Register/validation_-_invalid_email_format_returns_400 (0.00s)
    --- PASS: TestAuthHandler_Register/validation_-_weak_password_returns_400 (0.00s)
    --- PASS: TestAuthHandler_Register/duplicate_email_returns_409 (0.23s)
    --- PASS: TestAuthHandler_Register/public_route_-_no_JWT_required (0.20s)
=== RUN   TestAuthHandler_Login
    testsuite.go:235: Migrations already run, skipping
2026/05/01 19:28:15 INFO Casbin enforcer initialized successfully
2026/05/01 19:28:15 INFO Swagger documentation disabled
{"timestamp":"2026-05-01T11:28:15.0061672Z","level":"DEBUG","message":"request started","fields":{"method":"POST","path":"/api/v1/auth/register","remote_addr":"192.0.2.1","request_id":"24c73fc1-7100-422c-aa74-dda931ebcf19","trace_id":"f1a42629-682a-4a31-ad28-5898bd0f32b3"}}
{"timestamp":"2026-05-01T11:28:15.0061672Z","level":"INFO","message":"registering user","fields":{"email":"test-1777634895006167200-tyzg9hfj@test.example.com","request_id":"24c73fc1-7100-422c-aa74-dda931ebcf19","trace_id":"f1a42629-682a-4a31-ad28-5898bd0f32b3"}}
{"timestamp":"2026-05-01T11:28:15.20318Z","level":"INFO","message":"user registered successfully","fields":{"email":"test-1777634895006167200-tyzg9hfj@test.example.com","request_id":"24c73fc1-7100-422c-aa74-dda931ebcf19","trace_id":"f1a42629-682a-4a31-ad28-5898bd0f32b3","user_id":"5d9e52e4-60e3-4d45-87ee-245f90b5525d"}}
{"timestamp":"2026-05-01T11:28:15.20318Z","level":"INFO","message":"request completed","fields":{"duration":"197.0125ms","method":"POST","path":"/api/v1/auth/register","request_id":"24c73fc1-7100-422c-aa74-dda931ebcf19","response_size":212,"status":201,"trace_id":"f1a42629-682a-4a31-ad28-5898bd0f32b3"}}
=== RUN   TestAuthHandler_Login/happy_path_-_valid_credentials_return_tokens
{"timestamp":"2026-05-01T11:28:15.20318Z","level":"DEBUG","message":"request started","fields":{"method":"POST","path":"/api/v1/auth/login","remote_addr":"192.0.2.1","request_id":"2b0700cb-6d91-4910-811a-26f17c2fe5b0","trace_id":"e9e8ea94-40a1-4355-99b3-3ca92dc27def"}}
{"timestamp":"2026-05-01T11:28:15.2036229Z","level":"INFO","message":"user login attempt","fields":{"email":"test-1777634895006167200-tyzg9hfj@test.example.com","request_id":"2b0700cb-6d91-4910-811a-26f17c2fe5b0","trace_id":"e9e8ea94-40a1-4355-99b3-3ca92dc27def"}}
{"timestamp":"2026-05-01T11:28:15.4314225Z","level":"INFO","message":"user logged in successfully","fields":{"email":"test-1777634895006167200-tyzg9hfj@test.example.com","request_id":"2b0700cb-6d91-4910-811a-26f17c2fe5b0","trace_id":"e9e8ea94-40a1-4355-99b3-3ca92dc27def","user_id":"5d9e52e4-60e3-4d45-87ee-245f90b5525d"}}
{"timestamp":"2026-05-01T11:28:15.4314225Z","level":"INFO","message":"request completed","fields":{"duration":"228.2421ms","method":"POST","path":"/api/v1/auth/login","request_id":"2b0700cb-6d91-4910-811a-26f17c2fe5b0","response_size":753,"status":200,"trace_id":"e9e8ea94-40a1-4355-99b3-3ca92dc27def"}}
=== RUN   TestAuthHandler_Login/invalid_credentials_returns_401
{"timestamp":"2026-05-01T11:28:15.4319613Z","level":"DEBUG","message":"request started","fields":{"method":"POST","path":"/api/v1/auth/login","remote_addr":"192.0.2.1","request_id":"2264b11a-ab2a-4dbf-8ae5-e379869036a8","trace_id":"9f670b64-21ec-463f-bcb1-49ea83978074"}}
{"timestamp":"2026-05-01T11:28:15.4319613Z","level":"INFO","message":"user login attempt","fields":{"email":"test-1777634895006167200-tyzg9hfj@test.example.com","request_id":"2264b11a-ab2a-4dbf-8ae5-e379869036a8","trace_id":"9f670b64-21ec-463f-bcb1-49ea83978074"}}
{"timestamp":"2026-05-01T11:28:15.6268042Z","level":"WARN","message":"authentication failed","fields":{"email":"test-1777634895006167200-tyzg9hfj@test.example.com","error":"Invalid email or password","error_code":"INVALID_CREDENTIALS","request_id":"2264b11a-ab2a-4dbf-8ae5-e379869036a8","trace_id":"9f670b64-21ec-463f-bcb1-49ea83978074"}}
{"timestamp":"2026-05-01T11:28:15.6268042Z","level":"WARN","message":"request completed with client error","fields":{"duration":"194.8426ms","method":"POST","path":"/api/v1/auth/login","request_id":"2264b11a-ab2a-4dbf-8ae5-e379869036a8","response_size":175,"status":401,"trace_id":"9f670b64-21ec-463f-bcb1-49ea83978074"}}
=== RUN   TestAuthHandler_Login/non-existent_user_returns_401
{"timestamp":"2026-05-01T11:28:15.6268042Z","level":"DEBUG","message":"request started","fields":{"method":"POST","path":"/api/v1/auth/login","remote_addr":"192.0.2.1","request_id":"08b74f47-cc13-4724-8e46-6376707ea5bd","trace_id":"14e283ac-3b0d-4d10-bc28-135ba283a3f3"}}
{"timestamp":"2026-05-01T11:28:15.6268042Z","level":"INFO","message":"user login attempt","fields":{"email":"nonexistent@example.com","request_id":"08b74f47-cc13-4724-8e46-6376707ea5bd","trace_id":"14e283ac-3b0d-4d10-bc28-135ba283a3f3"}}
{"timestamp":"2026-05-01T11:28:15.6273072Z","level":"WARN","message":"authentication failed","fields":{"email":"nonexistent@example.com","error":"Invalid email or password","error_code":"INVALID_CREDENTIALS","request_id":"08b74f47-cc13-4724-8e46-6376707ea5bd","trace_id":"14e283ac-3b0d-4d10-bc28-135ba283a3f3"}}
{"timestamp":"2026-05-01T11:28:15.6273072Z","level":"WARN","message":"request completed with client error","fields":{"duration":"503┬╡s","method":"POST","path":"/api/v1/auth/login","request_id":"08b74f47-cc13-4724-8e46-6376707ea5bd","response_size":175,"status":401,"trace_id":"14e283ac-3b0d-4d10-bc28-135ba283a3f3"}}
=== RUN   TestAuthHandler_Login/public_route_-_no_JWT_required
{"timestamp":"2026-05-01T11:28:15.6273072Z","level":"DEBUG","message":"request started","fields":{"method":"POST","path":"/api/v1/auth/login","remote_addr":"192.0.2.1","request_id":"33064b76-e43c-4ee8-a7dc-f40c57c3d529","trace_id":"03f3aebb-056f-4ea3-b8b4-988ff6a909a2"}}
{"timestamp":"2026-05-01T11:28:15.6273072Z","level":"INFO","message":"user login attempt","fields":{"email":"test-1777634895006167200-tyzg9hfj@test.example.com","request_id":"33064b76-e43c-4ee8-a7dc-f40c57c3d529","trace_id":"03f3aebb-056f-4ea3-b8b4-988ff6a909a2"}}
{"timestamp":"2026-05-01T11:28:15.8173131Z","level":"INFO","message":"user logged in successfully","fields":{"email":"test-1777634895006167200-tyzg9hfj@test.example.com","request_id":"33064b76-e43c-4ee8-a7dc-f40c57c3d529","trace_id":"03f3aebb-056f-4ea3-b8b4-988ff6a909a2","user_id":"5d9e52e4-60e3-4d45-87ee-245f90b5525d"}}
{"timestamp":"2026-05-01T11:28:15.8173131Z","level":"INFO","message":"request completed","fields":{"duration":"190.0056ms","method":"POST","path":"/api/v1/auth/login","request_id":"33064b76-e43c-4ee8-a7dc-f40c57c3d529","response_size":753,"status":200,"trace_id":"03f3aebb-056f-4ea3-b8b4-988ff6a909a2"}}
--- PASS: TestAuthHandler_Login (1.62s)
    --- PASS: TestAuthHandler_Login/happy_path_-_valid_credentials_return_tokens (0.23s)
    --- PASS: TestAuthHandler_Login/invalid_credentials_returns_401 (0.19s)
    --- PASS: TestAuthHandler_Login/non-existent_user_returns_401 (0.00s)
    --- PASS: TestAuthHandler_Login/public_route_-_no_JWT_required (0.19s)
=== RUN   TestAuthHandler_Refresh
    testsuite.go:235: Migrations already run, skipping
2026/05/01 19:28:22 INFO Casbin enforcer initialized successfully
2026/05/01 19:28:22 INFO Swagger documentation disabled
{"timestamp":"2026-05-01T11:28:22.1888195Z","level":"DEBUG","message":"request started","fields":{"method":"POST","path":"/api/v1/auth/register","remote_addr":"192.0.2.1","request_id":"69068531-9bbd-423e-a34d-2b84a587194e","trace_id":"3cdd700a-1602-4d6d-8f3a-aebb23b05dda"}}
{"timestamp":"2026-05-01T11:28:22.1893325Z","level":"INFO","message":"registering user","fields":{"email":"test-1777634902188819500-b9ffuat2@test.example.com","request_id":"69068531-9bbd-423e-a34d-2b84a587194e","trace_id":"3cdd700a-1602-4d6d-8f3a-aebb23b05dda"}}
{"timestamp":"2026-05-01T11:28:22.4355216Z","level":"INFO","message":"user registered successfully","fields":{"email":"test-1777634902188819500-b9ffuat2@test.example.com","request_id":"69068531-9bbd-423e-a34d-2b84a587194e","trace_id":"3cdd700a-1602-4d6d-8f3a-aebb23b05dda","user_id":"83d2ffc5-7f36-4e34-ba15-8a08f2ff04b0"}}
{"timestamp":"2026-05-01T11:28:22.4355216Z","level":"INFO","message":"request completed","fields":{"duration":"246.7017ms","method":"POST","path":"/api/v1/auth/register","request_id":"69068531-9bbd-423e-a34d-2b84a587194e","response_size":212,"status":201,"trace_id":"3cdd700a-1602-4d6d-8f3a-aebb23b05dda"}}
{"timestamp":"2026-05-01T11:28:22.4355216Z","level":"DEBUG","message":"request started","fields":{"method":"POST","path":"/api/v1/auth/login","remote_addr":"192.0.2.1","request_id":"82c216e2-46cc-45e0-8328-af9b1cea9e22","trace_id":"9761ca51-eb7e-4ff3-b3fe-1fdd49dcc5e8"}}
{"timestamp":"2026-05-01T11:28:22.4361908Z","level":"INFO","message":"user login attempt","fields":{"email":"test-1777634902188819500-b9ffuat2@test.example.com","request_id":"82c216e2-46cc-45e0-8328-af9b1cea9e22","trace_id":"9761ca51-eb7e-4ff3-b3fe-1fdd49dcc5e8"}}
{"timestamp":"2026-05-01T11:28:22.7061656Z","level":"INFO","message":"user logged in successfully","fields":{"email":"test-1777634902188819500-b9ffuat2@test.example.com","request_id":"82c216e2-46cc-45e0-8328-af9b1cea9e22","trace_id":"9761ca51-eb7e-4ff3-b3fe-1fdd49dcc5e8","user_id":"83d2ffc5-7f36-4e34-ba15-8a08f2ff04b0"}}
{"timestamp":"2026-05-01T11:28:22.7061656Z","level":"INFO","message":"request completed","fields":{"duration":"270.6435ms","method":"POST","path":"/api/v1/auth/login","request_id":"82c216e2-46cc-45e0-8328-af9b1cea9e22","response_size":753,"status":200,"trace_id":"9761ca51-eb7e-4ff3-b3fe-1fdd49dcc5e8"}}
{"timestamp":"2026-05-01T11:28:22.7061656Z","level":"DEBUG","message":"request started","fields":{"method":"POST","path":"/api/v1/auth/login","remote_addr":"192.0.2.1","request_id":"9c7f8ac4-15cb-4994-b9e8-030a0c0a87cd","trace_id":"5733e6f1-1423-426c-b23b-4564075664c2"}}
{"timestamp":"2026-05-01T11:28:22.7066726Z","level":"INFO","message":"user login attempt","fields":{"email":"test-1777634902188819500-b9ffuat2@test.example.com","request_id":"9c7f8ac4-15cb-4994-b9e8-030a0c0a87cd","trace_id":"5733e6f1-1423-426c-b23b-4564075664c2"}}
{"timestamp":"2026-05-01T11:28:22.9028671Z","level":"INFO","message":"user logged in successfully","fields":{"email":"test-1777634902188819500-b9ffuat2@test.example.com","request_id":"9c7f8ac4-15cb-4994-b9e8-030a0c0a87cd","trace_id":"5733e6f1-1423-426c-b23b-4564075664c2","user_id":"83d2ffc5-7f36-4e34-ba15-8a08f2ff04b0"}}
{"timestamp":"2026-05-01T11:28:22.9028671Z","level":"INFO","message":"request completed","fields":{"duration":"196.7012ms","method":"POST","path":"/api/v1/auth/login","request_id":"9c7f8ac4-15cb-4994-b9e8-030a0c0a87cd","response_size":753,"status":200,"trace_id":"5733e6f1-1423-426c-b23b-4564075664c2"}}
=== RUN   TestAuthHandler_Refresh/happy_path_-_valid_refresh_token_returns_new_tokens
{"timestamp":"2026-05-01T11:28:22.9028671Z","level":"DEBUG","message":"request started","fields":{"method":"POST","path":"/api/v1/auth/refresh","remote_addr":"192.0.2.1","request_id":"b4f4bf60-942c-4906-996d-8338f17b59a0","trace_id":"45e29f0f-97a3-4f21-b43a-7892f20bdb8a"}}
{"timestamp":"2026-05-01T11:28:22.9035628Z","level":"INFO","message":"token refresh attempt","fields":{"request_id":"b4f4bf60-942c-4906-996d-8338f17b59a0","trace_id":"45e29f0f-97a3-4f21-b43a-7892f20bdb8a"}}
{"timestamp":"2026-05-01T11:28:22.9060205Z","level":"INFO","message":"token refreshed successfully","fields":{"request_id":"b4f4bf60-942c-4906-996d-8338f17b59a0","trace_id":"45e29f0f-97a3-4f21-b43a-7892f20bdb8a","user_id":"83d2ffc5-7f36-4e34-ba15-8a08f2ff04b0"}}
{"timestamp":"2026-05-01T11:28:22.9060205Z","level":"INFO","message":"request completed","fields":{"duration":"3.1534ms","method":"POST","path":"/api/v1/auth/refresh","request_id":"b4f4bf60-942c-4906-996d-8338f17b59a0","response_size":639,"status":200,"trace_id":"45e29f0f-97a3-4f21-b43a-7892f20bdb8a"}}
=== RUN   TestAuthHandler_Refresh/invalid_refresh_token_returns_401
{"timestamp":"2026-05-01T11:28:22.9060205Z","level":"DEBUG","message":"request started","fields":{"method":"POST","path":"/api/v1/auth/refresh","remote_addr":"192.0.2.1","request_id":"085fee16-f05b-4239-8bce-ad5e7cdbba75","trace_id":"de52569b-1c46-4259-8e8d-a1e814a837a2"}}
{"timestamp":"2026-05-01T11:28:22.9066879Z","level":"INFO","message":"token refresh attempt","fields":{"request_id":"085fee16-f05b-4239-8bce-ad5e7cdbba75","trace_id":"de52569b-1c46-4259-8e8d-a1e814a837a2"}}
{"timestamp":"2026-05-01T11:28:22.9066879Z","level":"WARN","message":"token refresh failed","fields":{"error":"Invalid refresh token","error_code":"INVALID_REFRESH_TOKEN","request_id":"085fee16-f05b-4239-8bce-ad5e7cdbba75","trace_id":"de52569b-1c46-4259-8e8d-a1e814a837a2"}}
{"timestamp":"2026-05-01T11:28:22.9066879Z","level":"WARN","message":"request completed with client error","fields":{"duration":"667.4┬╡s","method":"POST","path":"/api/v1/auth/refresh","request_id":"085fee16-f05b-4239-8bce-ad5e7cdbba75","response_size":173,"status":401,"trace_id":"de52569b-1c46-4259-8e8d-a1e814a837a2"}}
=== RUN   TestAuthHandler_Refresh/missing_refresh_token_returns_400
{"timestamp":"2026-05-01T11:28:22.9066879Z","level":"DEBUG","message":"request started","fields":{"method":"POST","path":"/api/v1/auth/refresh","remote_addr":"192.0.2.1","request_id":"c7f1d550-7f71-41ee-b5aa-7964bcf3a2af","trace_id":"99e80c3d-c3d4-4f7e-9ed3-013fccbef929"}}
{"timestamp":"2026-05-01T11:28:22.9066879Z","level":"WARN","message":"validation failed","fields":{"error":"Key: 'RefreshRequest.RefreshToken' Error:Field validation for 'RefreshToken' failed on the 'required' tag","request_id":"c7f1d550-7f71-41ee-b5aa-7964bcf3a2af","trace_id":"99e80c3d-c3d4-4f7e-9ed3-013fccbef929"}}
{"timestamp":"2026-05-01T11:28:22.9066879Z","level":"WARN","message":"request completed with client error","fields":{"duration":"0s","method":"POST","path":"/api/v1/auth/refresh","request_id":"c7f1d550-7f71-41ee-b5aa-7964bcf3a2af","response_size":282,"status":400,"trace_id":"99e80c3d-c3d4-4f7e-9ed3-013fccbef929"}}
=== RUN   TestAuthHandler_Refresh/public_route_-_no_JWT_required
{"timestamp":"2026-05-01T11:28:22.9066879Z","level":"DEBUG","message":"request started","fields":{"method":"POST","path":"/api/v1/auth/login","remote_addr":"192.0.2.1","request_id":"eb509acc-728a-43d9-8763-142584b93563","trace_id":"00df4120-b3b8-4936-890e-527391761cbc"}}
{"timestamp":"2026-05-01T11:28:22.9071998Z","level":"INFO","message":"user login attempt","fields":{"email":"test-1777634902188819500-b9ffuat2@test.example.com","request_id":"eb509acc-728a-43d9-8763-142584b93563","trace_id":"00df4120-b3b8-4936-890e-527391761cbc"}}
{"timestamp":"2026-05-01T11:28:23.0960543Z","level":"INFO","message":"user logged in successfully","fields":{"email":"test-1777634902188819500-b9ffuat2@test.example.com","request_id":"eb509acc-728a-43d9-8763-142584b93563","trace_id":"00df4120-b3b8-4936-890e-527391761cbc","user_id":"83d2ffc5-7f36-4e34-ba15-8a08f2ff04b0"}}
{"timestamp":"2026-05-01T11:28:23.0960543Z","level":"INFO","message":"request completed","fields":{"duration":"189.3661ms","method":"POST","path":"/api/v1/auth/login","request_id":"eb509acc-728a-43d9-8763-142584b93563","response_size":753,"status":200,"trace_id":"00df4120-b3b8-4936-890e-527391761cbc"}}
{"timestamp":"2026-05-01T11:28:23.0960543Z","level":"DEBUG","message":"request started","fields":{"method":"POST","path":"/api/v1/auth/refresh","remote_addr":"192.0.2.1","request_id":"11baf209-adda-467f-90e3-17a4043a1852","trace_id":"a3864699-71cf-47f1-92e5-1042d145c8bd"}}
{"timestamp":"2026-05-01T11:28:23.0976846Z","level":"INFO","message":"token refresh attempt","fields":{"request_id":"11baf209-adda-467f-90e3-17a4043a1852","trace_id":"a3864699-71cf-47f1-92e5-1042d145c8bd"}}
{"timestamp":"2026-05-01T11:28:23.0984915Z","level":"INFO","message":"token refreshed successfully","fields":{"request_id":"11baf209-adda-467f-90e3-17a4043a1852","trace_id":"a3864699-71cf-47f1-92e5-1042d145c8bd","user_id":"83d2ffc5-7f36-4e34-ba15-8a08f2ff04b0"}}
{"timestamp":"2026-05-01T11:28:23.0984915Z","level":"INFO","message":"request completed","fields":{"duration":"2.4372ms","method":"POST","path":"/api/v1/auth/refresh","request_id":"11baf209-adda-467f-90e3-17a4043a1852","response_size":639,"status":200,"trace_id":"a3864699-71cf-47f1-92e5-1042d145c8bd"}}
--- PASS: TestAuthHandler_Refresh (7.28s)
    --- PASS: TestAuthHandler_Refresh/happy_path_-_valid_refresh_token_returns_new_tokens (0.00s)
    --- PASS: TestAuthHandler_Refresh/invalid_refresh_token_returns_401 (0.00s)
    --- PASS: TestAuthHandler_Refresh/missing_refresh_token_returns_400 (0.00s)
    --- PASS: TestAuthHandler_Refresh/public_route_-_no_JWT_required (0.19s)
=== RUN   TestAuthHandler_Logout
    testsuite.go:235: Migrations already run, skipping
2026/05/01 19:28:28 INFO Casbin enforcer initialized successfully
2026/05/01 19:28:28 INFO Swagger documentation disabled
{"timestamp":"2026-05-01T11:28:28.5898852Z","level":"DEBUG","message":"request started","fields":{"method":"POST","path":"/api/v1/auth/register","remote_addr":"192.0.2.1","request_id":"86e85ddb-ba7c-4733-a49c-c0453ec0ebbb","trace_id":"7d0855fd-4424-44d9-8e5a-eaabb0719625"}}
{"timestamp":"2026-05-01T11:28:28.5904763Z","level":"INFO","message":"registering user","fields":{"email":"test-1777634908589885200-geivzhle@test.example.com","request_id":"86e85ddb-ba7c-4733-a49c-c0453ec0ebbb","trace_id":"7d0855fd-4424-44d9-8e5a-eaabb0719625"}}
{"timestamp":"2026-05-01T11:28:28.790621Z","level":"INFO","message":"user registered successfully","fields":{"email":"test-1777634908589885200-geivzhle@test.example.com","request_id":"86e85ddb-ba7c-4733-a49c-c0453ec0ebbb","trace_id":"7d0855fd-4424-44d9-8e5a-eaabb0719625","user_id":"8fc3de77-4e8d-4095-ba15-b1babe9ebcc4"}}
{"timestamp":"2026-05-01T11:28:28.790621Z","level":"INFO","message":"request completed","fields":{"duration":"200.7355ms","method":"POST","path":"/api/v1/auth/register","request_id":"86e85ddb-ba7c-4733-a49c-c0453ec0ebbb","response_size":212,"status":201,"trace_id":"7d0855fd-4424-44d9-8e5a-eaabb0719625"}}
{"timestamp":"2026-05-01T11:28:28.790621Z","level":"DEBUG","message":"request started","fields":{"method":"POST","path":"/api/v1/auth/login","remote_addr":"192.0.2.1","request_id":"f540d519-15cb-4203-90e8-760822dbab7d","trace_id":"b9220c36-3844-4860-9d0d-b0f7a6b14e04"}}
{"timestamp":"2026-05-01T11:28:28.7916049Z","level":"INFO","message":"user login attempt","fields":{"email":"test-1777634908589885200-geivzhle@test.example.com","request_id":"f540d519-15cb-4203-90e8-760822dbab7d","trace_id":"b9220c36-3844-4860-9d0d-b0f7a6b14e04"}}
{"timestamp":"2026-05-01T11:28:29.0315245Z","level":"INFO","message":"user logged in successfully","fields":{"email":"test-1777634908589885200-geivzhle@test.example.com","request_id":"f540d519-15cb-4203-90e8-760822dbab7d","trace_id":"b9220c36-3844-4860-9d0d-b0f7a6b14e04","user_id":"8fc3de77-4e8d-4095-ba15-b1babe9ebcc4"}}
{"timestamp":"2026-05-01T11:28:29.0325701Z","level":"INFO","message":"request completed","fields":{"duration":"241.9487ms","method":"POST","path":"/api/v1/auth/login","request_id":"f540d519-15cb-4203-90e8-760822dbab7d","response_size":753,"status":200,"trace_id":"b9220c36-3844-4860-9d0d-b0f7a6b14e04"}}
=== RUN   TestAuthHandler_Logout/happy_path_-_logout_with_valid_token_returns_200
{"timestamp":"2026-05-01T11:28:29.0325701Z","level":"DEBUG","message":"request started","fields":{"method":"POST","path":"/api/v1/auth/logout","remote_addr":"192.0.2.1","request_id":"2e67853f-f452-4aaa-9fda-1fc7dbe268ea","trace_id":"8586c595-ccf7-4d1a-915c-4bccde0520dc"}}
{"timestamp":"2026-05-01T11:28:29.0330742Z","level":"INFO","message":"user logout attempt","fields":{"request_id":"2e67853f-f452-4aaa-9fda-1fc7dbe268ea","trace_id":"8586c595-ccf7-4d1a-915c-4bccde0520dc","user_id":"8fc3de77-4e8d-4095-ba15-b1babe9ebcc4"}}
{"timestamp":"2026-05-01T11:28:29.0351412Z","level":"INFO","message":"user logged out successfully","fields":{"request_id":"2e67853f-f452-4aaa-9fda-1fc7dbe268ea","trace_id":"8586c595-ccf7-4d1a-915c-4bccde0520dc","user_id":"8fc3de77-4e8d-4095-ba15-b1babe9ebcc4"}}
{"timestamp":"2026-05-01T11:28:29.0351412Z","level":"INFO","message":"request completed","fields":{"duration":"2.5711ms","method":"POST","path":"/api/v1/auth/logout","request_id":"2e67853f-f452-4aaa-9fda-1fc7dbe268ea","response_size":143,"status":200,"trace_id":"8586c595-ccf7-4d1a-915c-4bccde0520dc"}}
=== RUN   TestAuthHandler_Logout/protected_route_-_no_token_returns_401
{"timestamp":"2026-05-01T11:28:29.0351412Z","level":"DEBUG","message":"request started","fields":{"method":"POST","path":"/api/v1/auth/logout","remote_addr":"192.0.2.1","request_id":"5116950d-4340-48f3-801a-e1bef1954453","trace_id":"a5d30a5c-d3d4-4b8c-8d59-1f6c2b73c4ef"}}
{"timestamp":"2026-05-01T11:28:29.0351412Z","level":"WARN","message":"request completed with client error","fields":{"duration":"0s","method":"POST","path":"/api/v1/auth/logout","request_id":"5116950d-4340-48f3-801a-e1bef1954453","response_size":0,"status":401,"trace_id":"a5d30a5c-d3d4-4b8c-8d59-1f6c2b73c4ef"}}
=== RUN   TestAuthHandler_Logout/protected_route_-_invalid_token_returns_401
{"timestamp":"2026-05-01T11:28:29.0351412Z","level":"DEBUG","message":"request started","fields":{"method":"POST","path":"/api/v1/auth/logout","remote_addr":"192.0.2.1","request_id":"883a30ed-a686-4af3-bb68-9e61fac574cd","trace_id":"66857efe-0ead-475c-85a8-6f7230c1da92"}}
{"timestamp":"2026-05-01T11:28:29.0351412Z","level":"WARN","message":"request completed with client error","fields":{"duration":"0s","method":"POST","path":"/api/v1/auth/logout","request_id":"883a30ed-a686-4af3-bb68-9e61fac574cd","response_size":0,"status":401,"trace_id":"66857efe-0ead-475c-85a8-6f7230c1da92"}}
--- PASS: TestAuthHandler_Logout (5.94s)
    --- PASS: TestAuthHandler_Logout/happy_path_-_logout_with_valid_token_returns_200 (0.00s)
    --- PASS: TestAuthHandler_Logout/protected_route_-_no_token_returns_401 (0.00s)
    --- PASS: TestAuthHandler_Logout/protected_route_-_invalid_token_returns_401 (0.00s)
=== RUN   TestAuthHandler_E2E
    testsuite.go:235: Migrations already run, skipping
2026/05/01 19:28:32 INFO Casbin enforcer initialized successfully
2026/05/01 19:28:32 INFO Swagger documentation disabled
=== RUN   TestAuthHandler_E2E/register_->_login_->_access_->_logout_->_access_revoked
{"timestamp":"2026-05-01T11:28:32.7775759Z","level":"DEBUG","message":"request started","fields":{"method":"POST","path":"/api/v1/auth/register","remote_addr":"192.0.2.1","request_id":"35ae7468-1499-4fd7-9e9c-d9696fb3d4b0","trace_id":"286c0caa-1b62-4a91-ac23-a1a17310a419"}}
{"timestamp":"2026-05-01T11:28:32.7775759Z","level":"INFO","message":"registering user","fields":{"email":"test-1777634912777575900-u6ho0wxb@test.example.com","request_id":"35ae7468-1499-4fd7-9e9c-d9696fb3d4b0","trace_id":"286c0caa-1b62-4a91-ac23-a1a17310a419"}}
{"timestamp":"2026-05-01T11:28:33.0212025Z","level":"INFO","message":"user registered successfully","fields":{"email":"test-1777634912777575900-u6ho0wxb@test.example.com","request_id":"35ae7468-1499-4fd7-9e9c-d9696fb3d4b0","trace_id":"286c0caa-1b62-4a91-ac23-a1a17310a419","user_id":"49487ce6-c290-4d5f-868d-a0339b08a883"}}
{"timestamp":"2026-05-01T11:28:33.0212025Z","level":"INFO","message":"request completed","fields":{"duration":"243.6262ms","method":"POST","path":"/api/v1/auth/register","request_id":"35ae7468-1499-4fd7-9e9c-d9696fb3d4b0","response_size":212,"status":201,"trace_id":"286c0caa-1b62-4a91-ac23-a1a17310a419"}}
{"timestamp":"2026-05-01T11:28:33.0212025Z","level":"DEBUG","message":"request started","fields":{"method":"POST","path":"/api/v1/auth/login","remote_addr":"192.0.2.1","request_id":"1c9797b4-67b7-47c1-be50-d4a7d2aebaf0","trace_id":"f2726d7f-9399-4a3a-a477-450279b0bc84"}}
{"timestamp":"2026-05-01T11:28:33.0219274Z","level":"INFO","message":"user login attempt","fields":{"email":"test-1777634912777575900-u6ho0wxb@test.example.com","request_id":"1c9797b4-67b7-47c1-be50-d4a7d2aebaf0","trace_id":"f2726d7f-9399-4a3a-a477-450279b0bc84"}}
{"timestamp":"2026-05-01T11:28:33.330382Z","level":"INFO","message":"user logged in successfully","fields":{"email":"test-1777634912777575900-u6ho0wxb@test.example.com","request_id":"1c9797b4-67b7-47c1-be50-d4a7d2aebaf0","trace_id":"f2726d7f-9399-4a3a-a477-450279b0bc84","user_id":"49487ce6-c290-4d5f-868d-a0339b08a883"}}
{"timestamp":"2026-05-01T11:28:33.3309026Z","level":"INFO","message":"request completed","fields":{"duration":"309.6996ms","method":"POST","path":"/api/v1/auth/login","request_id":"1c9797b4-67b7-47c1-be50-d4a7d2aebaf0","response_size":753,"status":200,"trace_id":"f2726d7f-9399-4a3a-a477-450279b0bc84"}}
{"timestamp":"2026-05-01T11:28:33.3309026Z","level":"DEBUG","message":"request started","fields":{"method":"GET","path":"/api/v1/me","remote_addr":"192.0.2.1","request_id":"6f81d2bc-c4f0-4fba-b87b-8486cbc960e5","trace_id":"c18bc02d-084a-4200-93e8-3801fac15357"}}
{"timestamp":"2026-05-01T11:28:33.331488Z","level":"INFO","message":"fetching current user","fields":{"request_id":"6f81d2bc-c4f0-4fba-b87b-8486cbc960e5","trace_id":"c18bc02d-084a-4200-93e8-3801fac15357","user_id":"49487ce6-c290-4d5f-868d-a0339b08a883"}}
{"timestamp":"2026-05-01T11:28:33.331488Z","level":"INFO","message":"request completed","fields":{"duration":"585.4┬╡s","method":"GET","path":"/api/v1/me","request_id":"6f81d2bc-c4f0-4fba-b87b-8486cbc960e5","response_size":294,"status":200,"trace_id":"c18bc02d-084a-4200-93e8-3801fac15357"}}
{"timestamp":"2026-05-01T11:28:33.331488Z","level":"DEBUG","message":"request started","fields":{"method":"POST","path":"/api/v1/auth/logout","remote_addr":"192.0.2.1","request_id":"1341f40f-229d-4c4f-9d92-9ec293f8dfad","trace_id":"8114d729-e8c9-4021-bf16-b6cceab42c0c"}}
{"timestamp":"2026-05-01T11:28:33.3321041Z","level":"INFO","message":"user logout attempt","fields":{"request_id":"1341f40f-229d-4c4f-9d92-9ec293f8dfad","trace_id":"8114d729-e8c9-4021-bf16-b6cceab42c0c","user_id":"49487ce6-c290-4d5f-868d-a0339b08a883"}}
{"timestamp":"2026-05-01T11:28:33.3353273Z","level":"INFO","message":"user logged out successfully","fields":{"request_id":"1341f40f-229d-4c4f-9d92-9ec293f8dfad","trace_id":"8114d729-e8c9-4021-bf16-b6cceab42c0c","user_id":"49487ce6-c290-4d5f-868d-a0339b08a883"}}
{"timestamp":"2026-05-01T11:28:33.3353273Z","level":"INFO","message":"request completed","fields":{"duration":"3.8393ms","method":"POST","path":"/api/v1/auth/logout","request_id":"1341f40f-229d-4c4f-9d92-9ec293f8dfad","response_size":143,"status":200,"trace_id":"8114d729-e8c9-4021-bf16-b6cceab42c0c"}}
{"timestamp":"2026-05-01T11:28:33.3353273Z","level":"DEBUG","message":"request started","fields":{"method":"GET","path":"/api/v1/me","remote_addr":"192.0.2.1","request_id":"db9eecb4-eb12-4929-ab0e-807d9ce54520","trace_id":"968323ad-d95e-4a39-923a-8f18407b900e"}}
{"timestamp":"2026-05-01T11:28:33.3358316Z","level":"INFO","message":"fetching current user","fields":{"request_id":"db9eecb4-eb12-4929-ab0e-807d9ce54520","trace_id":"968323ad-d95e-4a39-923a-8f18407b900e","user_id":"49487ce6-c290-4d5f-868d-a0339b08a883"}}
{"timestamp":"2026-05-01T11:28:33.3358316Z","level":"INFO","message":"request completed","fields":{"duration":"504.3┬╡s","method":"GET","path":"/api/v1/me","request_id":"db9eecb4-eb12-4929-ab0e-807d9ce54520","response_size":294,"status":200,"trace_id":"968323ad-d95e-4a39-923a-8f18407b900e"}}
--- PASS: TestAuthHandler_E2E (4.30s)
    --- PASS: TestAuthHandler_E2E/register_->_login_->_access_->_logout_->_access_revoked (0.56s)
=== RUN   TestAuthLogin
    testsuite.go:235: Migrations already run, skipping
=== RUN   TestAuthLogin/Login_with_valid_credentials_returns_tokens
=== RUN   TestAuthLogin/Login_with_invalid_email_returns_INVALID_CREDENTIALS_error
=== RUN   TestAuthLogin/Login_with_wrong_password_returns_INVALID_CREDENTIALS_error
=== RUN   TestAuthLogin/Access_token_is_valid_JWT_with_correct_claims
=== RUN   TestAuthLogin/Refresh_token_is_stored_in_database
=== RUN   TestAuthLogin/Multiple_logins_create_multiple_refresh_tokens
=== RUN   TestAuthLogin/Login_updates_user_last_activity
=== RUN   TestAuthLogin/User_ID_in_token_matches_registered_user
=== RUN   TestAuthLogin/Refresh_token_has_correct_expiry_duration
=== RUN   TestAuthLogin/Login_fails_validation_with_empty_email
=== RUN   TestAuthLogin/Login_fails_validation_with_empty_password
--- PASS: TestAuthLogin (26.41s)
    --- PASS: TestAuthLogin/Login_with_valid_credentials_returns_tokens (2.36s)
    --- PASS: TestAuthLogin/Login_with_invalid_email_returns_INVALID_CREDENTIALS_error (1.88s)
    --- PASS: TestAuthLogin/Login_with_wrong_password_returns_INVALID_CREDENTIALS_error (2.52s)
    --- PASS: TestAuthLogin/Access_token_is_valid_JWT_with_correct_claims (2.56s)
    --- PASS: TestAuthLogin/Refresh_token_is_stored_in_database (2.15s)
    --- PASS: TestAuthLogin/Multiple_logins_create_multiple_refresh_tokens (2.45s)
    --- PASS: TestAuthLogin/Login_updates_user_last_activity (2.09s)
    --- PASS: TestAuthLogin/User_ID_in_token_matches_registered_user (2.50s)
    --- PASS: TestAuthLogin/Refresh_token_has_correct_expiry_duration (2.39s)
    --- PASS: TestAuthLogin/Login_fails_validation_with_empty_email (1.95s)
    --- PASS: TestAuthLogin/Login_fails_validation_with_empty_password (1.98s)
=== RUN   TestAuthLogout_RevokesAllTokens
--- PASS: TestAuthLogout_RevokesAllTokens (2.58s)
=== RUN   TestAuthLogout_CanLoginAgain
--- PASS: TestAuthLogout_CanLoginAgain (2.41s)
=== RUN   TestAuthLogout_MultipleSessions
--- PASS: TestAuthLogout_MultipleSessions (2.50s)
=== RUN   TestAuthLogout_NoTokens
--- PASS: TestAuthLogout_NoTokens (2.03s)
=== RUN   TestAuthLogout_Idempotent
--- PASS: TestAuthLogout_Idempotent (2.23s)
=== RUN   TestAuthLogout_DifferentUsersIndependent
--- PASS: TestAuthLogout_DifferentUsersIndependent (2.64s)
=== RUN   TestAuthLogout_InvalidUserID
--- PASS: TestAuthLogout_InvalidUserID (1.92s)
=== RUN   TestAuthRefresh_ValidToken
--- PASS: TestAuthRefresh_ValidToken (2.38s)
=== RUN   TestAuthRefresh_OldTokenRevoked
--- PASS: TestAuthRefresh_OldTokenRevoked (2.09s)
=== RUN   TestAuthRefresh_InvalidToken
--- PASS: TestAuthRefresh_InvalidToken (1.91s)
=== RUN   TestAuthRefresh_ExpiredToken
--- PASS: TestAuthRefresh_ExpiredToken (2.20s)
=== RUN   TestAuthRefresh_RevokedToken
--- PASS: TestAuthRefresh_RevokedToken (2.25s)
=== RUN   TestAuthRefresh_MultipleRefreshTokens
--- PASS: TestAuthRefresh_MultipleRefreshTokens (2.25s)
=== RUN   TestAuthRefresh_NonExistentUser
--- PASS: TestAuthRefresh_NonExistentUser (2.19s)
=== RUN   TestAuthRegister
    testsuite.go:235: Migrations already run, skipping
=== RUN   TestAuthRegister/TestSuite_Setup_Works
=== RUN   TestAuthRegister/Register_with_valid_email_and_password_succeeds
=== RUN   TestAuthRegister/Register_with_duplicate_email_returns_EMAIL_EXISTS_error
=== RUN   TestAuthRegister/Register_with_invalid_email_returns_validation_error
=== RUN   TestAuthRegister/Register_with_weak_password_returns_validation_error
=== RUN   TestAuthRegister/Password_is_hashed_and_not_stored_in_plaintext
=== RUN   TestAuthRegister/User_can_be_found_after_registration
=== RUN   TestAuthRegister/Multiple_users_can_be_registered
=== RUN   TestAuthRegister/Email_is_case-insensitive_for_duplicate_check
--- PASS: TestAuthRegister (21.19s)
    --- PASS: TestAuthRegister/TestSuite_Setup_Works (1.90s)
    --- PASS: TestAuthRegister/Register_with_valid_email_and_password_succeeds (2.19s)
    --- PASS: TestAuthRegister/Register_with_duplicate_email_returns_EMAIL_EXISTS_error (1.96s)
    --- PASS: TestAuthRegister/Register_with_invalid_email_returns_validation_error (1.66s)
    --- PASS: TestAuthRegister/Register_with_weak_password_returns_validation_error (2.06s)
    --- PASS: TestAuthRegister/Password_is_hashed_and_not_stored_in_plaintext (2.55s)
    --- PASS: TestAuthRegister/User_can_be_found_after_registration (2.05s)
    --- PASS: TestAuthRegister/Multiple_users_can_be_registered (2.53s)
    --- PASS: TestAuthRegister/Email_is_case-insensitive_for_duplicate_check (2.44s)
=== RUN   TestCacheDriverIntegration
    cache_test.go:10: Integration test - requires Docker/Redis
--- SKIP: TestCacheDriverIntegration (0.00s)
=== RUN   TestRedisCacheIntegration
    cache_test.go:14: Integration test - requires Docker/Redis
--- SKIP: TestRedisCacheIntegration (0.00s)
=== RUN   TestMemoryCacheIntegration
    cache_test.go:18: Integration test - requires full system
--- SKIP: TestMemoryCacheIntegration (0.00s)
=== RUN   TestNoopCacheIntegration
    cache_test.go:22: Integration test - requires full system
--- SKIP: TestNoopCacheIntegration (0.00s)
=== RUN   TestPermissionCacheTTL
    cache_test.go:26: Integration test - requires Redis
--- SKIP: TestPermissionCacheTTL (0.00s)
=== RUN   TestPermissionCacheInvalidation
    cache_test.go:30: Integration test - requires Redis
--- SKIP: TestPermissionCacheInvalidation (0.00s)
=== RUN   TestFullConfigIntegration
    config_test.go:8: Integration test - requires full system with Docker
--- SKIP: TestFullConfigIntegration (0.00s)
=== RUN   TestBackwardCompatibility
    config_test.go:12: Integration test - requires full system with Docker
--- SKIP: TestBackwardCompatibility (0.00s)
=== RUN   TestConfigDefaults
    config_test.go:16: Integration test - requires full system
--- SKIP: TestConfigDefaults (0.00s)
=== RUN   TestImageUploadWithConfig
    conversion_test.go:10: Integration test - requires full system
--- SKIP: TestImageUploadWithConfig (0.00s)
=== RUN   TestEmailHandler
    testsuite.go:235: Migrations already run, skipping
=== RUN   TestEmailHandler/POST_/api/v1/emails_-_send_email_with_direct_content
2026/05/01 19:29:56 INFO Casbin enforcer initialized successfully
2026/05/01 19:29:56 INFO Swagger documentation disabled
{"timestamp":"2026-05-01T11:29:56.5373102Z","level":"DEBUG","message":"request started","fields":{"method":"POST","path":"/api/v1/emails","remote_addr":"192.0.2.1","request_id":"ce66d293-2b37-414b-a988-1e29af9e8368","trace_id":"91d74e58-c685-4881-9c30-3a1b08c344e4"}}
{"timestamp":"2026-05-01T11:29:56.5399855Z","level":"INFO","message":"request completed","fields":{"duration":"2.6753ms","method":"POST","path":"/api/v1/emails","request_id":"ce66d293-2b37-414b-a988-1e29af9e8368","response_size":145,"status":202,"trace_id":"91d74e58-c685-4881-9c30-3a1b08c344e4"}}
=== RUN   TestEmailHandler/GET_/api/v1/emails/:id_-_get_email_status
2026/05/01 19:29:58 INFO Casbin enforcer initialized successfully
2026/05/01 19:29:58 INFO Swagger documentation disabled
{"timestamp":"2026-05-01T11:29:58.7562225Z","level":"DEBUG","message":"request started","fields":{"method":"GET","path":"/api/v1/emails/00000000-0000-0000-0000-000000000001","remote_addr":"192.0.2.1","request_id":"2fe6e32f-2998-41c4-a4d0-40582b2f0917","trace_id":"19a8fffd-a3d2-468c-9ec7-41f87ac4aae7"}}
{"timestamp":"2026-05-01T11:29:58.7573228Z","level":"WARN","message":"request completed with client error","fields":{"duration":"1.1003ms","method":"GET","path":"/api/v1/emails/00000000-0000-0000-0000-000000000001","request_id":"2fe6e32f-2998-41c4-a4d0-40582b2f0917","response_size":158,"status":404,"trace_id":"19a8fffd-a3d2-468c-9ec7-41f87ac4aae7"}}
=== RUN   TestEmailHandler/POST_/api/v1/emails_-_validation_error_for_missing_fields
2026/05/01 19:30:00 INFO Casbin enforcer initialized successfully
2026/05/01 19:30:00 INFO Swagger documentation disabled
{"timestamp":"2026-05-01T11:30:00.9155217Z","level":"DEBUG","message":"request started","fields":{"method":"POST","path":"/api/v1/emails","remote_addr":"192.0.2.1","request_id":"376dce9e-692e-40a8-ba16-ae9ddf7da604","trace_id":"73699709-92dd-4ceb-b96f-37f18588b5f4"}}
{"timestamp":"2026-05-01T11:30:00.9155217Z","level":"WARN","message":"request completed with client error","fields":{"duration":"584.9┬╡s","method":"POST","path":"/api/v1/emails","request_id":"376dce9e-692e-40a8-ba16-ae9ddf7da604","response_size":264,"status":400,"trace_id":"73699709-92dd-4ceb-b96f-37f18588b5f4"}}
=== RUN   TestEmailHandler/unauthenticated_email_requests_return_401
2026/05/01 19:30:02 INFO Casbin enforcer initialized successfully
2026/05/01 19:30:02 INFO Swagger documentation disabled
{"timestamp":"2026-05-01T11:30:02.7804219Z","level":"DEBUG","message":"request started","fields":{"method":"POST","path":"/api/v1/emails","remote_addr":"192.0.2.1","request_id":"4a313181-3476-449d-a559-5496a080fd2d","trace_id":"10867e9e-0531-4cbc-8291-4de012b5804d"}}
{"timestamp":"2026-05-01T11:30:02.7810805Z","level":"WARN","message":"request completed with client error","fields":{"duration":"658.6┬╡s","method":"POST","path":"/api/v1/emails","request_id":"4a313181-3476-449d-a559-5496a080fd2d","response_size":0,"status":401,"trace_id":"10867e9e-0531-4cbc-8291-4de012b5804d"}}
{"timestamp":"2026-05-01T11:30:02.7810805Z","level":"DEBUG","message":"request started","fields":{"method":"GET","path":"/api/v1/emails/00000000-0000-0000-0000-000000000001","remote_addr":"192.0.2.1","request_id":"8a1f39f1-18a4-42d6-8c23-249b756a89c6","trace_id":"9194f2ab-34d2-4d95-89f7-4615a6f7e173"}}
{"timestamp":"2026-05-01T11:30:02.7816298Z","level":"WARN","message":"request completed with client error","fields":{"duration":"549.3┬╡s","method":"GET","path":"/api/v1/emails/00000000-0000-0000-0000-000000000001","request_id":"8a1f39f1-18a4-42d6-8c23-249b756a89c6","response_size":0,"status":401,"trace_id":"9194f2ab-34d2-4d95-89f7-4615a6f7e173"}}
--- PASS: TestEmailHandler (10.26s)
    --- PASS: TestEmailHandler/POST_/api/v1/emails_-_send_email_with_direct_content (2.21s)
    --- PASS: TestEmailHandler/GET_/api/v1/emails/:id_-_get_email_status (2.22s)
    --- PASS: TestEmailHandler/POST_/api/v1/emails_-_validation_error_for_missing_fields (2.16s)
    --- PASS: TestEmailHandler/unauthenticated_email_requests_return_401 (1.87s)
=== RUN   TestWebhookHandler
    testsuite.go:235: Migrations already run, skipping
=== RUN   TestWebhookHandler/POST_/api/v1/webhooks/:provider/delivery_-_process_delivery_webhook
2026/05/01 19:30:07 INFO Casbin enforcer initialized successfully
2026/05/01 19:30:07 INFO Swagger documentation disabled
{"timestamp":"2026-05-01T11:30:07.7817776Z","level":"DEBUG","message":"request started","fields":{"method":"POST","path":"/api/v1/webhooks/smtp/delivery","remote_addr":"192.0.2.1","request_id":"17d6b33a-e7df-4c5b-938f-1183b0120f7b","trace_id":"575aa406-8e72-4004-9b9b-4c2087fed0d7"}}
2026/05/01 19:30:07 ERROR panic recovered request_id=17d6b33a-e7df-4c5b-938f-1183b0120f7b panic="uuid: Parse(msg-12345): invalid UUID length: 9" stack="goroutine 802 [running]:\nruntime/debug.Stack()\n\tC:/Program Files/Go/src/runtime/debug/stack.go:26 +0x5e\ngithub.com/example/go-api-base/internal/http.NewServer.Recover.func1.1.1()\n\tC:/Development/base/go-api/internal/http/middleware/recover.go:23 +0x156\npanic({0x7ff7bfde4120?, 0xc00069f180?})\n\tC:/Program Files/Go/src/runtime/panic.go:783 +0x132\ngithub.com/google/uuid.MustParse({0xc0003ff120, 0x9})\n\tC:/Users/MSIKAT~1/go/pkg/mod/github.com/google/uuid@v1.6.0/uuid.go:169 +0xa5\ngithub.com/example/go-api-base/internal/service.(*EmailService).RecordDelivery(0xc00021e5f0, {0x7ff7c0ba0358, 0x7ff7c192c780}, {0xc0003ff120?, 0x21ede3b0a38?})\n\tC:/Development/base/go-api/internal/service/email.go:191 +0x34\ngithub.com/example/go-api-base/internal/http/handler.(*EmailHandler).WebhookDelivery(0xc00059e918, {0x7ff7c0bbd340, 0xc00034f0e0})\n\tC:/Development/base/go-api/internal/http/handler/email.go:176 +0xf7\ngithub.com/labstack/echo/v4.(*Echo).add.func1({0x7ff7c0bbd340, 0xc00034f0e0})\n\tC:/Users/MSIKAT~1/go/pkg/mod/github.com/labstack/echo/v4@v4.12.0/echo.go:587 +0x45\ngithub.com/example/go-api-base/internal/http.NewServer.(*RateLimiter).Middleware.func5.1({0x7ff7c0bbd340, 0xc00034f0e0})\n\tC:/Development/base/go-api/internal/http/middleware/rate_limit.go:103 +0x507\ngithub.com/example/go-api-base/internal/http.NewServer.CORS.func4.1({0x7ff7c0bbd340, 0xc00034f0e0})\n\tC:/Development/base/go-api/internal/http/middleware/cors.go:27 +0x368\ngithub.com/example/go-api-base/internal/http.NewServer.StructuredLogging.func3.1({0x7ff7c0bbd340, 0xc00034f0e0})\n\tC:/Development/base/go-api/internal/http/middleware/structured_logging.go:151 +0x8d9\ngithub.com/example/go-api-base/internal/http.NewServer.RequestID.func2.1({0x7ff7c0bbd340, 0xc00034f0e0})\n\tC:/Development/base/go-api/internal/http/middleware/request_id.go:28 +0xe9\ngithub.com/example/go-api-base/internal/http.NewServer.Recover.func1.1({0x7ff7c0bbd340?, 0xc00034f0e0?})\n\tC:/Development/base/go-api/internal/http/middleware/recover.go:41 +0x5c\ngithub.com/labstack/echo/v4.(*Echo).ServeHTTP(0xc00057c6c8, {0x7ff7c0b9d810, 0xc000709c40}, 0xc000206a00)\n\tC:/Users/MSIKAT~1/go/pkg/mod/github.com/labstack/echo/v4@v4.12.0/echo.go:674 +0x331\ngithub.com/example/go-api-base/tests/integration/helpers.MakeRequest(0xc000792a80?, 0xc000000e80, {0x7ff7c006cf33?, 0x4?}, {0x7ff7c00a526b?, 0x1e?}, {0x7ff7bfebdfc0?, 0xc0005a8bd0?}, {0x0, 0x0})\n\tC:/Development/base/go-api/tests/integration/helpers/handler_test_helpers.go:155 +0x3cb\ngithub.com/example/go-api-base/tests/integration.TestWebhookHandler.func1(0xc000792a80)\n\tC:/Development/base/go-api/tests/integration/email_handler_test.go:122 +0x179\ntesting.tRunner(0xc000792a80, 0xc0005ce5c0)\n\tC:/Program Files/Go/src/testing/testing.go:1934 +0xc3\ncreated by testing.(*T).Run in goroutine 193\n\tC:/Program Files/Go/src/testing/testing.go:1997 +0x44b\n"
=== RUN   TestWebhookHandler/POST_/api/v1/webhooks/:provider/bounce_-_process_bounce_webhook
2026/05/01 19:30:10 INFO Casbin enforcer initialized successfully
2026/05/01 19:30:10 INFO Swagger documentation disabled
{"timestamp":"2026-05-01T11:30:10.2851168Z","level":"DEBUG","message":"request started","fields":{"method":"POST","path":"/api/v1/webhooks/sendgrid/bounce","remote_addr":"192.0.2.1","request_id":"ff68a67d-1d26-4fa3-b08c-206a0d7141c6","trace_id":"281e70d0-8ac1-4b5b-a294-9c78495390c6"}}
2026/05/01 19:30:10 ERROR panic recovered request_id=ff68a67d-1d26-4fa3-b08c-206a0d7141c6 panic="uuid: Parse(msg-67890): invalid UUID length: 9" stack="goroutine 804 [running]:\nruntime/debug.Stack()\n\tC:/Program Files/Go/src/runtime/debug/stack.go:26 +0x5e\ngithub.com/example/go-api-base/internal/http.NewServer.Recover.func1.1.1()\n\tC:/Development/base/go-api/internal/http/middleware/recover.go:23 +0x156\npanic({0x7ff7bfde4120?, 0xc000707780?})\n\tC:/Program Files/Go/src/runtime/panic.go:783 +0x132\ngithub.com/google/uuid.MustParse({0xc0004cad50, 0x9})\n\tC:/Users/MSIKAT~1/go/pkg/mod/github.com/google/uuid@v1.6.0/uuid.go:169 +0xa5\ngithub.com/example/go-api-base/internal/service.(*EmailService).RecordBounce(0xc00063c410, {0x7ff7c0ba0358, 0x7ff7c192c780}, 0xc0006cf828)\n\tC:/Development/base/go-api/internal/service/email.go:162 +0x3f\ngithub.com/example/go-api-base/internal/http/handler.(*EmailHandler).WebhookBounce(0xc00079ac48, {0x7ff7c0bbd340, 0xc000231220})\n\tC:/Development/base/go-api/internal/http/handler/email.go:238 +0x1fa\ngithub.com/labstack/echo/v4.(*Echo).add.func1({0x7ff7c0bbd340, 0xc000231220})\n\tC:/Users/MSIKAT~1/go/pkg/mod/github.com/labstack/echo/v4@v4.12.0/echo.go:587 +0x45\ngithub.com/example/go-api-base/internal/http.NewServer.(*RateLimiter).Middleware.func5.1({0x7ff7c0bbd340, 0xc000231220})\n\tC:/Development/base/go-api/internal/http/middleware/rate_limit.go:103 +0x507\ngithub.com/example/go-api-base/internal/http.NewServer.CORS.func4.1({0x7ff7c0bbd340, 0xc000231220})\n\tC:/Development/base/go-api/internal/http/middleware/cors.go:27 +0x368\ngithub.com/example/go-api-base/internal/http.NewServer.StructuredLogging.func3.1({0x7ff7c0bbd340, 0xc000231220})\n\tC:/Development/base/go-api/internal/http/middleware/structured_logging.go:151 +0x8d9\ngithub.com/example/go-api-base/internal/http.NewServer.RequestID.func2.1({0x7ff7c0bbd340, 0xc000231220})\n\tC:/Development/base/go-api/internal/http/middleware/request_id.go:28 +0xe9\ngithub.com/example/go-api-base/internal/http.NewServer.Recover.func1.1({0x7ff7c0bbd340?, 0xc000231220?})\n\tC:/Development/base/go-api/internal/http/middleware/recover.go:41 +0x5c\ngithub.com/labstack/echo/v4.(*Echo).ServeHTTP(0xc00032e6c8, {0x7ff7c0b9d810, 0xc000711340}, 0xc0001a17c0)\n\tC:/Users/MSIKAT~1/go/pkg/mod/github.com/labstack/echo/v4@v4.12.0/echo.go:674 +0x331\ngithub.com/example/go-api-base/tests/integration/helpers.MakeRequest(0xc000792c40?, 0xc00079c620, {0x7ff7c006cf33?, 0x4?}, {0x7ff7c00a9cd0?, 0x20?}, {0x7ff7bfebdfc0?, 0xc0006a5a70?}, {0x0, 0x0})\n\tC:/Development/base/go-api/tests/integration/helpers/handler_test_helpers.go:155 +0x3cb\ngithub.com/example/go-api-base/tests/integration.TestWebhookHandler.func2(0xc000792c40)\n\tC:/Development/base/go-api/tests/integration/email_handler_test.go:149 +0x207\ntesting.tRunner(0xc000792c40, 0xc00069f260)\n\tC:/Program Files/Go/src/testing/testing.go:1934 +0xc3\ncreated by testing.(*T).Run in goroutine 193\n\tC:/Program Files/Go/src/testing/testing.go:1997 +0x44b\n"
=== RUN   TestWebhookHandler/POST_/api/v1/webhooks/:provider/delivery_-_invalid_payload_returns_400
2026/05/01 19:30:12 INFO Casbin enforcer initialized successfully
2026/05/01 19:30:12 INFO Swagger documentation disabled
{"timestamp":"2026-05-01T11:30:12.3056242Z","level":"DEBUG","message":"request started","fields":{"method":"POST","path":"/api/v1/webhooks/smtp/delivery","remote_addr":"192.0.2.1","request_id":"83d3fac3-4228-482a-813a-ecd25dbbb129","trace_id":"1209676c-88b8-40cb-9d53-b7f2c0a6e3ca"}}
2026/05/01 19:30:12 ERROR panic recovered request_id=83d3fac3-4228-482a-813a-ecd25dbbb129 panic="uuid: Parse(): invalid UUID length: 0" stack="goroutine 753 [running]:\nruntime/debug.Stack()\n\tC:/Program Files/Go/src/runtime/debug/stack.go:26 +0x5e\ngithub.com/example/go-api-base/internal/http.NewServer.Recover.func1.1.1()\n\tC:/Development/base/go-api/internal/http/middleware/recover.go:23 +0x156\npanic({0x7ff7bfde4120?, 0xc000224930?})\n\tC:/Program Files/Go/src/runtime/panic.go:783 +0x132\ngithub.com/google/uuid.MustParse({0x0, 0x0})\n\tC:/Users/MSIKAT~1/go/pkg/mod/github.com/google/uuid@v1.6.0/uuid.go:169 +0xa5\ngithub.com/example/go-api-base/internal/service.(*EmailService).RecordDelivery(0xc0005bccd0, {0x7ff7c0ba0358, 0x7ff7c192c780}, {0x0?, 0x21ede3b05a0?})\n\tC:/Development/base/go-api/internal/service/email.go:191 +0x34\ngithub.com/example/go-api-base/internal/http/handler.(*EmailHandler).WebhookDelivery(0xc00059f1d0, {0x7ff7c0bbd340, 0xc0003640a0})\n\tC:/Development/base/go-api/internal/http/handler/email.go:176 +0xf7\ngithub.com/labstack/echo/v4.(*Echo).add.func1({0x7ff7c0bbd340, 0xc0003640a0})\n\tC:/Users/MSIKAT~1/go/pkg/mod/github.com/labstack/echo/v4@v4.12.0/echo.go:587 +0x45\ngithub.com/example/go-api-base/internal/http.NewServer.(*RateLimiter).Middleware.func5.1({0x7ff7c0bbd340, 0xc0003640a0})\n\tC:/Development/base/go-api/internal/http/middleware/rate_limit.go:103 +0x507\ngithub.com/example/go-api-base/internal/http.NewServer.CORS.func4.1({0x7ff7c0bbd340, 0xc0003640a0})\n\tC:/Development/base/go-api/internal/http/middleware/cors.go:27 +0x368\ngithub.com/example/go-api-base/internal/http.NewServer.StructuredLogging.func3.1({0x7ff7c0bbd340, 0xc0003640a0})\n\tC:/Development/base/go-api/internal/http/middleware/structured_logging.go:151 +0x8d9\ngithub.com/example/go-api-base/internal/http.NewServer.RequestID.func2.1({0x7ff7c0bbd340, 0xc0003640a0})\n\tC:/Development/base/go-api/internal/http/middleware/request_id.go:28 +0xe9\ngithub.com/example/go-api-base/internal/http.NewServer.Recover.func1.1({0x7ff7c0bbd340?, 0xc0003640a0?})\n\tC:/Development/base/go-api/internal/http/middleware/recover.go:41 +0x5c\ngithub.com/labstack/echo/v4.(*Echo).ServeHTTP(0xc00032ed88, {0x7ff7c0b9d810, 0xc000710a40}, 0xc000246280)\n\tC:/Users/MSIKAT~1/go/pkg/mod/github.com/labstack/echo/v4@v4.12.0/echo.go:674 +0x331\ngithub.com/example/go-api-base/tests/integration/helpers.MakeRequest(0xc000106fc0?, 0xc00010c7c8, {0x7ff7c006cf33?, 0x4?}, {0x7ff7c00a526b?, 0x1e?}, {0x7ff7bfebdfc0?, 0xc0006882d0?}, {0x0, 0x0})\n\tC:/Development/base/go-api/tests/integration/helpers/handler_test_helpers.go:155 +0x3cb\ngithub.com/example/go-api-base/tests/integration.TestWebhookHandler.func3(0xc000106fc0)\n\tC:/Development/base/go-api/tests/integration/email_handler_test.go:171 +0x93\ntesting.tRunner(0xc000106fc0, 0xc000707860)\n\tC:/Program Files/Go/src/testing/testing.go:1934 +0xc3\ncreated by testing.(*T).Run in goroutine 193\n\tC:/Program Files/Go/src/testing/testing.go:1997 +0x44b\n"
=== RUN   TestWebhookHandler/webhook_endpoints_are_publicly_accessible_(no_auth_required)
2026/05/01 19:30:14 INFO Casbin enforcer initialized successfully
2026/05/01 19:30:14 INFO Swagger documentation disabled
{"timestamp":"2026-05-01T11:30:14.1401846Z","level":"DEBUG","message":"request started","fields":{"method":"POST","path":"/api/v1/webhooks/smtp/delivery","remote_addr":"192.0.2.1","request_id":"fc3b1fe1-8a8f-4158-90d3-65629b8638ac","trace_id":"be602e7e-ef21-4da9-8e0a-135fab4dec91"}}
2026/05/01 19:30:14 ERROR panic recovered request_id=fc3b1fe1-8a8f-4158-90d3-65629b8638ac panic="uuid: Parse(msg-pub-access): invalid UUID length: 14" stack="goroutine 819 [running]:\nruntime/debug.Stack()\n\tC:/Program Files/Go/src/runtime/debug/stack.go:26 +0x5e\ngithub.com/example/go-api-base/internal/http.NewServer.Recover.func1.1.1()\n\tC:/Development/base/go-api/internal/http/middleware/recover.go:23 +0x156\npanic({0x7ff7bfde4120?, 0xc0005141a0?})\n\tC:/Program Files/Go/src/runtime/panic.go:783 +0x132\ngithub.com/google/uuid.MustParse({0xc0005c90a0, 0xe})\n\tC:/Users/MSIKAT~1/go/pkg/mod/github.com/google/uuid@v1.6.0/uuid.go:169 +0xa5\ngithub.com/example/go-api-base/internal/service.(*EmailService).RecordDelivery(0xc00021ed70, {0x7ff7c0ba0358, 0x7ff7c192c780}, {0xc0005c90a0?, 0x21ede3b1800?})\n\tC:/Development/base/go-api/internal/service/email.go:191 +0x34\ngithub.com/example/go-api-base/internal/http/handler.(*EmailHandler).WebhookDelivery(0xc000008948, {0x7ff7c0bbd340, 0xc0003dba40})\n\tC:/Development/base/go-api/internal/http/handler/email.go:176 +0xf7\ngithub.com/labstack/echo/v4.(*Echo).add.func1({0x7ff7c0bbd340, 0xc0003dba40})\n\tC:/Users/MSIKAT~1/go/pkg/mod/github.com/labstack/echo/v4@v4.12.0/echo.go:587 +0x45\ngithub.com/example/go-api-base/internal/http.NewServer.(*RateLimiter).Middleware.func5.1({0x7ff7c0bbd340, 0xc0003dba40})\n\tC:/Development/base/go-api/internal/http/middleware/rate_limit.go:103 +0x507\ngithub.com/example/go-api-base/internal/http.NewServer.CORS.func4.1({0x7ff7c0bbd340, 0xc0003dba40})\n\tC:/Development/base/go-api/internal/http/middleware/cors.go:27 +0x368\ngithub.com/example/go-api-base/internal/http.NewServer.StructuredLogging.func3.1({0x7ff7c0bbd340, 0xc0003dba40})\n\tC:/Development/base/go-api/internal/http/middleware/structured_logging.go:151 +0x8d9\ngithub.com/example/go-api-base/internal/http.NewServer.RequestID.func2.1({0x7ff7c0bbd340, 0xc0003dba40})\n\tC:/Development/base/go-api/internal/http/middleware/request_id.go:28 +0xe9\ngithub.com/example/go-api-base/internal/http.NewServer.Recover.func1.1({0x7ff7c0bbd340?, 0xc0003dba40?})\n\tC:/Development/base/go-api/internal/http/middleware/recover.go:41 +0x5c\ngithub.com/labstack/echo/v4.(*Echo).ServeHTTP(0xc00057c008, {0x7ff7c0b9d810, 0xc000708d80}, 0xc000206280)\n\tC:/Users/MSIKAT~1/go/pkg/mod/github.com/labstack/echo/v4@v4.12.0/echo.go:674 +0x331\ngithub.com/example/go-api-base/tests/integration/helpers.MakeRequest(0xc000800a80?, 0xc000000b50, {0x7ff7c006cf33?, 0x4?}, {0x7ff7c00a526b?, 0x1e?}, {0x7ff7bfebdfc0?, 0xc000705ec0?}, {0x0, 0x0})\n\tC:/Development/base/go-api/tests/integration/helpers/handler_test_helpers.go:155 +0x3cb\ngithub.com/example/go-api-base/tests/integration.TestWebhookHandler.func4(0xc000800a80)\n\tC:/Development/base/go-api/tests/integration/email_handler_test.go:188 +0x168\ntesting.tRunner(0xc000800a80, 0xc000224a20)\n\tC:/Program Files/Go/src/testing/testing.go:1934 +0xc3\ncreated by testing.(*T).Run in goroutine 193\n\tC:/Program Files/Go/src/testing/testing.go:1997 +0x44b\n"
--- PASS: TestWebhookHandler (11.36s)
    --- PASS: TestWebhookHandler/POST_/api/v1/webhooks/:provider/delivery_-_process_delivery_webhook (2.76s)
    --- PASS: TestWebhookHandler/POST_/api/v1/webhooks/:provider/bounce_-_process_bounce_webhook (2.50s)
    --- PASS: TestWebhookHandler/POST_/api/v1/webhooks/:provider/delivery_-_invalid_payload_returns_400 (2.02s)
    --- PASS: TestWebhookHandler/webhook_endpoints_are_publicly_accessible_(no_auth_required) (1.83s)
=== RUN   TestEmailTemplateHandler
    testsuite.go:235: Migrations already run, skipping
=== RUN   TestEmailTemplateHandler/POST_/api/v1/email-templates_-_create_email_template
2026/05/01 19:30:18 INFO Casbin enforcer initialized successfully
2026/05/01 19:30:18 INFO Swagger documentation disabled
{"timestamp":"2026-05-01T11:30:18.2049344Z","level":"DEBUG","message":"request started","fields":{"method":"POST","path":"/api/v1/email-templates","remote_addr":"192.0.2.1","request_id":"e9a9a7ce-0ae9-4856-a703-cde69ecec227","trace_id":"675ccdb3-daa4-49e7-88d0-602378323864"}}
{"timestamp":"2026-05-01T11:30:18.207613Z","level":"INFO","message":"request completed","fields":{"duration":"2.6786ms","method":"POST","path":"/api/v1/email-templates","request_id":"e9a9a7ce-0ae9-4856-a703-cde69ecec227","response_size":509,"status":201,"trace_id":"675ccdb3-daa4-49e7-88d0-602378323864"}}
=== RUN   TestEmailTemplateHandler/GET_/api/v1/email-templates_-_list_email_templates
2026/05/01 19:30:20 INFO Casbin enforcer initialized successfully
2026/05/01 19:30:20 INFO Swagger documentation disabled
{"timestamp":"2026-05-01T11:30:20.3135147Z","level":"DEBUG","message":"request started","fields":{"method":"POST","path":"/api/v1/email-templates","remote_addr":"192.0.2.1","request_id":"133ea267-3d6d-4fe8-8d2e-91320301aa2e","trace_id":"dfd4561c-61d0-4cd0-96d2-fe0eb94a2bd5"}}
{"timestamp":"2026-05-01T11:30:20.3153262Z","level":"INFO","message":"request completed","fields":{"duration":"1.8115ms","method":"POST","path":"/api/v1/email-templates","request_id":"133ea267-3d6d-4fe8-8d2e-91320301aa2e","response_size":448,"status":201,"trace_id":"dfd4561c-61d0-4cd0-96d2-fe0eb94a2bd5"}}
{"timestamp":"2026-05-01T11:30:20.3153262Z","level":"DEBUG","message":"request started","fields":{"method":"GET","path":"/api/v1/email-templates","remote_addr":"192.0.2.1","request_id":"e87ffc5f-7b6b-4957-a0fa-54b4c02c43d4","trace_id":"1d9cfbb7-ba59-42cb-a90b-c87163ea6472"}}
{"timestamp":"2026-05-01T11:30:20.3206915Z","level":"INFO","message":"request completed","fields":{"duration":"5.3653ms","method":"GET","path":"/api/v1/email-templates","request_id":"e87ffc5f-7b6b-4957-a0fa-54b4c02c43d4","response_size":469,"status":200,"trace_id":"1d9cfbb7-ba59-42cb-a90b-c87163ea6472"}}
=== RUN   TestEmailTemplateHandler/GET_/api/v1/email-templates/:id_-_get_email_template_by_ID
2026/05/01 19:30:22 INFO Casbin enforcer initialized successfully
2026/05/01 19:30:22 INFO Swagger documentation disabled
{"timestamp":"2026-05-01T11:30:22.341367Z","level":"DEBUG","message":"request started","fields":{"method":"POST","path":"/api/v1/email-templates","remote_addr":"192.0.2.1","request_id":"650743e3-13d1-4eea-bcf4-0cdbef80714f","trace_id":"96ea07e2-6342-4101-948a-481878682636"}}
{"timestamp":"2026-05-01T11:30:22.3436143Z","level":"INFO","message":"request completed","fields":{"duration":"2.2473ms","method":"POST","path":"/api/v1/email-templates","request_id":"650743e3-13d1-4eea-bcf4-0cdbef80714f","response_size":446,"status":201,"trace_id":"96ea07e2-6342-4101-948a-481878682636"}}
{"timestamp":"2026-05-01T11:30:22.3436143Z","level":"DEBUG","message":"request started","fields":{"method":"GET","path":"/api/v1/email-templates/d4bfe4a1-f4fc-465c-90b9-885fcd954f29","remote_addr":"192.0.2.1","request_id":"ecf3d5a1-21aa-4687-b8e3-abc70b030766","trace_id":"c1ad69aa-083f-4868-8b88-43301108924d"}}
{"timestamp":"2026-05-01T11:30:22.3470145Z","level":"INFO","message":"request completed","fields":{"duration":"3.4002ms","method":"GET","path":"/api/v1/email-templates/d4bfe4a1-f4fc-465c-90b9-885fcd954f29","request_id":"ecf3d5a1-21aa-4687-b8e3-abc70b030766","response_size":446,"status":200,"trace_id":"c1ad69aa-083f-4868-8b88-43301108924d"}}
=== RUN   TestEmailTemplateHandler/PUT_/api/v1/email-templates/:id_-_update_email_template
2026/05/01 19:30:24 INFO Casbin enforcer initialized successfully
2026/05/01 19:30:24 INFO Swagger documentation disabled
{"timestamp":"2026-05-01T11:30:24.0981718Z","level":"DEBUG","message":"request started","fields":{"method":"POST","path":"/api/v1/email-templates","remote_addr":"192.0.2.1","request_id":"722da27d-e472-4f71-a257-85cf87d6fa2b","trace_id":"00cca60c-4e27-4bce-8197-2c9741a9dff1"}}
{"timestamp":"2026-05-01T11:30:24.1003903Z","level":"INFO","message":"request completed","fields":{"duration":"2.2185ms","method":"POST","path":"/api/v1/email-templates","request_id":"722da27d-e472-4f71-a257-85cf87d6fa2b","response_size":452,"status":201,"trace_id":"00cca60c-4e27-4bce-8197-2c9741a9dff1"}}
{"timestamp":"2026-05-01T11:30:24.1003903Z","level":"DEBUG","message":"request started","fields":{"method":"PUT","path":"/api/v1/email-templates/64c22710-75ca-4498-8e0b-49621a31547a","remote_addr":"192.0.2.1","request_id":"433c8b71-8749-48e9-9bb1-469ae28d8b31","trace_id":"6ec6711c-f8b1-4207-8533-c2fe07448613"}}
{"timestamp":"2026-05-01T11:30:24.1048965Z","level":"INFO","message":"request completed","fields":{"duration":"4.5062ms","method":"PUT","path":"/api/v1/email-templates/64c22710-75ca-4498-8e0b-49621a31547a","request_id":"433c8b71-8749-48e9-9bb1-469ae28d8b31","response_size":435,"status":200,"trace_id":"6ec6711c-f8b1-4207-8533-c2fe07448613"}}
=== RUN   TestEmailTemplateHandler/DELETE_/api/v1/email-templates/:id_-_delete_email_template
2026/05/01 19:30:26 INFO Casbin enforcer initialized successfully
2026/05/01 19:30:26 INFO Swagger documentation disabled
{"timestamp":"2026-05-01T11:30:26.0746574Z","level":"DEBUG","message":"request started","fields":{"method":"POST","path":"/api/v1/email-templates","remote_addr":"192.0.2.1","request_id":"c277bfc3-49b4-4798-bf72-6eb15121e8d3","trace_id":"680e3243-63aa-40c9-a312-7e1a3b1cd120"}}
{"timestamp":"2026-05-01T11:30:26.0764584Z","level":"INFO","message":"request completed","fields":{"duration":"1.801ms","method":"POST","path":"/api/v1/email-templates","request_id":"c277bfc3-49b4-4798-bf72-6eb15121e8d3","response_size":452,"status":201,"trace_id":"680e3243-63aa-40c9-a312-7e1a3b1cd120"}}
{"timestamp":"2026-05-01T11:30:26.0764584Z","level":"DEBUG","message":"request started","fields":{"method":"DELETE","path":"/api/v1/email-templates/49b51367-5e6e-448b-b409-130fbf7b80ec","remote_addr":"192.0.2.1","request_id":"6b645e45-27b2-41c3-b8b9-494732cda361","trace_id":"b63e5107-f494-4734-a534-4db75e12f193"}}
{"timestamp":"2026-05-01T11:30:26.0816362Z","level":"INFO","message":"request completed","fields":{"duration":"5.1778ms","method":"DELETE","path":"/api/v1/email-templates/49b51367-5e6e-448b-b409-130fbf7b80ec","request_id":"6b645e45-27b2-41c3-b8b9-494732cda361","response_size":0,"status":204,"trace_id":"b63e5107-f494-4734-a534-4db75e12f193"}}
{"timestamp":"2026-05-01T11:30:26.0816362Z","level":"DEBUG","message":"request started","fields":{"method":"GET","path":"/api/v1/email-templates/49b51367-5e6e-448b-b409-130fbf7b80ec","remote_addr":"192.0.2.1","request_id":"0ece88ee-100c-4609-acba-682ccb241316","trace_id":"923884b3-b7c6-4008-8596-88a42c541eee"}}
{"timestamp":"2026-05-01T11:30:26.082444Z","level":"WARN","message":"request completed with client error","fields":{"duration":"807.8┬╡s","method":"GET","path":"/api/v1/email-templates/49b51367-5e6e-448b-b409-130fbf7b80ec","request_id":"0ece88ee-100c-4609-acba-682ccb241316","response_size":158,"status":404,"trace_id":"923884b3-b7c6-4008-8596-88a42c541eee"}}
=== RUN   TestEmailTemplateHandler/unauthenticated_requests_return_401
2026/05/01 19:30:27 INFO Casbin enforcer initialized successfully
2026/05/01 19:30:27 INFO Swagger documentation disabled
{"timestamp":"2026-05-01T11:30:27.9170826Z","level":"DEBUG","message":"request started","fields":{"method":"POST","path":"/api/v1/email-templates","remote_addr":"192.0.2.1","request_id":"f115708b-7a3e-4064-82f3-773df905a0ec","trace_id":"056ffa29-0f13-4a8c-86b3-6cf89e17e1c8"}}
{"timestamp":"2026-05-01T11:30:27.9176062Z","level":"WARN","message":"request completed with client error","fields":{"duration":"523.6┬╡s","method":"POST","path":"/api/v1/email-templates","request_id":"f115708b-7a3e-4064-82f3-773df905a0ec","response_size":0,"status":401,"trace_id":"056ffa29-0f13-4a8c-86b3-6cf89e17e1c8"}}
{"timestamp":"2026-05-01T11:30:27.9176062Z","level":"DEBUG","message":"request started","fields":{"method":"GET","path":"/api/v1/email-templates","remote_addr":"192.0.2.1","request_id":"51493a8b-6759-4226-b26d-18ab588443cb","trace_id":"9989df08-11cf-4ee6-b4ca-83559dfadcfd"}}
{"timestamp":"2026-05-01T11:30:27.9182664Z","level":"WARN","message":"request completed with client error","fields":{"duration":"660.2┬╡s","method":"GET","path":"/api/v1/email-templates","request_id":"51493a8b-6759-4226-b26d-18ab588443cb","response_size":0,"status":401,"trace_id":"9989df08-11cf-4ee6-b4ca-83559dfadcfd"}}
{"timestamp":"2026-05-01T11:30:27.9182664Z","level":"DEBUG","message":"request started","fields":{"method":"GET","path":"/api/v1/email-templates/00000000-0000-0000-0000-000000000001","remote_addr":"192.0.2.1","request_id":"d1ecae9a-762f-40db-b366-91ae89e44282","trace_id":"790e63b1-f9db-4e1f-8b2b-29f5347159a4"}}
{"timestamp":"2026-05-01T11:30:27.9188041Z","level":"WARN","message":"request completed with client error","fields":{"duration":"537.7┬╡s","method":"GET","path":"/api/v1/email-templates/00000000-0000-0000-0000-000000000001","request_id":"d1ecae9a-762f-40db-b366-91ae89e44282","response_size":0,"status":401,"trace_id":"790e63b1-f9db-4e1f-8b2b-29f5347159a4"}}
{"timestamp":"2026-05-01T11:30:27.9188041Z","level":"DEBUG","message":"request started","fields":{"method":"PUT","path":"/api/v1/email-templates/00000000-0000-0000-0000-000000000001","remote_addr":"192.0.2.1","request_id":"b1ebd44f-e922-426b-9b06-b32eb73ff76a","trace_id":"718c5a34-4213-4630-95d8-cc8ca911952a"}}
{"timestamp":"2026-05-01T11:30:27.9188041Z","level":"WARN","message":"request completed with client error","fields":{"duration":"0s","method":"PUT","path":"/api/v1/email-templates/00000000-0000-0000-0000-000000000001","request_id":"b1ebd44f-e922-426b-9b06-b32eb73ff76a","response_size":0,"status":401,"trace_id":"718c5a34-4213-4630-95d8-cc8ca911952a"}}
{"timestamp":"2026-05-01T11:30:27.9188041Z","level":"DEBUG","message":"request started","fields":{"method":"DELETE","path":"/api/v1/email-templates/00000000-0000-0000-0000-000000000001","remote_addr":"192.0.2.1","request_id":"c238c0f3-538f-4422-8f97-6829828c00c1","trace_id":"32655da7-f6d0-46ea-b30c-8f2e1ea11e58"}}
{"timestamp":"2026-05-01T11:30:27.9194706Z","level":"WARN","message":"request completed with client error","fields":{"duration":"666.5┬╡s","method":"DELETE","path":"/api/v1/email-templates/00000000-0000-0000-0000-000000000001","request_id":"c238c0f3-538f-4422-8f97-6829828c00c1","response_size":0,"status":401,"trace_id":"32655da7-f6d0-46ea-b30c-8f2e1ea11e58"}}
--- PASS: TestEmailTemplateHandler (13.78s)
    --- PASS: TestEmailTemplateHandler/POST_/api/v1/email-templates_-_create_email_template (2.18s)
    --- PASS: TestEmailTemplateHandler/GET_/api/v1/email-templates_-_list_email_templates (2.11s)
    --- PASS: TestEmailTemplateHandler/GET_/api/v1/email-templates/:id_-_get_email_template_by_ID (2.03s)
    --- PASS: TestEmailTemplateHandler/PUT_/api/v1/email-templates/:id_-_update_email_template (1.76s)
    --- PASS: TestEmailTemplateHandler/DELETE_/api/v1/email-templates/:id_-_delete_email_template (1.98s)
    --- PASS: TestEmailTemplateHandler/unauthenticated_requests_return_401 (1.84s)
=== RUN   TestEmailService_QueueEmail
    testsuite.go:235: Migrations already run, skipping
=== RUN   TestEmailService_QueueEmail/queues_email_with_direct_content
=== RUN   TestEmailService_QueueEmail/queues_email_with_template
=== RUN   TestEmailService_QueueEmail/fails_with_missing_recipient
=== RUN   TestEmailService_QueueEmail/fails_without_content_or_template
--- PASS: TestEmailService_QueueEmail (9.67s)
    --- PASS: TestEmailService_QueueEmail/queues_email_with_direct_content (2.02s)
    --- PASS: TestEmailService_QueueEmail/queues_email_with_template (1.91s)
    --- PASS: TestEmailService_QueueEmail/fails_with_missing_recipient (1.78s)
    --- PASS: TestEmailService_QueueEmail/fails_without_content_or_template (1.91s)
=== RUN   TestEmailService_SendTransactional
    testsuite.go:235: Migrations already run, skipping
=== RUN   TestEmailService_SendTransactional/sends_transactional_email
--- PASS: TestEmailService_SendTransactional (3.74s)
    --- PASS: TestEmailService_SendTransactional/sends_transactional_email (1.88s)
=== RUN   TestEmailService_RecordBounce
    testsuite.go:235: Migrations already run, skipping
=== RUN   TestEmailService_RecordBounce/records_bounce_event
=== RUN   TestEmailService_RecordBounce/soft_bounce_does_not_block_future_emails
--- PASS: TestEmailService_RecordBounce (5.80s)
    --- PASS: TestEmailService_RecordBounce/records_bounce_event (1.95s)
    --- PASS: TestEmailService_RecordBounce/soft_bounce_does_not_block_future_emails (1.81s)
=== RUN   TestEmailTemplate_Rendering
    testsuite.go:235: Migrations already run, skipping
=== RUN   TestEmailTemplate_Rendering/renders_template_with_variables
=== RUN   TestEmailTemplate_Rendering/fails_with_inactive_template
=== RUN   TestEmailTemplate_Rendering/fails_with_non-existent_template
--- PASS: TestEmailTemplate_Rendering (7.89s)
    --- PASS: TestEmailTemplate_Rendering/renders_template_with_variables (2.01s)
    --- PASS: TestEmailTemplate_Rendering/fails_with_inactive_template (2.06s)
    --- PASS: TestEmailTemplate_Rendering/fails_with_non-existent_template (2.00s)
=== RUN   TestEmailQueue_StatusTransitions
    testsuite.go:235: Migrations already run, skipping
=== RUN   TestEmailQueue_StatusTransitions/email_status_transitions_correctly
=== RUN   TestEmailQueue_StatusTransitions/failed_email_is_marked_correctly
=== RUN   TestEmailQueue_StatusTransitions/bounced_email_is_recorded_correctly
--- PASS: TestEmailQueue_StatusTransitions (7.78s)
    --- PASS: TestEmailQueue_StatusTransitions/email_status_transitions_correctly (2.14s)
    --- PASS: TestEmailQueue_StatusTransitions/failed_email_is_marked_correctly (1.89s)
    --- PASS: TestEmailQueue_StatusTransitions/bounced_email_is_recorded_correctly (1.95s)
=== RUN   TestEmailQueue_RetryMechanism
    testsuite.go:235: Migrations already run, skipping
=== RUN   TestEmailQueue_RetryMechanism/CanRetry_returns_true_under_max_attempts
=== RUN   TestEmailQueue_RetryMechanism/CanRetry_returns_false_at_max_attempts
=== RUN   TestEmailQueue_RetryMechanism/IncrementAttempts_increments_counter
--- PASS: TestEmailQueue_RetryMechanism (8.15s)
    --- PASS: TestEmailQueue_RetryMechanism/CanRetry_returns_true_under_max_attempts (1.74s)
    --- PASS: TestEmailQueue_RetryMechanism/CanRetry_returns_false_at_max_attempts (2.30s)
    --- PASS: TestEmailQueue_RetryMechanism/IncrementAttempts_increments_counter (2.06s)
=== RUN   TestEmailService_GetQueueStatus
    testsuite.go:235: Migrations already run, skipping
=== RUN   TestEmailService_GetQueueStatus/retrieves_email_status_by_ID
=== RUN   TestEmailService_GetQueueStatus/returns_error_for_non-existent_email
--- PASS: TestEmailService_GetQueueStatus (6.62s)
    --- PASS: TestEmailService_GetQueueStatus/retrieves_email_status_by_ID (2.19s)
    --- PASS: TestEmailService_GetQueueStatus/returns_error_for_non-existent_email (2.29s)
=== RUN   TestErrorScenarios
    testsuite.go:235: Migrations already run, skipping
2026/05/01 19:31:21 INFO Casbin enforcer initialized successfully
2026/05/01 19:31:21 INFO Swagger documentation disabled
=== RUN   TestErrorScenarios/404_for_non-existent_resource
{"timestamp":"2026-05-01T11:31:21.9737961Z","level":"DEBUG","message":"request started","fields":{"method":"GET","path":"/api/v1/roles/non-existent-id","remote_addr":"192.0.2.1","request_id":"90670005-6a58-4340-976f-54247a1b5757","trace_id":"898dfabd-cb44-4ede-8214-d26639e82b43"}}
{"timestamp":"2026-05-01T11:31:21.9737961Z","level":"WARN","message":"request completed with client error","fields":{"duration":"0s","method":"GET","path":"/api/v1/roles/non-existent-id","request_id":"90670005-6a58-4340-976f-54247a1b5757","response_size":154,"status":404,"trace_id":"898dfabd-cb44-4ede-8214-d26639e82b43"}}
=== RUN   TestErrorScenarios/400_for_invalid_request_body
{"timestamp":"2026-05-01T11:31:21.9737961Z","level":"DEBUG","message":"request started","fields":{"method":"POST","path":"/api/v1/auth/register","remote_addr":"192.0.2.1","request_id":"72cf3f94-7f82-4408-98c1-f0c16eb6395a","trace_id":"4713e1cd-9186-4e81-a599-415edd57aba8"}}
{"timestamp":"2026-05-01T11:31:21.9743065Z","level":"WARN","message":"validation failed","fields":{"email":"invalid-email","error":"Key: 'RegisterRequest.Email' Error:Field validation for 'Email' failed on the 'email' tag\nKey: 'RegisterRequest.Password' Error:Field validation for 'Password' failed on the 'required' tag","request_id":"72cf3f94-7f82-4408-98c1-f0c16eb6395a","trace_id":"4713e1cd-9186-4e81-a599-415edd57aba8"}}
{"timestamp":"2026-05-01T11:31:21.9743065Z","level":"WARN","message":"request completed with client error","fields":{"duration":"510.4┬╡s","method":"POST","path":"/api/v1/auth/register","request_id":"72cf3f94-7f82-4408-98c1-f0c16eb6395a","response_size":366,"status":400,"trace_id":"4713e1cd-9186-4e81-a599-415edd57aba8"}}
=== RUN   TestErrorScenarios/401_for_missing_auth_token
{"timestamp":"2026-05-01T11:31:21.9743065Z","level":"DEBUG","message":"request started","fields":{"method":"GET","path":"/api/v1/me","remote_addr":"192.0.2.1","request_id":"c213dd56-aa3b-4a1e-991c-141476a4f229","trace_id":"1f3634a6-e1cd-402a-904f-4f289898ef4b"}}
{"timestamp":"2026-05-01T11:31:21.9743065Z","level":"WARN","message":"request completed with client error","fields":{"duration":"0s","method":"GET","path":"/api/v1/me","request_id":"c213dd56-aa3b-4a1e-991c-141476a4f229","response_size":0,"status":401,"trace_id":"1f3634a6-e1cd-402a-904f-4f289898ef4b"}}
{"timestamp":"2026-05-01T11:31:21.9743065Z","level":"DEBUG","message":"request started","fields":{"method":"GET","path":"/api/v1/users","remote_addr":"192.0.2.1","request_id":"fadfeed1-ea7d-410c-a363-581fef8b73bc","trace_id":"6a6992f9-09f1-4f20-9011-cf8ec584fa14"}}
{"timestamp":"2026-05-01T11:31:21.9743065Z","level":"WARN","message":"request completed with client error","fields":{"duration":"0s","method":"GET","path":"/api/v1/users","request_id":"fadfeed1-ea7d-410c-a363-581fef8b73bc","response_size":0,"status":401,"trace_id":"6a6992f9-09f1-4f20-9011-cf8ec584fa14"}}
{"timestamp":"2026-05-01T11:31:21.9743065Z","level":"DEBUG","message":"request started","fields":{"method":"POST","path":"/api/v1/auth/logout","remote_addr":"192.0.2.1","request_id":"7d4372b8-acbb-4063-9eb9-019f9fb5b1d3","trace_id":"5d1cf9e1-9c9d-46ea-834a-ce52d16c971d"}}
{"timestamp":"2026-05-01T11:31:21.9748176Z","level":"WARN","message":"request completed with client error","fields":{"duration":"511.1┬╡s","method":"POST","path":"/api/v1/auth/logout","request_id":"7d4372b8-acbb-4063-9eb9-019f9fb5b1d3","response_size":0,"status":401,"trace_id":"5d1cf9e1-9c9d-46ea-834a-ce52d16c971d"}}
=== RUN   TestErrorScenarios/403_for_insufficient_permissions
{"timestamp":"2026-05-01T11:31:21.9748176Z","level":"DEBUG","message":"request started","fields":{"method":"POST","path":"/api/v1/auth/register","remote_addr":"192.0.2.1","request_id":"06555d4d-8120-4755-9466-2c6da2743e5f","trace_id":"e069301a-8a2a-4b34-84fa-1eaf496e0244"}}
{"timestamp":"2026-05-01T11:31:21.9748176Z","level":"INFO","message":"registering user","fields":{"email":"test-1777635081974817600-x5y0noy5@test.example.com","request_id":"06555d4d-8120-4755-9466-2c6da2743e5f","trace_id":"e069301a-8a2a-4b34-84fa-1eaf496e0244"}}
{"timestamp":"2026-05-01T11:31:22.1657595Z","level":"INFO","message":"user registered successfully","fields":{"email":"test-1777635081974817600-x5y0noy5@test.example.com","request_id":"06555d4d-8120-4755-9466-2c6da2743e5f","trace_id":"e069301a-8a2a-4b34-84fa-1eaf496e0244","user_id":"09332ffb-2eb2-42c5-a139-9153d00186c3"}}
{"timestamp":"2026-05-01T11:31:22.1657595Z","level":"INFO","message":"request completed","fields":{"duration":"190.9416ms","method":"POST","path":"/api/v1/auth/register","request_id":"06555d4d-8120-4755-9466-2c6da2743e5f","response_size":212,"status":201,"trace_id":"e069301a-8a2a-4b34-84fa-1eaf496e0244"}}
{"timestamp":"2026-05-01T11:31:22.1657595Z","level":"DEBUG","message":"request started","fields":{"method":"POST","path":"/api/v1/auth/login","remote_addr":"192.0.2.1","request_id":"10af4360-9dcb-4f80-a786-ca0a881c6be3","trace_id":"dd22613b-f562-406c-85e4-11789728ee4b"}}
{"timestamp":"2026-05-01T11:31:22.1662461Z","level":"INFO","message":"user login attempt","fields":{"email":"test-1777635081974817600-x5y0noy5@test.example.com","request_id":"10af4360-9dcb-4f80-a786-ca0a881c6be3","trace_id":"dd22613b-f562-406c-85e4-11789728ee4b"}}
{"timestamp":"2026-05-01T11:31:22.421746Z","level":"INFO","message":"user logged in successfully","fields":{"email":"test-1777635081974817600-x5y0noy5@test.example.com","request_id":"10af4360-9dcb-4f80-a786-ca0a881c6be3","trace_id":"dd22613b-f562-406c-85e4-11789728ee4b","user_id":"09332ffb-2eb2-42c5-a139-9153d00186c3"}}
{"timestamp":"2026-05-01T11:31:22.421746Z","level":"INFO","message":"request completed","fields":{"duration":"255.986ms","method":"POST","path":"/api/v1/auth/login","request_id":"10af4360-9dcb-4f80-a786-ca0a881c6be3","response_size":753,"status":200,"trace_id":"dd22613b-f562-406c-85e4-11789728ee4b"}}
{"timestamp":"2026-05-01T11:31:22.421746Z","level":"DEBUG","message":"request started","fields":{"method":"GET","path":"/api/v1/permissions","remote_addr":"192.0.2.1","request_id":"62fd6e46-fb41-4782-8a81-c4952ecd414a","trace_id":"1d2500f5-dafb-48b6-bef9-b8701d4b80ab"}}
{"timestamp":"2026-05-01T11:31:22.421746Z","level":"WARN","message":"request completed with client error","fields":{"duration":"0s","method":"GET","path":"/api/v1/permissions","request_id":"62fd6e46-fb41-4782-8a81-c4952ecd414a","response_size":189,"status":403,"trace_id":"1d2500f5-dafb-48b6-bef9-b8701d4b80ab"}}
=== RUN   TestErrorScenarios/409_for_duplicate_resource
{"timestamp":"2026-05-01T11:31:22.421746Z","level":"DEBUG","message":"request started","fields":{"method":"POST","path":"/api/v1/auth/register","remote_addr":"192.0.2.1","request_id":"69227422-5826-4a36-b2fe-b86967183f72","trace_id":"5fb083cf-32f4-49f2-ae45-8c047894b97e"}}
{"timestamp":"2026-05-01T11:31:22.4225349Z","level":"INFO","message":"registering user","fields":{"email":"test-1777635082421746000-ldmv0kq4@test.example.com","request_id":"69227422-5826-4a36-b2fe-b86967183f72","trace_id":"5fb083cf-32f4-49f2-ae45-8c047894b97e"}}
{"timestamp":"2026-05-01T11:31:22.6144329Z","level":"INFO","message":"user registered successfully","fields":{"email":"test-1777635082421746000-ldmv0kq4@test.example.com","request_id":"69227422-5826-4a36-b2fe-b86967183f72","trace_id":"5fb083cf-32f4-49f2-ae45-8c047894b97e","user_id":"57fb1686-99bb-461a-bec9-02ac9c9be583"}}
{"timestamp":"2026-05-01T11:31:22.6144329Z","level":"INFO","message":"request completed","fields":{"duration":"192.6866ms","method":"POST","path":"/api/v1/auth/register","request_id":"69227422-5826-4a36-b2fe-b86967183f72","response_size":212,"status":201,"trace_id":"5fb083cf-32f4-49f2-ae45-8c047894b97e"}}
{"timestamp":"2026-05-01T11:31:22.6144329Z","level":"DEBUG","message":"request started","fields":{"method":"POST","path":"/api/v1/auth/register","remote_addr":"192.0.2.1","request_id":"89c17cb5-cff9-49f3-a8f7-f6f161afdaad","trace_id":"ba688240-d5fd-4bda-bbb9-7d9c2757ca8c"}}
{"timestamp":"2026-05-01T11:31:22.615453Z","level":"INFO","message":"registering user","fields":{"email":"test-1777635082421746000-ldmv0kq4@test.example.com","request_id":"89c17cb5-cff9-49f3-a8f7-f6f161afdaad","trace_id":"ba688240-d5fd-4bda-bbb9-7d9c2757ca8c"}}
{"timestamp":"2026-05-01T11:31:22.6787057Z","level":"ERROR","message":"user registration failed","fields":{"email":"test-1777635082421746000-ldmv0kq4@test.example.com","error":"Email already registered","error_code":"EMAIL_EXISTS","request_id":"89c17cb5-cff9-49f3-a8f7-f6f161afdaad","trace_id":"ba688240-d5fd-4bda-bbb9-7d9c2757ca8c"}}
{"timestamp":"2026-05-01T11:31:22.6787057Z","level":"WARN","message":"request completed with client error","fields":{"duration":"64.2727ms","method":"POST","path":"/api/v1/auth/register","request_id":"89c17cb5-cff9-49f3-a8f7-f6f161afdaad","response_size":167,"status":409,"trace_id":"ba688240-d5fd-4bda-bbb9-7d9c2757ca8c"}}
=== RUN   TestErrorScenarios/422_for_validation_errors
{"timestamp":"2026-05-01T11:31:22.6787057Z","level":"DEBUG","message":"request started","fields":{"method":"POST","path":"/api/v1/auth/register","remote_addr":"192.0.2.1","request_id":"88ce577c-b80f-453a-acb3-c29954c661f7","trace_id":"c504301d-549d-46a9-b952-f5f4f97125c0"}}
{"timestamp":"2026-05-01T11:31:22.6787057Z","level":"WARN","message":"validation failed","fields":{"email":"test@example.com","error":"Key: 'RegisterRequest.Password' Error:Field validation for 'Password' failed on the 'min' tag","request_id":"88ce577c-b80f-453a-acb3-c29954c661f7","trace_id":"c504301d-549d-46a9-b952-f5f4f97125c0"}}
{"timestamp":"2026-05-01T11:31:22.6787057Z","level":"WARN","message":"request completed with client error","fields":{"duration":"0s","method":"POST","path":"/api/v1/auth/register","request_id":"88ce577c-b80f-453a-acb3-c29954c661f7","response_size":270,"status":400,"trace_id":"c504301d-549d-46a9-b952-f5f4f97125c0"}}
=== RUN   TestErrorScenarios/500_for_server_errors
{"timestamp":"2026-05-01T11:31:22.6792779Z","level":"DEBUG","message":"request started","fields":{"method":"GET","path":"/api/v1/nonexistent-route","remote_addr":"192.0.2.1","request_id":"41f8ec4b-f162-4419-8061-6a70b8b241b3","trace_id":"0fb55dff-4e66-4a9f-8156-28f5f39a06e7"}}
{"timestamp":"2026-05-01T11:31:22.6798088Z","level":"WARN","message":"request completed with client error","fields":{"duration":"530.9┬╡s","method":"GET","path":"/api/v1/nonexistent-route","request_id":"41f8ec4b-f162-4419-8061-6a70b8b241b3","response_size":0,"status":404,"trace_id":"0fb55dff-4e66-4a9f-8156-28f5f39a06e7"}}
--- PASS: TestErrorScenarios (5.10s)
    --- PASS: TestErrorScenarios/404_for_non-existent_resource (0.00s)
    --- PASS: TestErrorScenarios/400_for_invalid_request_body (0.00s)
    --- PASS: TestErrorScenarios/401_for_missing_auth_token (0.00s)
    --- PASS: TestErrorScenarios/403_for_insufficient_permissions (0.45s)
    --- PASS: TestErrorScenarios/409_for_duplicate_resource (0.26s)
    --- PASS: TestErrorScenarios/422_for_validation_errors (0.00s)
    --- PASS: TestErrorScenarios/500_for_server_errors (0.00s)
=== RUN   TestRateLimiting
    testsuite.go:235: Migrations already run, skipping
2026/05/01 19:31:27 INFO Casbin enforcer initialized successfully
2026/05/01 19:31:27 INFO Swagger documentation disabled
=== RUN   TestRateLimiting/rate_limit_headers_are_present
=== RUN   TestRateLimiting/multiple_rapid_requests_don't_cause_errors
--- PASS: TestRateLimiting (4.36s)
    --- PASS: TestRateLimiting/rate_limit_headers_are_present (0.00s)
    --- PASS: TestRateLimiting/multiple_rapid_requests_don't_cause_errors (0.00s)
=== RUN   TestHealthHandler_Healthz
    testsuite.go:235: Migrations already run, skipping
2026/05/01 19:31:30 INFO Casbin enforcer initialized successfully
2026/05/01 19:31:30 INFO Swagger documentation disabled
=== RUN   TestHealthHandler_Healthz/returns_200_with_status
--- PASS: TestHealthHandler_Healthz (3.88s)
    --- PASS: TestHealthHandler_Healthz/returns_200_with_status (0.00s)
=== RUN   TestHealthHandler_Readyz
    testsuite.go:235: Migrations already run, skipping
2026/05/01 19:31:34 INFO Casbin enforcer initialized successfully
2026/05/01 19:31:34 INFO Swagger documentation disabled
=== RUN   TestHealthHandler_Readyz/returns_200_when_ready
--- PASS: TestHealthHandler_Readyz (3.89s)
    --- PASS: TestHealthHandler_Readyz/returns_200_when_ready (0.00s)
=== RUN   TestInfrastructure_Initialization
    infrastructure_test.go:26: PostgreSQL container is running and accessible
    infrastructure_test.go:35: Redis container is running and accessible
--- PASS: TestInfrastructure_Initialization (1.87s)
=== RUN   TestInfrastructure_DatabaseSchema
    infrastructure_test.go:55: users table exists
    infrastructure_test.go:68: roles table exists
    infrastructure_test.go:81: permissions table exists
    infrastructure_test.go:94: audit_logs table exists
--- PASS: TestInfrastructure_DatabaseSchema (1.96s)
=== RUN   TestInfrastructure_TestIsolation
    infrastructure_test.go:116: User inserted successfully
    infrastructure_test.go:126: Test isolation works correctly
--- PASS: TestInfrastructure_TestIsolation (3.53s)
=== RUN   TestInfrastructure_RedisOperations
    infrastructure_test.go:140: Redis SET operation successful
    infrastructure_test.go:147: Redis GET operation successful
    infrastructure_test.go:153: Redis DEL operation successful
    infrastructure_test.go:159: Redis cleanup successful
--- PASS: TestInfrastructure_RedisOperations (2.01s)
=== RUN   TestInfrastructure_ContainerCleanup
    infrastructure_test.go:173: Created fresh test suite
    infrastructure_test.go:178: Cleanup executed successfully
--- PASS: TestInfrastructure_ContainerCleanup (1.99s)
=== RUN   TestInvoiceHandler
    testsuite.go:235: Migrations already run, skipping
2026/05/01 19:31:48 INFO Casbin enforcer initialized successfully
2026/05/01 19:31:48 INFO Swagger documentation disabled
=== RUN   TestInvoiceHandler/POST_/api/v1/invoices_-_create_invoice_(happy_path)
{"timestamp":"2026-05-01T11:31:50.12645Z","level":"DEBUG","message":"request started","fields":{"method":"POST","path":"/api/v1/invoices","remote_addr":"192.0.2.1","request_id":"8a87de41-c5f6-48ff-b9c6-3034b8c24d7e","trace_id":"60eed601-135d-4a3c-a248-2ec03d1d8a11"}}
{"timestamp":"2026-05-01T11:31:50.1291332Z","level":"INFO","message":"request completed","fields":{"duration":"2.6832ms","method":"POST","path":"/api/v1/invoices","request_id":"8a87de41-c5f6-48ff-b9c6-3034b8c24d7e","response_size":381,"status":201,"trace_id":"60eed601-135d-4a3c-a248-2ec03d1d8a11"}}
=== RUN   TestInvoiceHandler/GET_/api/v1/invoices_-_list_invoices_(happy_path)
{"timestamp":"2026-05-01T11:31:51.9518612Z","level":"DEBUG","message":"request started","fields":{"method":"POST","path":"/api/v1/invoices","remote_addr":"192.0.2.1","request_id":"f83803f8-151a-4b0d-b356-8bc1d8c6783e","trace_id":"2c742617-3513-4fac-ba51-1999a6fe94c3"}}
{"timestamp":"2026-05-01T11:31:51.9549313Z","level":"INFO","message":"request completed","fields":{"duration":"3.0701ms","method":"POST","path":"/api/v1/invoices","request_id":"f83803f8-151a-4b0d-b356-8bc1d8c6783e","response_size":386,"status":201,"trace_id":"2c742617-3513-4fac-ba51-1999a6fe94c3"}}
{"timestamp":"2026-05-01T11:31:51.9549313Z","level":"DEBUG","message":"request started","fields":{"method":"GET","path":"/api/v1/invoices","remote_addr":"192.0.2.1","request_id":"e2e0f064-5527-45b0-9e96-f3c6f048474d","trace_id":"9b5f2a20-910c-4ac9-bba8-027d99815883"}}
{"timestamp":"2026-05-01T11:31:51.9609654Z","level":"INFO","message":"request completed","fields":{"duration":"6.0341ms","method":"GET","path":"/api/v1/invoices","request_id":"e2e0f064-5527-45b0-9e96-f3c6f048474d","response_size":429,"status":200,"trace_id":"9b5f2a20-910c-4ac9-bba8-027d99815883"}}
=== RUN   TestInvoiceHandler/GET_/api/v1/invoices/:id_-_get_invoice_by_ID_(happy_path)
{"timestamp":"2026-05-01T11:31:53.8531976Z","level":"DEBUG","message":"request started","fields":{"method":"POST","path":"/api/v1/invoices","remote_addr":"192.0.2.1","request_id":"d179c8fa-b266-4520-81e0-4797bec6b66f","trace_id":"1a4f35ff-3f05-4494-a0a6-913ad000332c"}}
{"timestamp":"2026-05-01T11:31:53.8558509Z","level":"INFO","message":"request completed","fields":{"duration":"2.6533ms","method":"POST","path":"/api/v1/invoices","request_id":"d179c8fa-b266-4520-81e0-4797bec6b66f","response_size":385,"status":201,"trace_id":"1a4f35ff-3f05-4494-a0a6-913ad000332c"}}
{"timestamp":"2026-05-01T11:31:53.8558509Z","level":"DEBUG","message":"request started","fields":{"method":"GET","path":"/api/v1/invoices/3a419848-2641-486b-93c9-7a98a7618de0","remote_addr":"192.0.2.1","request_id":"1d9136bc-ad44-4fc4-aca1-9846483a0545","trace_id":"85559158-562b-4675-bc19-4b76eaa76c08"}}
{"timestamp":"2026-05-01T11:31:53.8605913Z","level":"INFO","message":"request completed","fields":{"duration":"4.7404ms","method":"GET","path":"/api/v1/invoices/3a419848-2641-486b-93c9-7a98a7618de0","request_id":"1d9136bc-ad44-4fc4-aca1-9846483a0545","response_size":385,"status":200,"trace_id":"85559158-562b-4675-bc19-4b76eaa76c08"}}
=== RUN   TestInvoiceHandler/PUT_/api/v1/invoices/:id_-_update_invoice_(happy_path)
{"timestamp":"2026-05-01T11:31:55.7361927Z","level":"DEBUG","message":"request started","fields":{"method":"POST","path":"/api/v1/invoices","remote_addr":"192.0.2.1","request_id":"51d11a30-6ee1-4377-b62b-a1858217a399","trace_id":"f6540f07-1887-492e-b49a-0c0863dd82f4"}}
{"timestamp":"2026-05-01T11:31:55.7388846Z","level":"INFO","message":"request completed","fields":{"duration":"2.6919ms","method":"POST","path":"/api/v1/invoices","request_id":"51d11a30-6ee1-4377-b62b-a1858217a399","response_size":388,"status":201,"trace_id":"f6540f07-1887-492e-b49a-0c0863dd82f4"}}
{"timestamp":"2026-05-01T11:31:55.7388846Z","level":"DEBUG","message":"request started","fields":{"method":"PUT","path":"/api/v1/invoices/1fb81b3e-7af0-4ef4-9e30-30a729d0c652","remote_addr":"192.0.2.1","request_id":"a8d105bd-fc6c-457e-8d7b-96ea1a98512c","trace_id":"933a1dc7-fa4b-471e-83d6-a1844627128e"}}
{"timestamp":"2026-05-01T11:31:55.7438176Z","level":"INFO","message":"request completed","fields":{"duration":"4.933ms","method":"PUT","path":"/api/v1/invoices/1fb81b3e-7af0-4ef4-9e30-30a729d0c652","request_id":"a8d105bd-fc6c-457e-8d7b-96ea1a98512c","response_size":386,"status":200,"trace_id":"933a1dc7-fa4b-471e-83d6-a1844627128e"}}
=== RUN   TestInvoiceHandler/DELETE_/api/v1/invoices/:id_-_soft_delete_invoice_(happy_path)
{"timestamp":"2026-05-01T11:31:57.7026719Z","level":"DEBUG","message":"request started","fields":{"method":"POST","path":"/api/v1/invoices","remote_addr":"192.0.2.1","request_id":"f13d16f1-442f-42ba-bb63-43e2010a2619","trace_id":"9787d002-3749-49c7-a225-7d3d86e2b396"}}
{"timestamp":"2026-05-01T11:31:57.7052966Z","level":"INFO","message":"request completed","fields":{"duration":"2.6247ms","method":"POST","path":"/api/v1/invoices","request_id":"f13d16f1-442f-42ba-bb63-43e2010a2619","response_size":388,"status":201,"trace_id":"9787d002-3749-49c7-a225-7d3d86e2b396"}}
{"timestamp":"2026-05-01T11:31:57.7052966Z","level":"DEBUG","message":"request started","fields":{"method":"DELETE","path":"/api/v1/invoices/a4c4443f-eab7-4a90-8ced-30db87fc2827","remote_addr":"192.0.2.1","request_id":"4524eccb-ca51-4817-b37c-10c16fdc70e7","trace_id":"8d6044d5-e272-4a89-ae53-5392dbf35055"}}
{"timestamp":"2026-05-01T11:31:57.7112072Z","level":"INFO","message":"request completed","fields":{"duration":"5.9105ms","method":"DELETE","path":"/api/v1/invoices/a4c4443f-eab7-4a90-8ced-30db87fc2827","request_id":"4524eccb-ca51-4817-b37c-10c16fdc70e7","response_size":148,"status":200,"trace_id":"8d6044d5-e272-4a89-ae53-5392dbf35055"}}
{"timestamp":"2026-05-01T11:31:57.7112072Z","level":"DEBUG","message":"request started","fields":{"method":"GET","path":"/api/v1/invoices/a4c4443f-eab7-4a90-8ced-30db87fc2827","remote_addr":"192.0.2.1","request_id":"a29719f3-d9ff-4953-8674-3ac0f9c99e08","trace_id":"4aba3e19-8b63-4a39-8b18-09c06e8f908c"}}
{"timestamp":"2026-05-01T11:31:57.7121402Z","level":"WARN","message":"request completed with client error","fields":{"duration":"933┬╡s","method":"GET","path":"/api/v1/invoices/a4c4443f-eab7-4a90-8ced-30db87fc2827","request_id":"a29719f3-d9ff-4953-8674-3ac0f9c99e08","response_size":158,"status":404,"trace_id":"4aba3e19-8b63-4a39-8b18-09c06e8f908c"}}
=== RUN   TestInvoiceHandler/unauthenticated_requests_return_401
{"timestamp":"2026-05-01T11:31:59.7941535Z","level":"DEBUG","message":"request started","fields":{"method":"POST","path":"/api/v1/invoices","remote_addr":"192.0.2.1","request_id":"de2edb2f-c945-4dfc-9517-6819291be289","trace_id":"9dd7948f-da94-4cfa-ae14-5726393a1d7b"}}
{"timestamp":"2026-05-01T11:31:59.7952651Z","level":"WARN","message":"request completed with client error","fields":{"duration":"1.1116ms","method":"POST","path":"/api/v1/invoices","request_id":"de2edb2f-c945-4dfc-9517-6819291be289","response_size":0,"status":401,"trace_id":"9dd7948f-da94-4cfa-ae14-5726393a1d7b"}}
{"timestamp":"2026-05-01T11:31:59.7960371Z","level":"DEBUG","message":"request started","fields":{"method":"GET","path":"/api/v1/invoices","remote_addr":"192.0.2.1","request_id":"364d2c2f-6784-4a8d-8ed8-05fee25e4c59","trace_id":"b7ee7c7d-a681-4fdf-bacb-5b603eb7d8a2"}}
{"timestamp":"2026-05-01T11:31:59.7966389Z","level":"WARN","message":"request completed with client error","fields":{"duration":"1.3738ms","method":"GET","path":"/api/v1/invoices","request_id":"364d2c2f-6784-4a8d-8ed8-05fee25e4c59","response_size":0,"status":401,"trace_id":"b7ee7c7d-a681-4fdf-bacb-5b603eb7d8a2"}}
{"timestamp":"2026-05-01T11:31:59.7966389Z","level":"DEBUG","message":"request started","fields":{"method":"GET","path":"/api/v1/invoices/00000000-0000-0000-0000-000000000001","remote_addr":"192.0.2.1","request_id":"a3f7de79-cb1d-4cfd-834f-bf3aa04c83a2","trace_id":"394e28b1-703a-46b9-a851-37ee96fe91e1"}}
{"timestamp":"2026-05-01T11:31:59.7974163Z","level":"WARN","message":"request completed with client error","fields":{"duration":"777.4┬╡s","method":"GET","path":"/api/v1/invoices/00000000-0000-0000-0000-000000000001","request_id":"a3f7de79-cb1d-4cfd-834f-bf3aa04c83a2","response_size":0,"status":401,"trace_id":"394e28b1-703a-46b9-a851-37ee96fe91e1"}}
{"timestamp":"2026-05-01T11:31:59.7974163Z","level":"DEBUG","message":"request started","fields":{"method":"PUT","path":"/api/v1/invoices/00000000-0000-0000-0000-000000000001","remote_addr":"192.0.2.1","request_id":"44e69e56-a047-43f1-b2a0-432db49c9d16","trace_id":"129b0cc1-b779-4a09-b79e-84ce320b8cb9"}}
{"timestamp":"2026-05-01T11:31:59.7974163Z","level":"WARN","message":"request completed with client error","fields":{"duration":"0s","method":"PUT","path":"/api/v1/invoices/00000000-0000-0000-0000-000000000001","request_id":"44e69e56-a047-43f1-b2a0-432db49c9d16","response_size":0,"status":401,"trace_id":"129b0cc1-b779-4a09-b79e-84ce320b8cb9"}}
{"timestamp":"2026-05-01T11:31:59.7974163Z","level":"DEBUG","message":"request started","fields":{"method":"DELETE","path":"/api/v1/invoices/00000000-0000-0000-0000-000000000001","remote_addr":"192.0.2.1","request_id":"2b8edd70-1cd2-4ba0-bdff-78ab1fd72954","trace_id":"921a45fa-3abe-4f97-9425-08f62035a99a"}}
{"timestamp":"2026-05-01T11:31:59.7981499Z","level":"WARN","message":"request completed with client error","fields":{"duration":"733.6┬╡s","method":"DELETE","path":"/api/v1/invoices/00000000-0000-0000-0000-000000000001","request_id":"2b8edd70-1cd2-4ba0-bdff-78ab1fd72954","response_size":0,"status":401,"trace_id":"921a45fa-3abe-4f97-9425-08f62035a99a"}}
--- PASS: TestInvoiceHandler (13.62s)
    --- PASS: TestInvoiceHandler/POST_/api/v1/invoices_-_create_invoice_(happy_path) (1.90s)
    --- PASS: TestInvoiceHandler/GET_/api/v1/invoices_-_list_invoices_(happy_path) (1.83s)
    --- PASS: TestInvoiceHandler/GET_/api/v1/invoices/:id_-_get_invoice_by_ID_(happy_path) (1.90s)
    --- PASS: TestInvoiceHandler/PUT_/api/v1/invoices/:id_-_update_invoice_(happy_path) (1.88s)
    --- PASS: TestInvoiceHandler/DELETE_/api/v1/invoices/:id_-_soft_delete_invoice_(happy_path) (1.97s)
    --- PASS: TestInvoiceHandler/unauthenticated_requests_return_401 (2.09s)
=== RUN   TestInvoiceScope_UserCanAccessOwnInvoice
--- PASS: TestInvoiceScope_UserCanAccessOwnInvoice (2.14s)
=== RUN   TestInvoiceScope_UserCannotAccessOtherUserInvoice
--- PASS: TestInvoiceScope_UserCannotAccessOtherUserInvoice (1.95s)
=== RUN   TestInvoiceScope_AdminCanAccessAnyInvoice
--- PASS: TestInvoiceScope_AdminCanAccessAnyInvoice (2.00s)
=== RUN   TestInvoiceScope_UserCanUpdateOwnInvoice
--- PASS: TestInvoiceScope_UserCanUpdateOwnInvoice (2.00s)
=== RUN   TestInvoiceScope_UserCannotUpdateOtherUserInvoice
--- PASS: TestInvoiceScope_UserCannotUpdateOtherUserInvoice (2.27s)
=== RUN   TestInvoiceScope_AdminCanUpdateAnyInvoice
--- PASS: TestInvoiceScope_AdminCanUpdateAnyInvoice (1.95s)
=== RUN   TestInvoiceScope_UserCanDeleteOwnInvoice
--- PASS: TestInvoiceScope_UserCanDeleteOwnInvoice (1.95s)
=== RUN   TestInvoiceScope_UserCannotDeleteOtherUserInvoice
--- PASS: TestInvoiceScope_UserCannotDeleteOtherUserInvoice (1.87s)
=== RUN   TestInvoiceScope_AdminCanDeleteAnyInvoice
--- PASS: TestInvoiceScope_AdminCanDeleteAnyInvoice (1.99s)
=== RUN   TestInvoiceScope_ListByUser
--- PASS: TestInvoiceScope_ListByUser (1.82s)
=== RUN   TestInvoiceScope_SoftDelete
--- PASS: TestInvoiceScope_SoftDelete (1.40s)
=== RUN   TestInvoiceScope_OwnershipEnforced
--- PASS: TestInvoiceScope_OwnershipEnforced (1.72s)
=== RUN   TestInvoiceService_Create_ValidData
--- PASS: TestInvoiceService_Create_ValidData (1.66s)
=== RUN   TestInvoiceService_Create_ValidationError
=== RUN   TestInvoiceService_Create_ValidationError/empty_customer
=== RUN   TestInvoiceService_Create_ValidationError/zero_amount
=== RUN   TestInvoiceService_Create_ValidationError/negative_amount
--- PASS: TestInvoiceService_Create_ValidationError (1.31s)
    --- PASS: TestInvoiceService_Create_ValidationError/empty_customer (0.00s)
    --- PASS: TestInvoiceService_Create_ValidationError/zero_amount (0.00s)
    --- PASS: TestInvoiceService_Create_ValidationError/negative_amount (0.00s)
=== RUN   TestInvoiceService_GetByID
--- PASS: TestInvoiceService_GetByID (1.10s)
=== RUN   TestInvoiceService_GetByID_NotFound
--- PASS: TestInvoiceService_GetByID_NotFound (1.62s)
=== RUN   TestInvoiceService_Update
--- PASS: TestInvoiceService_Update (1.43s)
=== RUN   TestInvoiceService_Update_NotFound
--- PASS: TestInvoiceService_Update_NotFound (1.65s)
=== RUN   TestInvoiceService_Delete
--- PASS: TestInvoiceService_Delete (1.62s)
=== RUN   TestInvoiceService_Delete_NotFound
--- PASS: TestInvoiceService_Delete_NotFound (1.52s)
=== RUN   TestInvoiceService_ListByUser
--- PASS: TestInvoiceService_ListByUser (1.48s)
=== RUN   TestInvoiceService_ListAll
--- PASS: TestInvoiceService_ListAll (1.70s)
=== RUN   TestMediaUpload
    testsuite.go:235: Migrations already run, skipping
2026/05/01 19:32:39 INFO Casbin enforcer initialized successfully
=== RUN   TestMediaUpload/successful_upload
2026/05/01 19:32:41 INFO file stored successfully path=news/002f7e9b-a1d8-4549-88c6-b92185a3b4d4/75595023-2855-46be-bb7a-fc0658126abb.jpg size=12
2026/05/01 19:32:41 INFO Media uploaded successfully media_id=fee449db-ba85-4f1a-b80e-388671865720 user_id=d2e4766b-d4d2-4c03-aed1-6596b7cfd38e model_type=news size=12
=== RUN   TestMediaUpload/unauthorized_upload
=== RUN   TestMediaUpload/invalid_model_ID
--- PASS: TestMediaUpload (6.76s)
    --- PASS: TestMediaUpload/successful_upload (1.21s)
    --- PASS: TestMediaUpload/unauthorized_upload (1.57s)
    --- PASS: TestMediaUpload/invalid_model_ID (1.91s)
=== RUN   TestMediaDownload
    testsuite.go:235: Migrations already run, skipping
2026/05/01 19:32:46 INFO Casbin enforcer initialized successfully
=== RUN   TestMediaDownload/download_existing_media
2026/05/01 19:32:47 INFO file stored successfully path=news/7754305c-f3fc-4f2c-bb42-b159468b75e4/test-file.jpg size=12
=== RUN   TestMediaDownload/download_non-existent_media
--- PASS: TestMediaDownload (4.82s)
    --- PASS: TestMediaDownload/download_existing_media (1.40s)
    --- PASS: TestMediaDownload/download_non-existent_media (1.61s)
=== RUN   TestMediaDelete
    testsuite.go:235: Migrations already run, skipping
2026/05/01 19:32:51 INFO Casbin enforcer initialized successfully
=== RUN   TestMediaDelete/delete_own_media
2026/05/01 19:32:52 INFO Media deleted media_id=01c7974f-4323-43bc-9763-7880fe5fe3c3 user_id=f6f360a3-508b-4e7c-b358-a545877b95e0
=== RUN   TestMediaDelete/delete_non-existent_media
--- PASS: TestMediaDelete (4.45s)
    --- PASS: TestMediaDelete/delete_own_media (1.51s)
    --- PASS: TestMediaDelete/delete_non-existent_media (1.42s)
=== RUN   TestMediaList
    testsuite.go:235: Migrations already run, skipping
2026/05/01 19:32:55 INFO Casbin enforcer initialized successfully
=== RUN   TestMediaList/list_media_for_model
--- PASS: TestMediaList (3.36s)
    --- PASS: TestMediaList/list_media_for_model (1.64s)
=== RUN   TestMediaSignedURL
    testsuite.go:235: Migrations already run, skipping
2026/05/01 19:32:58 INFO Casbin enforcer initialized successfully
=== RUN   TestMediaSignedURL/generate_signed_URL
--- PASS: TestMediaSignedURL (3.00s)
    --- PASS: TestMediaSignedURL/generate_signed_URL (1.60s)
=== RUN   TestMediaAdminEndpoints
    testsuite.go:235: Migrations already run, skipping
2026/05/01 19:33:02 INFO Casbin enforcer initialized successfully
=== RUN   TestMediaAdminEndpoints/admin_stats
=== RUN   TestMediaAdminEndpoints/admin_cleanup
--- PASS: TestMediaAdminEndpoints (4.99s)
    --- PASS: TestMediaAdminEndpoints/admin_stats (1.54s)
    --- PASS: TestMediaAdminEndpoints/admin_cleanup (1.66s)
=== RUN   TestJWTMiddleware_NoToken
--- PASS: TestJWTMiddleware_NoToken (1.42s)
=== RUN   TestJWTMiddleware_ValidToken
--- PASS: TestJWTMiddleware_ValidToken (1.77s)
=== RUN   TestJWTMiddleware_ExpiredToken
--- PASS: TestJWTMiddleware_ExpiredToken (1.48s)
=== RUN   TestJWTMiddleware_MalformedToken
--- PASS: TestJWTMiddleware_MalformedToken (1.58s)
=== RUN   TestJWTMiddleware_InvalidSignature
--- PASS: TestJWTMiddleware_InvalidSignature (1.79s)
=== RUN   TestJWTMiddleware_InvalidHeaderFormat
=== RUN   TestJWTMiddleware_InvalidHeaderFormat/missing_bearer_prefix
=== RUN   TestJWTMiddleware_InvalidHeaderFormat/wrong_auth_scheme
=== RUN   TestJWTMiddleware_InvalidHeaderFormat/bearer_without_token
=== RUN   TestJWTMiddleware_InvalidHeaderFormat/bearer_with_whitespace_only
--- PASS: TestJWTMiddleware_InvalidHeaderFormat (2.79s)
    --- PASS: TestJWTMiddleware_InvalidHeaderFormat/missing_bearer_prefix (0.00s)
    --- PASS: TestJWTMiddleware_InvalidHeaderFormat/wrong_auth_scheme (0.00s)
    --- PASS: TestJWTMiddleware_InvalidHeaderFormat/bearer_without_token (0.00s)
    --- PASS: TestJWTMiddleware_InvalidHeaderFormat/bearer_with_whitespace_only (0.00s)
=== RUN   TestGetUserClaims_ExtractsCorrectUserInfo
--- PASS: TestGetUserClaims_ExtractsCorrectUserInfo (3.34s)
=== RUN   TestGetUserClaims_NoClaimsInContext
--- PASS: TestGetUserClaims_NoClaimsInContext (0.00s)
=== RUN   TestGetUserID_ValidatesUUID
--- PASS: TestGetUserID_ValidatesUUID (3.21s)
=== RUN   TestGetUserEmail_ExtractsCorrectly
--- PASS: TestGetUserEmail_ExtractsCorrectly (3.73s)
=== RUN   TestJWTMiddleware_SkipperFunction
=== RUN   TestJWTMiddleware_SkipperFunction/skipped_endpoint_without_token
=== RUN   TestJWTMiddleware_SkipperFunction/protected_endpoint_without_token
--- PASS: TestJWTMiddleware_SkipperFunction (3.46s)
    --- PASS: TestJWTMiddleware_SkipperFunction/skipped_endpoint_without_token (0.00s)
    --- PASS: TestJWTMiddleware_SkipperFunction/protected_endpoint_without_token (0.00s)
=== RUN   TestGetClaims_LegacyHelper
--- PASS: TestGetClaims_LegacyHelper (3.39s)
=== RUN   TestGetClaims_NoClaims
--- PASS: TestGetClaims_NoClaims (0.00s)
=== RUN   TestJWTWithSkipper
=== RUN   TestJWTWithSkipper/public_path_without_token
=== RUN   TestJWTWithSkipper/protected_path_without_token
--- PASS: TestJWTWithSkipper (3.28s)
    --- PASS: TestJWTWithSkipper/public_path_without_token (0.00s)
    --- PASS: TestJWTWithSkipper/protected_path_without_token (0.00s)
=== RUN   TestNews_CRUD_Full
    testsuite.go:235: Migrations already run, skipping
=== RUN   TestNews_CRUD_Full/Create_News_Article
=== RUN   TestNews_CRUD_Full/Get_News_by_ID
=== RUN   TestNews_CRUD_Full/Get_News_by_Slug
=== RUN   TestNews_CRUD_Full/List_News_Articles
=== RUN   TestNews_CRUD_Full/Update_News_Article
=== RUN   TestNews_CRUD_Full/Update_News_Status
=== RUN   TestNews_CRUD_Full/Delete_News_Article
--- PASS: TestNews_CRUD_Full (26.38s)
    --- PASS: TestNews_CRUD_Full/Create_News_Article (3.24s)
    --- PASS: TestNews_CRUD_Full/Get_News_by_ID (3.88s)
    --- PASS: TestNews_CRUD_Full/Get_News_by_Slug (3.75s)
    --- PASS: TestNews_CRUD_Full/List_News_Articles (3.92s)
    --- PASS: TestNews_CRUD_Full/Update_News_Article (3.70s)
    --- PASS: TestNews_CRUD_Full/Update_News_Status (2.45s)
    --- PASS: TestNews_CRUD_Full/Delete_News_Article (2.06s)
=== RUN   TestNews_PermissionEnforcement
    testsuite.go:235: Migrations already run, skipping
=== RUN   TestNews_PermissionEnforcement/Non-owner_Cannot_Access_Other's_Draft
=== RUN   TestNews_PermissionEnforcement/Non-owner_Can_Access_Published_Article
=== RUN   TestNews_PermissionEnforcement/Non-owner_Cannot_Update_Other's_Article
=== RUN   TestNews_PermissionEnforcement/Non-owner_Cannot_Delete_Other's_Article
--- PASS: TestNews_PermissionEnforcement (11.79s)
    --- PASS: TestNews_PermissionEnforcement/Non-owner_Cannot_Access_Other's_Draft (2.12s)
    --- PASS: TestNews_PermissionEnforcement/Non-owner_Can_Access_Published_Article (2.45s)
    --- PASS: TestNews_PermissionEnforcement/Non-owner_Cannot_Update_Other's_Article (2.59s)
    --- PASS: TestNews_PermissionEnforcement/Non-owner_Cannot_Delete_Other's_Article (2.33s)
=== RUN   TestNews_StatusTransitions
    testsuite.go:235: Migrations already run, skipping
=== RUN   TestNews_StatusTransitions/Draft_to_Published
=== RUN   TestNews_StatusTransitions/Draft_to_Archived
=== RUN   TestNews_StatusTransitions/Archived_to_Draft
=== RUN   TestNews_StatusTransitions/Archived_to_Published_-_Invalid
--- PASS: TestNews_StatusTransitions (10.56s)
    --- PASS: TestNews_StatusTransitions/Draft_to_Published (2.04s)
    --- PASS: TestNews_StatusTransitions/Draft_to_Archived (2.01s)
    --- PASS: TestNews_StatusTransitions/Archived_to_Draft (2.15s)
    --- PASS: TestNews_StatusTransitions/Archived_to_Published_-_Invalid (2.17s)
=== RUN   TestNews_Validation
    testsuite.go:235: Migrations already run, skipping
=== RUN   TestNews_Validation/Create_with_Empty_Title
=== RUN   TestNews_Validation/Create_with_Empty_Content
=== RUN   TestNews_Validation/Update_with_Invalid_Status
--- PASS: TestNews_Validation (8.17s)
    --- PASS: TestNews_Validation/Create_with_Empty_Title (2.08s)
    --- PASS: TestNews_Validation/Create_with_Empty_Content (1.96s)
    --- PASS: TestNews_Validation/Update_with_Invalid_Status (2.16s)
=== RUN   TestNotificationHandler_List
    testsuite.go:235: Migrations already run, skipping
=== RUN   TestNotificationHandler_List/pagination_limit_and_offset
2026/05/01 19:34:37 INFO Casbin enforcer initialized successfully
2026/05/01 19:34:37 INFO Swagger documentation disabled
{"timestamp":"2026-05-01T11:34:37.7709299Z","level":"DEBUG","message":"request started","fields":{"method":"GET","path":"/api/v1/me","remote_addr":"192.0.2.1","request_id":"c471690d-2732-471a-a5bf-293a391ca4a0","trace_id":"31a86532-28c1-4b75-8b71-17bb93ccb397"}}
{"timestamp":"2026-05-01T11:34:37.7714428Z","level":"INFO","message":"fetching current user","fields":{"request_id":"c471690d-2732-471a-a5bf-293a391ca4a0","trace_id":"31a86532-28c1-4b75-8b71-17bb93ccb397","user_id":"a9221247-ebbe-4bbd-9edb-08d39b832050"}}
{"timestamp":"2026-05-01T11:34:37.7714428Z","level":"INFO","message":"request completed","fields":{"duration":"512.9┬╡s","method":"GET","path":"/api/v1/me","request_id":"c471690d-2732-471a-a5bf-293a391ca4a0","response_size":294,"status":200,"trace_id":"31a86532-28c1-4b75-8b71-17bb93ccb397"}}
{"timestamp":"2026-05-01T11:34:37.7845859Z","level":"DEBUG","message":"request started","fields":{"method":"GET","path":"/api/v1/notifications","query":"limit=10\u0026offset=0","remote_addr":"192.0.2.1","request_id":"61ea7580-3bc3-4862-bb73-86d413f75df7","trace_id":"b7a1e677-21c0-4218-b780-6a838461e2f9"}}
{"timestamp":"2026-05-01T11:34:37.7859638Z","level":"INFO","message":"request completed","fields":{"duration":"1.3779ms","method":"GET","path":"/api/v1/notifications","request_id":"61ea7580-3bc3-4862-bb73-86d413f75df7","response_size":2429,"status":200,"trace_id":"b7a1e677-21c0-4218-b780-6a838461e2f9"}}
{"timestamp":"2026-05-01T11:34:37.7859638Z","level":"DEBUG","message":"request started","fields":{"method":"GET","path":"/api/v1/notifications","query":"limit=10\u0026offset=10","remote_addr":"192.0.2.1","request_id":"63ea5d30-5832-491c-bc8a-a589b9f66c46","trace_id":"4c177555-3bff-4c02-87d2-48cc8005327a"}}
{"timestamp":"2026-05-01T11:34:37.7866353Z","level":"INFO","message":"request completed","fields":{"duration":"671.5┬╡s","method":"GET","path":"/api/v1/notifications","request_id":"63ea5d30-5832-491c-bc8a-a589b9f66c46","response_size":2425,"status":200,"trace_id":"4c177555-3bff-4c02-87d2-48cc8005327a"}}
{"timestamp":"2026-05-01T11:34:37.7866353Z","level":"DEBUG","message":"request started","fields":{"method":"GET","path":"/api/v1/notifications","query":"limit=10\u0026offset=20","remote_addr":"192.0.2.1","request_id":"3fd2607f-cb96-43ca-97db-0cce6abb0e32","trace_id":"db8aa800-3704-40e3-9f4f-da8d60a976e3"}}
{"timestamp":"2026-05-01T11:34:37.788055Z","level":"INFO","message":"request completed","fields":{"duration":"1.4197ms","method":"GET","path":"/api/v1/notifications","request_id":"3fd2607f-cb96-43ca-97db-0cce6abb0e32","response_size":1285,"status":200,"trace_id":"db8aa800-3704-40e3-9f4f-da8d60a976e3"}}
=== RUN   TestNotificationHandler_List/unread_only_filter
2026/05/01 19:34:39 INFO Casbin enforcer initialized successfully
2026/05/01 19:34:39 INFO Swagger documentation disabled
{"timestamp":"2026-05-01T11:34:39.6853783Z","level":"DEBUG","message":"request started","fields":{"method":"GET","path":"/api/v1/me","remote_addr":"192.0.2.1","request_id":"46bf17b1-d9b0-4b82-a06e-8d98cea1b3aa","trace_id":"211be353-dd3f-427f-ab49-6f43033a4f7c"}}
{"timestamp":"2026-05-01T11:34:39.6857886Z","level":"INFO","message":"fetching current user","fields":{"request_id":"46bf17b1-d9b0-4b82-a06e-8d98cea1b3aa","trace_id":"211be353-dd3f-427f-ab49-6f43033a4f7c","user_id":"ec08395a-3416-4952-96a1-f2a86d09fcd3"}}
{"timestamp":"2026-05-01T11:34:39.6857886Z","level":"INFO","message":"request completed","fields":{"duration":"410.3┬╡s","method":"GET","path":"/api/v1/me","request_id":"46bf17b1-d9b0-4b82-a06e-8d98cea1b3aa","response_size":294,"status":200,"trace_id":"211be353-dd3f-427f-ab49-6f43033a4f7c"}}
{"timestamp":"2026-05-01T11:34:39.693012Z","level":"DEBUG","message":"request started","fields":{"method":"GET","path":"/api/v1/notifications","query":"unread_only=true","remote_addr":"192.0.2.1","request_id":"b2a05a34-3bcd-4c19-ac0e-04a0d61a6075","trace_id":"7eb9dabe-e338-479b-a4ca-57399e893469"}}
{"timestamp":"2026-05-01T11:34:39.6936037Z","level":"INFO","message":"request completed","fields":{"duration":"591.7┬╡s","method":"GET","path":"/api/v1/notifications","request_id":"b2a05a34-3bcd-4c19-ac0e-04a0d61a6075","response_size":853,"status":200,"trace_id":"7eb9dabe-e338-479b-a4ca-57399e893469"}}
=== RUN   TestNotificationHandler_List/archived_notifications_are_hidden
2026/05/01 19:34:41 INFO Casbin enforcer initialized successfully
2026/05/01 19:34:41 INFO Swagger documentation disabled
{"timestamp":"2026-05-01T11:34:41.7038222Z","level":"DEBUG","message":"request started","fields":{"method":"GET","path":"/api/v1/me","remote_addr":"192.0.2.1","request_id":"0a36f7c0-17cf-4468-90c5-4b081969d5a9","trace_id":"edfdd0c5-a47b-4164-88d1-9938983792e4"}}
{"timestamp":"2026-05-01T11:34:41.7043813Z","level":"INFO","message":"fetching current user","fields":{"request_id":"0a36f7c0-17cf-4468-90c5-4b081969d5a9","trace_id":"edfdd0c5-a47b-4164-88d1-9938983792e4","user_id":"5ff95df3-b44c-4649-ac2a-6e31c33cdebd"}}
{"timestamp":"2026-05-01T11:34:41.7043813Z","level":"INFO","message":"request completed","fields":{"duration":"559.1┬╡s","method":"GET","path":"/api/v1/me","request_id":"0a36f7c0-17cf-4468-90c5-4b081969d5a9","response_size":294,"status":200,"trace_id":"edfdd0c5-a47b-4164-88d1-9938983792e4"}}
{"timestamp":"2026-05-01T11:34:41.7101739Z","level":"DEBUG","message":"request started","fields":{"method":"GET","path":"/api/v1/notifications","remote_addr":"192.0.2.1","request_id":"52e73851-eb6b-4066-a1f7-3636faa8e9d6","trace_id":"98523d62-c093-4635-a8d1-21adbeb55650"}}
{"timestamp":"2026-05-01T11:34:41.7107193Z","level":"INFO","message":"request completed","fields":{"duration":"545.4┬╡s","method":"GET","path":"/api/v1/notifications","request_id":"52e73851-eb6b-4066-a1f7-3636faa8e9d6","response_size":832,"status":200,"trace_id":"98523d62-c093-4635-a8d1-21adbeb55650"}}
--- PASS: TestNotificationHandler_List (8.26s)
    --- PASS: TestNotificationHandler_List/pagination_limit_and_offset (2.36s)
    --- PASS: TestNotificationHandler_List/unread_only_filter (1.91s)
    --- PASS: TestNotificationHandler_List/archived_notifications_are_hidden (2.02s)
=== RUN   TestNotificationHandler_CountUnread
    testsuite.go:235: Migrations already run, skipping
=== RUN   TestNotificationHandler_CountUnread/counts_only_unread_notifications
2026/05/01 19:34:45 INFO Casbin enforcer initialized successfully
2026/05/01 19:34:45 INFO Swagger documentation disabled
{"timestamp":"2026-05-01T11:34:45.855039Z","level":"DEBUG","message":"request started","fields":{"method":"GET","path":"/api/v1/me","remote_addr":"192.0.2.1","request_id":"7181d12d-89e7-47b0-9a3c-5ec282ba306f","trace_id":"f26b898f-1e7b-4b30-a764-b43d04cb2c36"}}
{"timestamp":"2026-05-01T11:34:45.855039Z","level":"INFO","message":"fetching current user","fields":{"request_id":"7181d12d-89e7-47b0-9a3c-5ec282ba306f","trace_id":"f26b898f-1e7b-4b30-a764-b43d04cb2c36","user_id":"3160fc68-32b7-4aed-8bed-ec05ffa620cd"}}
{"timestamp":"2026-05-01T11:34:45.8556757Z","level":"INFO","message":"request completed","fields":{"duration":"636.7┬╡s","method":"GET","path":"/api/v1/me","request_id":"7181d12d-89e7-47b0-9a3c-5ec282ba306f","response_size":294,"status":200,"trace_id":"f26b898f-1e7b-4b30-a764-b43d04cb2c36"}}
{"timestamp":"2026-05-01T11:34:45.8609046Z","level":"DEBUG","message":"request started","fields":{"method":"GET","path":"/api/v1/notifications/unread-count","remote_addr":"192.0.2.1","request_id":"18e6c1d6-daec-4196-b318-6dedf6bac959","trace_id":"296945d3-aeb3-4aab-be41-321ad1e4753e"}}
{"timestamp":"2026-05-01T11:34:45.8615081Z","level":"INFO","message":"request completed","fields":{"duration":"603.5┬╡s","method":"GET","path":"/api/v1/notifications/unread-count","request_id":"18e6c1d6-daec-4196-b318-6dedf6bac959","response_size":124,"status":200,"trace_id":"296945d3-aeb3-4aab-be41-321ad1e4753e"}}
=== RUN   TestNotificationHandler_CountUnread/unauthenticated_returns_401
2026/05/01 19:34:47 INFO Casbin enforcer initialized successfully
2026/05/01 19:34:47 INFO Swagger documentation disabled
{"timestamp":"2026-05-01T11:34:47.8860616Z","level":"DEBUG","message":"request started","fields":{"method":"GET","path":"/api/v1/notifications/unread-count","remote_addr":"192.0.2.1","request_id":"7cf55541-ba08-48d2-a078-775e8d531413","trace_id":"23dcee6e-07c9-4722-aaaa-dac95174c540"}}
{"timestamp":"2026-05-01T11:34:47.8868954Z","level":"WARN","message":"request completed with client error","fields":{"duration":"833.8┬╡s","method":"GET","path":"/api/v1/notifications/unread-count","request_id":"7cf55541-ba08-48d2-a078-775e8d531413","response_size":0,"status":401,"trace_id":"23dcee6e-07c9-4722-aaaa-dac95174c540"}}
--- PASS: TestNotificationHandler_CountUnread (6.18s)
    --- PASS: TestNotificationHandler_CountUnread/counts_only_unread_notifications (2.11s)
    --- PASS: TestNotificationHandler_CountUnread/unauthenticated_returns_401 (2.03s)
=== RUN   TestNotificationHandler_MarkAsRead
    testsuite.go:235: Migrations already run, skipping
=== RUN   TestNotificationHandler_MarkAsRead/marks_notification_as_read_and_sets_read_at
2026/05/01 19:34:51 INFO Casbin enforcer initialized successfully
2026/05/01 19:34:51 INFO Swagger documentation disabled
{"timestamp":"2026-05-01T11:34:51.9985188Z","level":"DEBUG","message":"request started","fields":{"method":"GET","path":"/api/v1/me","remote_addr":"192.0.2.1","request_id":"86ba7fda-aa62-4748-890a-1618b1e0aad3","trace_id":"1f72e958-92d4-4e99-b3eb-6c204b418c99"}}
{"timestamp":"2026-05-01T11:34:51.9991076Z","level":"INFO","message":"fetching current user","fields":{"request_id":"86ba7fda-aa62-4748-890a-1618b1e0aad3","trace_id":"1f72e958-92d4-4e99-b3eb-6c204b418c99","user_id":"6a59d252-24a4-4b3a-892e-463e2bfc2337"}}
{"timestamp":"2026-05-01T11:34:51.9991076Z","level":"INFO","message":"request completed","fields":{"duration":"588.8┬╡s","method":"GET","path":"/api/v1/me","request_id":"86ba7fda-aa62-4748-890a-1618b1e0aad3","response_size":294,"status":200,"trace_id":"1f72e958-92d4-4e99-b3eb-6c204b418c99"}}
{"timestamp":"2026-05-01T11:34:52.0025405Z","level":"DEBUG","message":"request started","fields":{"method":"PATCH","path":"/api/v1/notifications/a4e46347-b45a-4a8a-96f1-1e41fbbf1b31/read","remote_addr":"192.0.2.1","request_id":"ce27abc3-a38f-43fb-9216-7ef623995b2c","trace_id":"66a3b9b6-7bad-45c4-a012-eb17d4830369"}}
{"timestamp":"2026-05-01T11:34:52.0031036Z","level":"INFO","message":"request completed","fields":{"duration":"563.1┬╡s","method":"PATCH","path":"/api/v1/notifications/a4e46347-b45a-4a8a-96f1-1e41fbbf1b31/read","request_id":"ce27abc3-a38f-43fb-9216-7ef623995b2c","response_size":147,"status":200,"trace_id":"66a3b9b6-7bad-45c4-a012-eb17d4830369"}}
=== RUN   TestNotificationHandler_MarkAsRead/unauthenticated_returns_401
2026/05/01 19:34:53 INFO Casbin enforcer initialized successfully
2026/05/01 19:34:53 INFO Swagger documentation disabled
{"timestamp":"2026-05-01T11:34:53.9736228Z","level":"DEBUG","message":"request started","fields":{"method":"PATCH","path":"/api/v1/notifications/f226735c-bb28-4b9d-8d04-8c475b547976/read","remote_addr":"192.0.2.1","request_id":"bf6a978d-fe40-4571-8f5f-c37700790a03","trace_id":"9add1533-fc24-4bbc-a413-3aad861b57f0"}}
{"timestamp":"2026-05-01T11:34:53.9743926Z","level":"WARN","message":"request completed with client error","fields":{"duration":"769.8┬╡s","method":"PATCH","path":"/api/v1/notifications/f226735c-bb28-4b9d-8d04-8c475b547976/read","request_id":"bf6a978d-fe40-4571-8f5f-c37700790a03","response_size":0,"status":401,"trace_id":"9add1533-fc24-4bbc-a413-3aad861b57f0"}}
=== RUN   TestNotificationHandler_MarkAsRead/user_cannot_mark_another_user's_notification_as_read_(404)
2026/05/01 19:34:56 INFO Casbin enforcer initialized successfully
2026/05/01 19:34:56 INFO Swagger documentation disabled
{"timestamp":"2026-05-01T11:34:56.2606388Z","level":"DEBUG","message":"request started","fields":{"method":"GET","path":"/api/v1/me","remote_addr":"192.0.2.1","request_id":"09a40785-176c-49b9-bba0-74f6e7127523","trace_id":"5c65364e-c020-4b15-8969-667dba266247"}}
{"timestamp":"2026-05-01T11:34:56.2606388Z","level":"INFO","message":"fetching current user","fields":{"request_id":"09a40785-176c-49b9-bba0-74f6e7127523","trace_id":"5c65364e-c020-4b15-8969-667dba266247","user_id":"19d1d4ac-2019-424a-9b71-3681268d3798"}}
{"timestamp":"2026-05-01T11:34:56.2606388Z","level":"INFO","message":"request completed","fields":{"duration":"0s","method":"GET","path":"/api/v1/me","request_id":"09a40785-176c-49b9-bba0-74f6e7127523","response_size":294,"status":200,"trace_id":"5c65364e-c020-4b15-8969-667dba266247"}}
{"timestamp":"2026-05-01T11:34:56.264451Z","level":"DEBUG","message":"request started","fields":{"method":"PATCH","path":"/api/v1/notifications/4426b948-054a-41e5-bdc4-fb0d4dd44dac/read","remote_addr":"192.0.2.1","request_id":"b914dc25-f513-4c47-af48-47a7b9b522af","trace_id":"6572c7e0-a268-4c9c-b100-2b70ec985453"}}
{"timestamp":"2026-05-01T11:34:56.2660352Z","level":"WARN","message":"request completed with client error","fields":{"duration":"1.5842ms","method":"PATCH","path":"/api/v1/notifications/4426b948-054a-41e5-bdc4-fb0d4dd44dac/read","request_id":"b914dc25-f513-4c47-af48-47a7b9b522af","response_size":158,"status":404,"trace_id":"6572c7e0-a268-4c9c-b100-2b70ec985453"}}
--- PASS: TestNotificationHandler_MarkAsRead (8.38s)
    --- PASS: TestNotificationHandler_MarkAsRead/marks_notification_as_read_and_sets_read_at (2.19s)
    --- PASS: TestNotificationHandler_MarkAsRead/unauthenticated_returns_401 (1.97s)
    --- PASS: TestNotificationHandler_MarkAsRead/user_cannot_mark_another_user's_notification_as_read_(404) (2.29s)
=== RUN   TestNotificationHandler_MarkAllAsRead
    testsuite.go:235: Migrations already run, skipping
=== RUN   TestNotificationHandler_MarkAllAsRead/marks_all_unread_notifications_as_read
2026/05/01 19:35:00 INFO Casbin enforcer initialized successfully
2026/05/01 19:35:00 INFO Swagger documentation disabled
{"timestamp":"2026-05-01T11:35:00.7477131Z","level":"DEBUG","message":"request started","fields":{"method":"GET","path":"/api/v1/me","remote_addr":"192.0.2.1","request_id":"8ae0c992-ab57-4b41-a421-16b818addfd6","trace_id":"6d1205c5-8b12-49c3-a30c-e19890aee3cb"}}
{"timestamp":"2026-05-01T11:35:00.7483179Z","level":"INFO","message":"fetching current user","fields":{"request_id":"8ae0c992-ab57-4b41-a421-16b818addfd6","trace_id":"6d1205c5-8b12-49c3-a30c-e19890aee3cb","user_id":"68c8eabf-4738-4cd0-aef1-871686362e64"}}
{"timestamp":"2026-05-01T11:35:00.748853Z","level":"INFO","message":"request completed","fields":{"duration":"1.1399ms","method":"GET","path":"/api/v1/me","request_id":"8ae0c992-ab57-4b41-a421-16b818addfd6","response_size":294,"status":200,"trace_id":"6d1205c5-8b12-49c3-a30c-e19890aee3cb"}}
{"timestamp":"2026-05-01T11:35:00.7558997Z","level":"DEBUG","message":"request started","fields":{"method":"POST","path":"/api/v1/notifications/read-all","remote_addr":"192.0.2.1","request_id":"e0fe5bed-72ad-4d6d-b1b1-ee875000d145","trace_id":"f9113892-f151-4a7d-8c1a-752c0342c2b8"}}
{"timestamp":"2026-05-01T11:35:00.7570418Z","level":"INFO","message":"request completed","fields":{"duration":"1.1421ms","method":"POST","path":"/api/v1/notifications/read-all","request_id":"e0fe5bed-72ad-4d6d-b1b1-ee875000d145","response_size":124,"status":200,"trace_id":"f9113892-f151-4a7d-8c1a-752c0342c2b8"}}
=== RUN   TestNotificationHandler_MarkAllAsRead/marks_only_specified_type_when_type_filter_is_provided
2026/05/01 19:35:03 INFO Casbin enforcer initialized successfully
2026/05/01 19:35:03 INFO Swagger documentation disabled
{"timestamp":"2026-05-01T11:35:03.0712497Z","level":"DEBUG","message":"request started","fields":{"method":"GET","path":"/api/v1/me","remote_addr":"192.0.2.1","request_id":"63fb8616-86be-453f-9ba7-1e4eaa927b4c","trace_id":"5a7ea92f-bbd7-4964-928b-28d731797efd"}}
{"timestamp":"2026-05-01T11:35:03.0712497Z","level":"INFO","message":"fetching current user","fields":{"request_id":"63fb8616-86be-453f-9ba7-1e4eaa927b4c","trace_id":"5a7ea92f-bbd7-4964-928b-28d731797efd","user_id":"7553b22d-6e41-4b40-950e-15c3c812691b"}}
{"timestamp":"2026-05-01T11:35:03.071951Z","level":"INFO","message":"request completed","fields":{"duration":"701.3┬╡s","method":"GET","path":"/api/v1/me","request_id":"63fb8616-86be-453f-9ba7-1e4eaa927b4c","response_size":294,"status":200,"trace_id":"5a7ea92f-bbd7-4964-928b-28d731797efd"}}
{"timestamp":"2026-05-01T11:35:03.0759638Z","level":"DEBUG","message":"request started","fields":{"method":"POST","path":"/api/v1/notifications/read-all","query":"type=assignment","remote_addr":"192.0.2.1","request_id":"3244c13d-b804-4a5c-94f5-cd81f6977a63","trace_id":"bc599e05-2fba-4fa6-825a-a506d259c422"}}
{"timestamp":"2026-05-01T11:35:03.0767616Z","level":"INFO","message":"request completed","fields":{"duration":"797.8┬╡s","method":"POST","path":"/api/v1/notifications/read-all","request_id":"3244c13d-b804-4a5c-94f5-cd81f6977a63","response_size":124,"status":200,"trace_id":"bc599e05-2fba-4fa6-825a-a506d259c422"}}
=== RUN   TestNotificationHandler_MarkAllAsRead/unauthenticated_returns_401
2026/05/01 19:35:05 INFO Casbin enforcer initialized successfully
2026/05/01 19:35:05 INFO Swagger documentation disabled
{"timestamp":"2026-05-01T11:35:05.3938642Z","level":"DEBUG","message":"request started","fields":{"method":"POST","path":"/api/v1/notifications/read-all","remote_addr":"192.0.2.1","request_id":"7c65dcfc-a1d9-4bca-982c-d9b06e796a16","trace_id":"92e08a16-fdbb-45b9-8930-32080f2e4603"}}
{"timestamp":"2026-05-01T11:35:05.3938642Z","level":"WARN","message":"request completed with client error","fields":{"duration":"0s","method":"POST","path":"/api/v1/notifications/read-all","request_id":"7c65dcfc-a1d9-4bca-982c-d9b06e796a16","response_size":0,"status":401,"trace_id":"92e08a16-fdbb-45b9-8930-32080f2e4603"}}
--- PASS: TestNotificationHandler_MarkAllAsRead (9.13s)
    --- PASS: TestNotificationHandler_MarkAllAsRead/marks_all_unread_notifications_as_read (2.38s)
    --- PASS: TestNotificationHandler_MarkAllAsRead/marks_only_specified_type_when_type_filter_is_provided (2.32s)
    --- PASS: TestNotificationHandler_MarkAllAsRead/unauthenticated_returns_401 (2.32s)
=== RUN   TestNotificationHandler_Archive
    testsuite.go:235: Migrations already run, skipping
=== RUN   TestNotificationHandler_Archive/archives_notification_and_hides_from_list
2026/05/01 19:35:10 INFO Casbin enforcer initialized successfully
2026/05/01 19:35:10 INFO Swagger documentation disabled
{"timestamp":"2026-05-01T11:35:10.8362273Z","level":"DEBUG","message":"request started","fields":{"method":"GET","path":"/api/v1/me","remote_addr":"192.0.2.1","request_id":"14e5c79f-1f45-4de1-b763-605f60374dfd","trace_id":"15705b0a-1b64-4ca4-b1f3-d60ad43cd15e"}}
{"timestamp":"2026-05-01T11:35:10.8383748Z","level":"INFO","message":"fetching current user","fields":{"request_id":"14e5c79f-1f45-4de1-b763-605f60374dfd","trace_id":"15705b0a-1b64-4ca4-b1f3-d60ad43cd15e","user_id":"c22ce858-0acb-42f3-8753-209ce8849786"}}
{"timestamp":"2026-05-01T11:35:10.8393156Z","level":"INFO","message":"request completed","fields":{"duration":"3.0883ms","method":"GET","path":"/api/v1/me","request_id":"14e5c79f-1f45-4de1-b763-605f60374dfd","response_size":294,"status":200,"trace_id":"15705b0a-1b64-4ca4-b1f3-d60ad43cd15e"}}
{"timestamp":"2026-05-01T11:35:10.8650548Z","level":"DEBUG","message":"request started","fields":{"method":"DELETE","path":"/api/v1/notifications/789ffa40-3804-42a3-baca-ea180b0b4a1a","remote_addr":"192.0.2.1","request_id":"a72adfa9-f6e0-46e7-937e-05e4ae2217a5","trace_id":"e84d37d4-e690-4330-9b7c-fb413aef4581"}}
{"timestamp":"2026-05-01T11:35:10.8678694Z","level":"INFO","message":"request completed","fields":{"duration":"2.8146ms","method":"DELETE","path":"/api/v1/notifications/789ffa40-3804-42a3-baca-ea180b0b4a1a","request_id":"a72adfa9-f6e0-46e7-937e-05e4ae2217a5","response_size":141,"status":200,"trace_id":"e84d37d4-e690-4330-9b7c-fb413aef4581"}}
{"timestamp":"2026-05-01T11:35:10.8678694Z","level":"DEBUG","message":"request started","fields":{"method":"GET","path":"/api/v1/notifications","remote_addr":"192.0.2.1","request_id":"8c439472-0d09-4774-b302-89e5a3ba6591","trace_id":"0c5622a1-ba34-4af6-9fb8-a5bba3d7a8f1"}}
{"timestamp":"2026-05-01T11:35:10.8792773Z","level":"INFO","message":"request completed","fields":{"duration":"11.4079ms","method":"GET","path":"/api/v1/notifications","request_id":"8c439472-0d09-4774-b302-89e5a3ba6591","response_size":377,"status":200,"trace_id":"0c5622a1-ba34-4af6-9fb8-a5bba3d7a8f1"}}
=== RUN   TestNotificationHandler_Archive/user_cannot_archive_another_user's_notification_(404)
2026/05/01 19:35:13 INFO Casbin enforcer initialized successfully
2026/05/01 19:35:13 INFO Swagger documentation disabled
{"timestamp":"2026-05-01T11:35:13.5067861Z","level":"DEBUG","message":"request started","fields":{"method":"GET","path":"/api/v1/me","remote_addr":"192.0.2.1","request_id":"f3c15b89-4bd0-42e5-81f7-5857c528c3a6","trace_id":"2623331f-0acd-48c2-a1ca-c3a59571cb6a"}}
{"timestamp":"2026-05-01T11:35:13.5078209Z","level":"INFO","message":"fetching current user","fields":{"request_id":"f3c15b89-4bd0-42e5-81f7-5857c528c3a6","trace_id":"2623331f-0acd-48c2-a1ca-c3a59571cb6a","user_id":"b7521c90-c11f-45d0-91df-bcc34ade2a58"}}
{"timestamp":"2026-05-01T11:35:13.50906Z","level":"INFO","message":"request completed","fields":{"duration":"2.2739ms","method":"GET","path":"/api/v1/me","request_id":"f3c15b89-4bd0-42e5-81f7-5857c528c3a6","response_size":294,"status":200,"trace_id":"2623331f-0acd-48c2-a1ca-c3a59571cb6a"}}
{"timestamp":"2026-05-01T11:35:13.5140497Z","level":"DEBUG","message":"request started","fields":{"method":"DELETE","path":"/api/v1/notifications/604a496b-9f0c-41d5-9391-faa8a0a93983","remote_addr":"192.0.2.1","request_id":"7e0f9173-4faa-4e01-8b73-dd7326e8bd3c","trace_id":"143db0c4-c22e-4e13-ad6a-af3f8ac7c856"}}
{"timestamp":"2026-05-01T11:35:13.5152328Z","level":"WARN","message":"request completed with client error","fields":{"duration":"1.1831ms","method":"DELETE","path":"/api/v1/notifications/604a496b-9f0c-41d5-9391-faa8a0a93983","request_id":"7e0f9173-4faa-4e01-8b73-dd7326e8bd3c","response_size":158,"status":404,"trace_id":"143db0c4-c22e-4e13-ad6a-af3f8ac7c856"}}
=== RUN   TestNotificationHandler_Archive/unauthenticated_returns_401
2026/05/01 19:35:15 INFO Casbin enforcer initialized successfully
2026/05/01 19:35:15 INFO Swagger documentation disabled
{"timestamp":"2026-05-01T11:35:15.7088269Z","level":"DEBUG","message":"request started","fields":{"method":"DELETE","path":"/api/v1/notifications/73cf06fa-f5e0-4a37-b275-1736a37a65f5","remote_addr":"192.0.2.1","request_id":"a7a86fed-2e8f-4ff3-ad0b-fea938f17fb9","trace_id":"4b2872ea-1165-4eea-a73d-162b8707ba72"}}
{"timestamp":"2026-05-01T11:35:15.7088269Z","level":"WARN","message":"request completed with client error","fields":{"duration":"0s","method":"DELETE","path":"/api/v1/notifications/73cf06fa-f5e0-4a37-b275-1736a37a65f5","request_id":"a7a86fed-2e8f-4ff3-ad0b-fea938f17fb9","response_size":0,"status":401,"trace_id":"4b2872ea-1165-4eea-a73d-162b8707ba72"}}
--- PASS: TestNotificationHandler_Archive (10.32s)
    --- PASS: TestNotificationHandler_Archive/archives_notification_and_hides_from_list (2.67s)
    --- PASS: TestNotificationHandler_Archive/user_cannot_archive_another_user's_notification_(404) (2.63s)
    --- PASS: TestNotificationHandler_Archive/unauthenticated_returns_401 (2.19s)
=== RUN   TestNotificationHandler_GetPreferences
    testsuite.go:235: Migrations already run, skipping
=== RUN   TestNotificationHandler_GetPreferences/returns_empty_array_when_no_preferences_exist
2026/05/01 19:35:20 INFO Casbin enforcer initialized successfully
2026/05/01 19:35:20 INFO Swagger documentation disabled
{"timestamp":"2026-05-01T11:35:20.3065645Z","level":"DEBUG","message":"request started","fields":{"method":"GET","path":"/api/v1/notifications/preferences","remote_addr":"192.0.2.1","request_id":"121b1003-36e2-4d26-a9ae-e55c6a19e0dc","trace_id":"2895284d-dd8e-40c7-a02d-063c60ad9078"}}
{"timestamp":"2026-05-01T11:35:20.3077905Z","level":"INFO","message":"request completed","fields":{"duration":"1.226ms","method":"GET","path":"/api/v1/notifications/preferences","request_id":"121b1003-36e2-4d26-a9ae-e55c6a19e0dc","response_size":108,"status":200,"trace_id":"2895284d-dd8e-40c7-a02d-063c60ad9078"}}
=== RUN   TestNotificationHandler_GetPreferences/returns_preferences_after_they_are_created
2026/05/01 19:35:22 INFO Casbin enforcer initialized successfully
2026/05/01 19:35:22 INFO Swagger documentation disabled
{"timestamp":"2026-05-01T11:35:22.5183962Z","level":"DEBUG","message":"request started","fields":{"method":"PUT","path":"/api/v1/notifications/preferences","remote_addr":"192.0.2.1","request_id":"b5bbedfc-1803-4a25-831e-fc184332511e","trace_id":"aee21b72-df89-49db-aab9-b6d10aee1b5a"}}
{"timestamp":"2026-05-01T11:35:22.5212578Z","level":"INFO","message":"request completed","fields":{"duration":"2.8616ms","method":"PUT","path":"/api/v1/notifications/preferences","request_id":"b5bbedfc-1803-4a25-831e-fc184332511e","response_size":151,"status":200,"trace_id":"aee21b72-df89-49db-aab9-b6d10aee1b5a"}}
{"timestamp":"2026-05-01T11:35:22.5212578Z","level":"DEBUG","message":"request started","fields":{"method":"GET","path":"/api/v1/notifications/preferences","remote_addr":"192.0.2.1","request_id":"8fb36e5d-8e81-4879-9f66-b136dcaca056","trace_id":"24d664be-3263-40bc-80c2-38899e386a01"}}
{"timestamp":"2026-05-01T11:35:22.5232223Z","level":"INFO","message":"request completed","fields":{"duration":"1.9645ms","method":"GET","path":"/api/v1/notifications/preferences","request_id":"8fb36e5d-8e81-4879-9f66-b136dcaca056","response_size":355,"status":200,"trace_id":"24d664be-3263-40bc-80c2-38899e386a01"}}
=== RUN   TestNotificationHandler_GetPreferences/unauthenticated_returns_401
2026/05/01 19:35:24 INFO Casbin enforcer initialized successfully
2026/05/01 19:35:24 INFO Swagger documentation disabled
{"timestamp":"2026-05-01T11:35:24.5527154Z","level":"DEBUG","message":"request started","fields":{"method":"GET","path":"/api/v1/notifications/preferences","remote_addr":"192.0.2.1","request_id":"6602c4b3-4585-4079-8b56-f12292911be7","trace_id":"61742c37-bcc8-42f7-a9ce-f5d11c9333b9"}}
{"timestamp":"2026-05-01T11:35:24.5527154Z","level":"WARN","message":"request completed with client error","fields":{"duration":"0s","method":"GET","path":"/api/v1/notifications/preferences","request_id":"6602c4b3-4585-4079-8b56-f12292911be7","response_size":0,"status":401,"trace_id":"61742c37-bcc8-42f7-a9ce-f5d11c9333b9"}}
--- PASS: TestNotificationHandler_GetPreferences (8.84s)
    --- PASS: TestNotificationHandler_GetPreferences/returns_empty_array_when_no_preferences_exist (2.31s)
    --- PASS: TestNotificationHandler_GetPreferences/returns_preferences_after_they_are_created (2.22s)
    --- PASS: TestNotificationHandler_GetPreferences/unauthenticated_returns_401 (2.03s)
=== RUN   TestNotificationHandler_UpdatePreference
    testsuite.go:235: Migrations already run, skipping
=== RUN   TestNotificationHandler_UpdatePreference/creates_preference_and_persists_it
2026/05/01 19:35:28 INFO Casbin enforcer initialized successfully
2026/05/01 19:35:28 INFO Swagger documentation disabled
{"timestamp":"2026-05-01T11:35:28.8769521Z","level":"DEBUG","message":"request started","fields":{"method":"PUT","path":"/api/v1/notifications/preferences","remote_addr":"192.0.2.1","request_id":"d8e63e01-c307-4651-9e07-05659cd6577d","trace_id":"7d9cfe76-ac8c-47cc-9cb3-f12d85aa8ab3"}}
{"timestamp":"2026-05-01T11:35:28.8789727Z","level":"INFO","message":"request completed","fields":{"duration":"2.0206ms","method":"PUT","path":"/api/v1/notifications/preferences","request_id":"d8e63e01-c307-4651-9e07-05659cd6577d","response_size":151,"status":200,"trace_id":"7d9cfe76-ac8c-47cc-9cb3-f12d85aa8ab3"}}
{"timestamp":"2026-05-01T11:35:28.8789727Z","level":"DEBUG","message":"request started","fields":{"method":"GET","path":"/api/v1/notifications/preferences","remote_addr":"192.0.2.1","request_id":"a64eb76b-caa9-4696-a368-cd5849e5ec97","trace_id":"7cc50484-b1db-427e-96a2-61e18815c20c"}}
{"timestamp":"2026-05-01T11:35:28.8806921Z","level":"INFO","message":"request completed","fields":{"duration":"1.7194ms","method":"GET","path":"/api/v1/notifications/preferences","request_id":"a64eb76b-caa9-4696-a368-cd5849e5ec97","response_size":356,"status":200,"trace_id":"7cc50484-b1db-427e-96a2-61e18815c20c"}}
=== RUN   TestNotificationHandler_UpdatePreference/updates_existing_preference
2026/05/01 19:35:30 INFO Casbin enforcer initialized successfully
2026/05/01 19:35:30 INFO Swagger documentation disabled
{"timestamp":"2026-05-01T11:35:31.0015285Z","level":"DEBUG","message":"request started","fields":{"method":"PUT","path":"/api/v1/notifications/preferences","remote_addr":"192.0.2.1","request_id":"4adcbe66-3b00-45d9-86d9-843142490e3d","trace_id":"35706c9c-a905-49b0-aaa4-c4920bbb78b2"}}
{"timestamp":"2026-05-01T11:35:31.0036752Z","level":"INFO","message":"request completed","fields":{"duration":"2.1467ms","method":"PUT","path":"/api/v1/notifications/preferences","request_id":"4adcbe66-3b00-45d9-86d9-843142490e3d","response_size":151,"status":200,"trace_id":"35706c9c-a905-49b0-aaa4-c4920bbb78b2"}}
{"timestamp":"2026-05-01T11:35:31.0036752Z","level":"DEBUG","message":"request started","fields":{"method":"PUT","path":"/api/v1/notifications/preferences","remote_addr":"192.0.2.1","request_id":"1a67003d-702c-4bad-ae95-27b9ad367983","trace_id":"729b0f19-2d93-4aa2-be42-65da24479377"}}
{"timestamp":"2026-05-01T11:35:31.0046351Z","level":"INFO","message":"request completed","fields":{"duration":"959.9┬╡s","method":"PUT","path":"/api/v1/notifications/preferences","request_id":"1a67003d-702c-4bad-ae95-27b9ad367983","response_size":151,"status":200,"trace_id":"729b0f19-2d93-4aa2-be42-65da24479377"}}
{"timestamp":"2026-05-01T11:35:31.0046351Z","level":"DEBUG","message":"request started","fields":{"method":"GET","path":"/api/v1/notifications/preferences","remote_addr":"192.0.2.1","request_id":"196f39a8-2ee0-41bf-8287-0095755238c9","trace_id":"9420bd08-20a4-44bc-aa98-1da03c16988b"}}
{"timestamp":"2026-05-01T11:35:31.0056706Z","level":"INFO","message":"request completed","fields":{"duration":"1.0355ms","method":"GET","path":"/api/v1/notifications/preferences","request_id":"196f39a8-2ee0-41bf-8287-0095755238c9","response_size":359,"status":200,"trace_id":"9420bd08-20a4-44bc-aa98-1da03c16988b"}}
=== RUN   TestNotificationHandler_UpdatePreference/validation_error_for_invalid_type
2026/05/01 19:35:32 INFO Casbin enforcer initialized successfully
2026/05/01 19:35:32 INFO Swagger documentation disabled
{"timestamp":"2026-05-01T11:35:33.0098844Z","level":"DEBUG","message":"request started","fields":{"method":"PUT","path":"/api/v1/notifications/preferences","remote_addr":"192.0.2.1","request_id":"4e11cfad-d885-4744-b465-238cefa16cf7","trace_id":"986bf1ad-2d4f-40c6-9348-6b5b85534c5f"}}
{"timestamp":"2026-05-01T11:35:33.0098844Z","level":"WARN","message":"request completed with client error","fields":{"duration":"0s","method":"PUT","path":"/api/v1/notifications/preferences","request_id":"4e11cfad-d885-4744-b465-238cefa16cf7","response_size":308,"status":400,"trace_id":"986bf1ad-2d4f-40c6-9348-6b5b85534c5f"}}
=== RUN   TestNotificationHandler_UpdatePreference/unauthenticated_returns_401
2026/05/01 19:35:34 INFO Casbin enforcer initialized successfully
2026/05/01 19:35:34 INFO Swagger documentation disabled
{"timestamp":"2026-05-01T11:35:34.9847753Z","level":"DEBUG","message":"request started","fields":{"method":"PUT","path":"/api/v1/notifications/preferences","remote_addr":"192.0.2.1","request_id":"d05bbb90-02f7-433c-a5a4-9749083fdc45","trace_id":"ef3db956-91a9-47e8-a0b6-d69f2d905ee3"}}
{"timestamp":"2026-05-01T11:35:34.985894Z","level":"WARN","message":"request completed with client error","fields":{"duration":"1.1187ms","method":"PUT","path":"/api/v1/notifications/preferences","request_id":"d05bbb90-02f7-433c-a5a4-9749083fdc45","response_size":0,"status":401,"trace_id":"ef3db956-91a9-47e8-a0b6-d69f2d905ee3"}}
--- PASS: TestNotificationHandler_UpdatePreference (10.43s)
    --- PASS: TestNotificationHandler_UpdatePreference/creates_preference_and_persists_it (2.35s)
    --- PASS: TestNotificationHandler_UpdatePreference/updates_existing_preference (2.13s)
    --- PASS: TestNotificationHandler_UpdatePreference/validation_error_for_invalid_type (2.00s)
    --- PASS: TestNotificationHandler_UpdatePreference/unauthenticated_returns_401 (1.98s)
=== RUN   TestNotificationHandler_Unauthorized
    testsuite.go:235: Migrations already run, skipping
2026/05/01 19:35:39 INFO Casbin enforcer initialized successfully
2026/05/01 19:35:39 INFO Swagger documentation disabled
=== RUN   TestNotificationHandler_Unauthorized/GET_/api/v1/notifications_returns_401
{"timestamp":"2026-05-01T11:35:39.2101923Z","level":"DEBUG","message":"request started","fields":{"method":"GET","path":"/api/v1/notifications","remote_addr":"192.0.2.1","request_id":"dac24ce8-3999-4f0b-874a-52e920eade73","trace_id":"2840fc2f-afaa-4d65-ac51-0337af5e5cdd"}}
{"timestamp":"2026-05-01T11:35:39.2101923Z","level":"WARN","message":"request completed with client error","fields":{"duration":"0s","method":"GET","path":"/api/v1/notifications","request_id":"dac24ce8-3999-4f0b-874a-52e920eade73","response_size":0,"status":401,"trace_id":"2840fc2f-afaa-4d65-ac51-0337af5e5cdd"}}
=== RUN   TestNotificationHandler_Unauthorized/GET_/api/v1/notifications/unread-count_returns_401
{"timestamp":"2026-05-01T11:35:39.2101923Z","level":"DEBUG","message":"request started","fields":{"method":"GET","path":"/api/v1/notifications/unread-count","remote_addr":"192.0.2.1","request_id":"1325f8f1-eb55-475f-a225-67dbfc1fb259","trace_id":"35528689-2af8-4d77-bd83-886d70f1d774"}}
{"timestamp":"2026-05-01T11:35:39.2108908Z","level":"WARN","message":"request completed with client error","fields":{"duration":"698.5┬╡s","method":"GET","path":"/api/v1/notifications/unread-count","request_id":"1325f8f1-eb55-475f-a225-67dbfc1fb259","response_size":0,"status":401,"trace_id":"35528689-2af8-4d77-bd83-886d70f1d774"}}
=== RUN   TestNotificationHandler_Unauthorized/PATCH_/api/v1/notifications/7592ba55-1c9b-4830-a8ba-1d58f531b9b3/read_returns_401
{"timestamp":"2026-05-01T11:35:39.2108908Z","level":"DEBUG","message":"request started","fields":{"method":"PATCH","path":"/api/v1/notifications/7592ba55-1c9b-4830-a8ba-1d58f531b9b3/read","remote_addr":"192.0.2.1","request_id":"f490c9a5-613f-4ad2-b483-f4c2068adfda","trace_id":"e9f04481-36c6-47bd-bb0a-d924ce0dfa75"}}
{"timestamp":"2026-05-01T11:35:39.2115242Z","level":"WARN","message":"request completed with client error","fields":{"duration":"633.4┬╡s","method":"PATCH","path":"/api/v1/notifications/7592ba55-1c9b-4830-a8ba-1d58f531b9b3/read","request_id":"f490c9a5-613f-4ad2-b483-f4c2068adfda","response_size":0,"status":401,"trace_id":"e9f04481-36c6-47bd-bb0a-d924ce0dfa75"}}
=== RUN   TestNotificationHandler_Unauthorized/POST_/api/v1/notifications/read-all_returns_401
{"timestamp":"2026-05-01T11:35:39.2115242Z","level":"DEBUG","message":"request started","fields":{"method":"POST","path":"/api/v1/notifications/read-all","remote_addr":"192.0.2.1","request_id":"8cd06217-7f53-4c72-a299-36a2e64c77c5","trace_id":"697c5df6-614a-4033-898c-53aceaec064a"}}
{"timestamp":"2026-05-01T11:35:39.2122138Z","level":"WARN","message":"request completed with client error","fields":{"duration":"689.6┬╡s","method":"POST","path":"/api/v1/notifications/read-all","request_id":"8cd06217-7f53-4c72-a299-36a2e64c77c5","response_size":0,"status":401,"trace_id":"697c5df6-614a-4033-898c-53aceaec064a"}}
=== RUN   TestNotificationHandler_Unauthorized/DELETE_/api/v1/notifications/7592ba55-1c9b-4830-a8ba-1d58f531b9b3_returns_401
{"timestamp":"2026-05-01T11:35:39.2122138Z","level":"DEBUG","message":"request started","fields":{"method":"DELETE","path":"/api/v1/notifications/7592ba55-1c9b-4830-a8ba-1d58f531b9b3","remote_addr":"192.0.2.1","request_id":"5887aeac-2479-400c-8e4a-3c3a8b0aca35","trace_id":"abf3ad60-d1bf-4ae8-add8-a1f95d66f2af"}}
{"timestamp":"2026-05-01T11:35:39.2122138Z","level":"WARN","message":"request completed with client error","fields":{"duration":"0s","method":"DELETE","path":"/api/v1/notifications/7592ba55-1c9b-4830-a8ba-1d58f531b9b3","request_id":"5887aeac-2479-400c-8e4a-3c3a8b0aca35","response_size":0,"status":401,"trace_id":"abf3ad60-d1bf-4ae8-add8-a1f95d66f2af"}}
=== RUN   TestNotificationHandler_Unauthorized/GET_/api/v1/notifications/preferences_returns_401
{"timestamp":"2026-05-01T11:35:39.2122138Z","level":"DEBUG","message":"request started","fields":{"method":"GET","path":"/api/v1/notifications/preferences","remote_addr":"192.0.2.1","request_id":"d9a5ffe8-a249-4694-b737-602ecb00e734","trace_id":"9e576017-7829-49e5-88fe-d6c321332201"}}
{"timestamp":"2026-05-01T11:35:39.2129939Z","level":"WARN","message":"request completed with client error","fields":{"duration":"780.1┬╡s","method":"GET","path":"/api/v1/notifications/preferences","request_id":"d9a5ffe8-a249-4694-b737-602ecb00e734","response_size":0,"status":401,"trace_id":"9e576017-7829-49e5-88fe-d6c321332201"}}
=== RUN   TestNotificationHandler_Unauthorized/PUT_/api/v1/notifications/preferences_returns_401
{"timestamp":"2026-05-01T11:35:39.2129939Z","level":"DEBUG","message":"request started","fields":{"method":"PUT","path":"/api/v1/notifications/preferences","remote_addr":"192.0.2.1","request_id":"b5ede97e-d02c-415c-b87f-c6b0f5366f51","trace_id":"76ed95d0-e7bf-4f2a-b39d-b72eaf938fe0"}}
{"timestamp":"2026-05-01T11:35:39.2129939Z","level":"WARN","message":"request completed with client error","fields":{"duration":"0s","method":"PUT","path":"/api/v1/notifications/preferences","request_id":"b5ede97e-d02c-415c-b87f-c6b0f5366f51","response_size":0,"status":401,"trace_id":"76ed95d0-e7bf-4f2a-b39d-b72eaf938fe0"}}
--- PASS: TestNotificationHandler_Unauthorized (4.23s)
    --- PASS: TestNotificationHandler_Unauthorized/GET_/api/v1/notifications_returns_401 (0.00s)
    --- PASS: TestNotificationHandler_Unauthorized/GET_/api/v1/notifications/unread-count_returns_401 (0.00s)
    --- PASS: TestNotificationHandler_Unauthorized/PATCH_/api/v1/notifications/7592ba55-1c9b-4830-a8ba-1d58f531b9b3/read_returns_401 (0.00s)
    --- PASS: TestNotificationHandler_Unauthorized/POST_/api/v1/notifications/read-all_returns_401 (0.00s)
    --- PASS: TestNotificationHandler_Unauthorized/DELETE_/api/v1/notifications/7592ba55-1c9b-4830-a8ba-1d58f531b9b3_returns_401 (0.00s)
    --- PASS: TestNotificationHandler_Unauthorized/GET_/api/v1/notifications/preferences_returns_401 (0.00s)
    --- PASS: TestNotificationHandler_Unauthorized/PUT_/api/v1/notifications/preferences_returns_401 (0.00s)
=== RUN   TestNotificationHandler_UserIsolation
    testsuite.go:235: Migrations already run, skipping
=== RUN   TestNotificationHandler_UserIsolation/user_A_cannot_see_user_B's_notifications
2026/05/01 19:35:43 INFO Casbin enforcer initialized successfully
2026/05/01 19:35:43 INFO Swagger documentation disabled
{"timestamp":"2026-05-01T11:35:43.4868525Z","level":"DEBUG","message":"request started","fields":{"method":"GET","path":"/api/v1/me","remote_addr":"192.0.2.1","request_id":"7658d066-ee70-4344-bea5-fc88a7fcf57a","trace_id":"5a347ed7-bf24-498e-aaa7-11186f70531a"}}
{"timestamp":"2026-05-01T11:35:43.4868525Z","level":"INFO","message":"fetching current user","fields":{"request_id":"7658d066-ee70-4344-bea5-fc88a7fcf57a","trace_id":"5a347ed7-bf24-498e-aaa7-11186f70531a","user_id":"0140cb4f-c3e6-4e21-88c1-419931a763d4"}}
{"timestamp":"2026-05-01T11:35:43.4878635Z","level":"INFO","message":"request completed","fields":{"duration":"1.011ms","method":"GET","path":"/api/v1/me","request_id":"7658d066-ee70-4344-bea5-fc88a7fcf57a","response_size":294,"status":200,"trace_id":"5a347ed7-bf24-498e-aaa7-11186f70531a"}}
{"timestamp":"2026-05-01T11:35:43.4878635Z","level":"DEBUG","message":"request started","fields":{"method":"GET","path":"/api/v1/me","remote_addr":"192.0.2.1","request_id":"f8eb386b-aa85-4abc-8ef4-18e8f1e2b781","trace_id":"c32d74ec-b048-40e2-8742-3f2892c7b7b9"}}
{"timestamp":"2026-05-01T11:35:43.4878635Z","level":"INFO","message":"fetching current user","fields":{"request_id":"f8eb386b-aa85-4abc-8ef4-18e8f1e2b781","trace_id":"c32d74ec-b048-40e2-8742-3f2892c7b7b9","user_id":"b07a5ab1-70dc-4367-a1c9-08f24aab9785"}}
{"timestamp":"2026-05-01T11:35:43.4884186Z","level":"INFO","message":"request completed","fields":{"duration":"555.1┬╡s","method":"GET","path":"/api/v1/me","request_id":"f8eb386b-aa85-4abc-8ef4-18e8f1e2b781","response_size":294,"status":200,"trace_id":"c32d74ec-b048-40e2-8742-3f2892c7b7b9"}}
{"timestamp":"2026-05-01T11:35:43.4942089Z","level":"DEBUG","message":"request started","fields":{"method":"GET","path":"/api/v1/notifications","remote_addr":"192.0.2.1","request_id":"1c9e3306-0e51-4492-9f1f-c75012103e23","trace_id":"b60f2785-cd1c-4f18-9308-31425c164211"}}
{"timestamp":"2026-05-01T11:35:43.4948262Z","level":"INFO","message":"request completed","fields":{"duration":"617.3┬╡s","method":"GET","path":"/api/v1/notifications","request_id":"1c9e3306-0e51-4492-9f1f-c75012103e23","response_size":835,"status":200,"trace_id":"b60f2785-cd1c-4f18-9308-31425c164211"}}
{"timestamp":"2026-05-01T11:35:43.4948262Z","level":"DEBUG","message":"request started","fields":{"method":"GET","path":"/api/v1/notifications","remote_addr":"192.0.2.1","request_id":"e47a0390-b42d-41c3-8559-7f2d7a90b619","trace_id":"023a5d1f-67c1-40ab-b9b1-244e9cf3bc6b"}}
{"timestamp":"2026-05-01T11:35:43.4948262Z","level":"INFO","message":"request completed","fields":{"duration":"0s","method":"GET","path":"/api/v1/notifications","request_id":"e47a0390-b42d-41c3-8559-7f2d7a90b619","response_size":606,"status":200,"trace_id":"023a5d1f-67c1-40ab-b9b1-244e9cf3bc6b"}}
=== RUN   TestNotificationHandler_UserIsolation/user_A_cannot_mark_user_B's_notification_as_read
2026/05/01 19:35:45 INFO Casbin enforcer initialized successfully
2026/05/01 19:35:45 INFO Swagger documentation disabled
{"timestamp":"2026-05-01T11:35:45.5384928Z","level":"DEBUG","message":"request started","fields":{"method":"GET","path":"/api/v1/me","remote_addr":"192.0.2.1","request_id":"3e8f50dd-0122-4f39-88ce-239efe6b29cf","trace_id":"8985d970-d31d-47ca-86fa-4f109647f899"}}
{"timestamp":"2026-05-01T11:35:45.5384928Z","level":"INFO","message":"fetching current user","fields":{"request_id":"3e8f50dd-0122-4f39-88ce-239efe6b29cf","trace_id":"8985d970-d31d-47ca-86fa-4f109647f899","user_id":"23bb1ea9-d94e-404e-8b80-af42be8af053"}}
{"timestamp":"2026-05-01T11:35:45.539133Z","level":"INFO","message":"request completed","fields":{"duration":"640.2┬╡s","method":"GET","path":"/api/v1/me","request_id":"3e8f50dd-0122-4f39-88ce-239efe6b29cf","response_size":294,"status":200,"trace_id":"8985d970-d31d-47ca-86fa-4f109647f899"}}
{"timestamp":"2026-05-01T11:35:45.5426927Z","level":"DEBUG","message":"request started","fields":{"method":"PATCH","path":"/api/v1/notifications/443084b2-6d74-49a7-ada0-3835b1de4d9b/read","remote_addr":"192.0.2.1","request_id":"fec9d2b2-3351-4174-80ba-e10e44214f83","trace_id":"c28239fa-c27a-483c-a5c5-feb9f2962816"}}
{"timestamp":"2026-05-01T11:35:45.5440638Z","level":"WARN","message":"request completed with client error","fields":{"duration":"1.3711ms","method":"PATCH","path":"/api/v1/notifications/443084b2-6d74-49a7-ada0-3835b1de4d9b/read","request_id":"fec9d2b2-3351-4174-80ba-e10e44214f83","response_size":158,"status":404,"trace_id":"c28239fa-c27a-483c-a5c5-feb9f2962816"}}
--- PASS: TestNotificationHandler_UserIsolation (6.33s)
    --- PASS: TestNotificationHandler_UserIsolation/user_A_cannot_see_user_B's_notifications (2.14s)
    --- PASS: TestNotificationHandler_UserIsolation/user_A_cannot_mark_user_B's_notification_as_read (2.05s)
=== RUN   TestNotificationHandler_RateLimiting
    testsuite.go:235: Migrations already run, skipping
=== RUN   TestNotificationHandler_RateLimiting/100th_notification_succeeds_and_101st_is_rate_limited
2026/05/01 19:35:49 INFO Casbin enforcer initialized successfully
2026/05/01 19:35:49 INFO Swagger documentation disabled
{"timestamp":"2026-05-01T11:35:49.7655285Z","level":"DEBUG","message":"request started","fields":{"method":"GET","path":"/api/v1/me","remote_addr":"192.0.2.1","request_id":"ab4b1dbc-8035-4816-9d3a-b714067102eb","trace_id":"7c6395cd-5445-490a-ae64-c3ef037d896d"}}
{"timestamp":"2026-05-01T11:35:49.7655285Z","level":"INFO","message":"fetching current user","fields":{"request_id":"ab4b1dbc-8035-4816-9d3a-b714067102eb","trace_id":"7c6395cd-5445-490a-ae64-c3ef037d896d","user_id":"1d7430cf-6acf-4ffa-8dcb-6583867e9258"}}
{"timestamp":"2026-05-01T11:35:49.7655285Z","level":"INFO","message":"request completed","fields":{"duration":"0s","method":"GET","path":"/api/v1/me","request_id":"ab4b1dbc-8035-4816-9d3a-b714067102eb","response_size":294,"status":200,"trace_id":"7c6395cd-5445-490a-ae64-c3ef037d896d"}}
{"timestamp":"2026-05-01T11:35:49.8272551Z","level":"DEBUG","message":"request started","fields":{"method":"GET","path":"/api/v1/notifications","remote_addr":"192.0.2.1","request_id":"71f4736a-8846-455c-b073-38d3d5214139","trace_id":"9d26be77-e270-4cbe-afb8-9b395bd8e489"}}
{"timestamp":"2026-05-01T11:35:49.8282757Z","level":"INFO","message":"request completed","fields":{"duration":"1.0206ms","method":"GET","path":"/api/v1/notifications","request_id":"71f4736a-8846-455c-b073-38d3d5214139","response_size":4710,"status":200,"trace_id":"9d26be77-e270-4cbe-afb8-9b395bd8e489"}}
--- PASS: TestNotificationHandler_RateLimiting (4.28s)
    --- PASS: TestNotificationHandler_RateLimiting/100th_notification_succeeds_and_101st_is_rate_limited (2.27s)
=== RUN   TestOrganizationHandler
    testsuite.go:235: Migrations already run, skipping
2026/05/01 19:35:52 INFO Casbin enforcer initialized successfully
=== RUN   TestOrganizationHandler/POST_/api/v1/organizations_-_create_organization
2026/05/01 19:35:54 INFO Casbin enforcer initialized successfully
2026/05/01 19:35:54 INFO Swagger documentation disabled
{"timestamp":"2026-05-01T11:35:54.2748321Z","level":"DEBUG","message":"request started","fields":{"method":"POST","path":"/api/v1/organizations","remote_addr":"192.0.2.1","request_id":"f6e50624-a648-4e71-8e82-7c1d74784da8","trace_id":"b222cb6c-2a28-43f0-9428-bea58e63b8d1"}}
{"timestamp":"2026-05-01T11:35:54.2754203Z","level":"INFO","message":"creating organization","fields":{"name":"Test Organization","request_id":"f6e50624-a648-4e71-8e82-7c1d74784da8","slug":"test-org-handler","trace_id":"b222cb6c-2a28-43f0-9428-bea58e63b8d1","user_id":"317ad563-d4f8-4487-bea4-d4995234d9f0"}}
2026/05/01 19:35:54 INFO organization created org_id=cd09e7ec-2c96-4621-9452-e5f50f4c15d8 org_slug=test-org-handler owner_id=317ad563-d4f8-4487-bea4-d4995234d9f0
{"timestamp":"2026-05-01T11:35:54.2812835Z","level":"INFO","message":"organization created successfully","fields":{"name":"Test Organization","org_id":"cd09e7ec-2c96-4621-9452-e5f50f4c15d8","request_id":"f6e50624-a648-4e71-8e82-7c1d74784da8","trace_id":"b222cb6c-2a28-43f0-9428-bea58e63b8d1"}}
{"timestamp":"2026-05-01T11:35:54.2812835Z","level":"INFO","message":"request completed","fields":{"duration":"6.4514ms","method":"POST","path":"/api/v1/organizations","request_id":"f6e50624-a648-4e71-8e82-7c1d74784da8","response_size":366,"status":201,"trace_id":"b222cb6c-2a28-43f0-9428-bea58e63b8d1"}}
=== RUN   TestOrganizationHandler/GET_/api/v1/organizations_-_list_user's_organizations
2026/05/01 19:35:56 INFO Casbin enforcer initialized successfully
2026/05/01 19:35:56 INFO Swagger documentation disabled
{"timestamp":"2026-05-01T11:35:56.1877047Z","level":"DEBUG","message":"request started","fields":{"method":"POST","path":"/api/v1/organizations","remote_addr":"192.0.2.1","request_id":"94da9a5f-0000-4b3d-a58b-e24948845984","trace_id":"5c8c3073-5920-4c6f-ad7b-1d2b7779d9a9"}}
{"timestamp":"2026-05-01T11:35:56.1883782Z","level":"INFO","message":"creating organization","fields":{"name":"List Test Org","request_id":"94da9a5f-0000-4b3d-a58b-e24948845984","slug":"list-test-org","trace_id":"5c8c3073-5920-4c6f-ad7b-1d2b7779d9a9","user_id":"07df35e1-0ed1-4bff-9a8a-2d0d4465b12b"}}
2026/05/01 19:35:56 INFO organization created org_id=6a9bea1f-a6b7-42ef-8d1f-f259169b2b46 org_slug=list-test-org owner_id=07df35e1-0ed1-4bff-9a8a-2d0d4465b12b
{"timestamp":"2026-05-01T11:35:56.1936121Z","level":"INFO","message":"organization created successfully","fields":{"name":"List Test Org","org_id":"6a9bea1f-a6b7-42ef-8d1f-f259169b2b46","request_id":"94da9a5f-0000-4b3d-a58b-e24948845984","trace_id":"5c8c3073-5920-4c6f-ad7b-1d2b7779d9a9"}}
{"timestamp":"2026-05-01T11:35:56.19429Z","level":"INFO","message":"request completed","fields":{"duration":"6.5853ms","method":"POST","path":"/api/v1/organizations","request_id":"94da9a5f-0000-4b3d-a58b-e24948845984","response_size":359,"status":201,"trace_id":"5c8c3073-5920-4c6f-ad7b-1d2b7779d9a9"}}
{"timestamp":"2026-05-01T11:35:56.19429Z","level":"DEBUG","message":"request started","fields":{"method":"GET","path":"/api/v1/organizations","remote_addr":"192.0.2.1","request_id":"7f088cc0-34f5-400c-9c09-c095e7306a30","trace_id":"3c81d908-51e2-4e73-91d4-391af19e9979"}}
{"timestamp":"2026-05-01T11:35:56.19429Z","level":"INFO","message":"listing organizations","fields":{"limit":20,"offset":0,"request_id":"7f088cc0-34f5-400c-9c09-c095e7306a30","trace_id":"3c81d908-51e2-4e73-91d4-391af19e9979","user_id":"07df35e1-0ed1-4bff-9a8a-2d0d4465b12b"}}
{"timestamp":"2026-05-01T11:35:56.1972136Z","level":"INFO","message":"request completed","fields":{"duration":"2.9236ms","method":"GET","path":"/api/v1/organizations","request_id":"7f088cc0-34f5-400c-9c09-c095e7306a30","response_size":409,"status":200,"trace_id":"3c81d908-51e2-4e73-91d4-391af19e9979"}}
=== RUN   TestOrganizationHandler/GET_/api/v1/organizations/:id_-_get_organization_by_ID
2026/05/01 19:35:58 INFO Casbin enforcer initialized successfully
2026/05/01 19:35:58 INFO Swagger documentation disabled
{"timestamp":"2026-05-01T11:35:58.2607491Z","level":"DEBUG","message":"request started","fields":{"method":"POST","path":"/api/v1/organizations","remote_addr":"192.0.2.1","request_id":"355f029c-ee42-428b-8ab4-2ecd10e9bfbe","trace_id":"4905d5f1-12e0-4c45-8786-f6f1b697fafc"}}
{"timestamp":"2026-05-01T11:35:58.2607491Z","level":"INFO","message":"creating organization","fields":{"name":"Get Test Org","request_id":"355f029c-ee42-428b-8ab4-2ecd10e9bfbe","slug":"get-test-org","trace_id":"4905d5f1-12e0-4c45-8786-f6f1b697fafc","user_id":"a0d07648-4f36-4471-8bde-dc2a20424b7f"}}
2026/05/01 19:35:58 INFO organization created org_id=fd23ad1d-4018-40cf-b767-fd9f28ba1601 org_slug=get-test-org owner_id=a0d07648-4f36-4471-8bde-dc2a20424b7f
{"timestamp":"2026-05-01T11:35:58.2656309Z","level":"INFO","message":"organization created successfully","fields":{"name":"Get Test Org","org_id":"fd23ad1d-4018-40cf-b767-fd9f28ba1601","request_id":"355f029c-ee42-428b-8ab4-2ecd10e9bfbe","trace_id":"4905d5f1-12e0-4c45-8786-f6f1b697fafc"}}
{"timestamp":"2026-05-01T11:35:58.2656309Z","level":"INFO","message":"request completed","fields":{"duration":"4.8818ms","method":"POST","path":"/api/v1/organizations","request_id":"355f029c-ee42-428b-8ab4-2ecd10e9bfbe","response_size":357,"status":201,"trace_id":"4905d5f1-12e0-4c45-8786-f6f1b697fafc"}}
{"timestamp":"2026-05-01T11:35:58.2656309Z","level":"DEBUG","message":"request started","fields":{"method":"GET","path":"/api/v1/organizations/fd23ad1d-4018-40cf-b767-fd9f28ba1601","remote_addr":"192.0.2.1","request_id":"d1fc79e3-53fc-4afc-8de9-2cf4481f3f14","trace_id":"656e2fb5-f373-42fb-8d3b-336827ac565f"}}
{"timestamp":"2026-05-01T11:35:58.2656309Z","level":"INFO","message":"fetching organization","fields":{"org_id":"fd23ad1d-4018-40cf-b767-fd9f28ba1601","request_id":"d1fc79e3-53fc-4afc-8de9-2cf4481f3f14","trace_id":"656e2fb5-f373-42fb-8d3b-336827ac565f","user_id":"a0d07648-4f36-4471-8bde-dc2a20424b7f"}}
{"timestamp":"2026-05-01T11:35:58.2697677Z","level":"INFO","message":"request completed","fields":{"duration":"4.1368ms","method":"GET","path":"/api/v1/organizations/fd23ad1d-4018-40cf-b767-fd9f28ba1601","request_id":"d1fc79e3-53fc-4afc-8de9-2cf4481f3f14","response_size":372,"status":200,"trace_id":"656e2fb5-f373-42fb-8d3b-336827ac565f"}}
=== RUN   TestOrganizationHandler/PUT_/api/v1/organizations/:id_-_update_organization
2026/05/01 19:36:00 INFO Casbin enforcer initialized successfully
2026/05/01 19:36:00 INFO Swagger documentation disabled
{"timestamp":"2026-05-01T11:36:00.3403386Z","level":"DEBUG","message":"request started","fields":{"method":"POST","path":"/api/v1/organizations","remote_addr":"192.0.2.1","request_id":"2c5f07c4-0928-49cf-be21-28b3e7c57342","trace_id":"671707cf-03f8-4308-a153-b533839e4324"}}
{"timestamp":"2026-05-01T11:36:00.3408836Z","level":"INFO","message":"creating organization","fields":{"name":"Update Test Org","request_id":"2c5f07c4-0928-49cf-be21-28b3e7c57342","slug":"update-test-org","trace_id":"671707cf-03f8-4308-a153-b533839e4324","user_id":"4357242e-2059-463d-9b64-4797d459398f"}}
2026/05/01 19:36:00 INFO organization created org_id=2f9d3ea9-dc66-468a-8c0b-09eca214851f org_slug=update-test-org owner_id=4357242e-2059-463d-9b64-4797d459398f
{"timestamp":"2026-05-01T11:36:00.3462234Z","level":"INFO","message":"organization created successfully","fields":{"name":"Update Test Org","org_id":"2f9d3ea9-dc66-468a-8c0b-09eca214851f","request_id":"2c5f07c4-0928-49cf-be21-28b3e7c57342","trace_id":"671707cf-03f8-4308-a153-b533839e4324"}}
{"timestamp":"2026-05-01T11:36:00.3462234Z","level":"INFO","message":"request completed","fields":{"duration":"5.8848ms","method":"POST","path":"/api/v1/organizations","request_id":"2c5f07c4-0928-49cf-be21-28b3e7c57342","response_size":361,"status":201,"trace_id":"671707cf-03f8-4308-a153-b533839e4324"}}
{"timestamp":"2026-05-01T11:36:00.3462234Z","level":"DEBUG","message":"request started","fields":{"method":"PUT","path":"/api/v1/organizations/2f9d3ea9-dc66-468a-8c0b-09eca214851f","remote_addr":"192.0.2.1","request_id":"5709978c-d96c-4d44-881b-6b83b947aa18","trace_id":"0fe13e38-b22f-4651-b7c3-9ac4730278ee"}}
{"timestamp":"2026-05-01T11:36:00.346776Z","level":"INFO","message":"updating organization","fields":{"org_id":"2f9d3ea9-dc66-468a-8c0b-09eca214851f","request_id":"5709978c-d96c-4d44-881b-6b83b947aa18","trace_id":"0fe13e38-b22f-4651-b7c3-9ac4730278ee","user_id":"4357242e-2059-463d-9b64-4797d459398f"}}
2026/05/01 19:36:00 INFO organization updated org_id=2f9d3ea9-dc66-468a-8c0b-09eca214851f user_id=4357242e-2059-463d-9b64-4797d459398f
{"timestamp":"2026-05-01T11:36:00.3524046Z","level":"INFO","message":"organization updated successfully","fields":{"org_id":"2f9d3ea9-dc66-468a-8c0b-09eca214851f","request_id":"5709978c-d96c-4d44-881b-6b83b947aa18","trace_id":"0fe13e38-b22f-4651-b7c3-9ac4730278ee"}}
{"timestamp":"2026-05-01T11:36:00.3524046Z","level":"INFO","message":"request completed","fields":{"duration":"6.1812ms","method":"PUT","path":"/api/v1/organizations/2f9d3ea9-dc66-468a-8c0b-09eca214851f","request_id":"5709978c-d96c-4d44-881b-6b83b947aa18","response_size":381,"status":200,"trace_id":"0fe13e38-b22f-4651-b7c3-9ac4730278ee"}}
=== RUN   TestOrganizationHandler/DELETE_/api/v1/organizations/:id_-_delete_organization_(soft_delete)
2026/05/01 19:36:02 INFO Casbin enforcer initialized successfully
2026/05/01 19:36:02 INFO Swagger documentation disabled
{"timestamp":"2026-05-01T11:36:02.4772284Z","level":"DEBUG","message":"request started","fields":{"method":"POST","path":"/api/v1/organizations","remote_addr":"192.0.2.1","request_id":"cbc202d8-02c3-4a9e-b190-4b686f678ebc","trace_id":"5c3f5230-8799-4228-a26d-bd16e02b40c6"}}
{"timestamp":"2026-05-01T11:36:02.4772284Z","level":"INFO","message":"creating organization","fields":{"name":"Delete Test Org","request_id":"cbc202d8-02c3-4a9e-b190-4b686f678ebc","slug":"delete-test-org","trace_id":"5c3f5230-8799-4228-a26d-bd16e02b40c6","user_id":"c1642c30-c050-4821-84a0-cb2b8ab30374"}}
2026/05/01 19:36:02 INFO organization created org_id=2c6f16dc-5f58-4a87-b4aa-3187f57dc55f org_slug=delete-test-org owner_id=c1642c30-c050-4821-84a0-cb2b8ab30374
{"timestamp":"2026-05-01T11:36:02.4839875Z","level":"INFO","message":"organization created successfully","fields":{"name":"Delete Test Org","org_id":"2c6f16dc-5f58-4a87-b4aa-3187f57dc55f","request_id":"cbc202d8-02c3-4a9e-b190-4b686f678ebc","trace_id":"5c3f5230-8799-4228-a26d-bd16e02b40c6"}}
{"timestamp":"2026-05-01T11:36:02.4839875Z","level":"INFO","message":"request completed","fields":{"duration":"6.7591ms","method":"POST","path":"/api/v1/organizations","request_id":"cbc202d8-02c3-4a9e-b190-4b686f678ebc","response_size":363,"status":201,"trace_id":"5c3f5230-8799-4228-a26d-bd16e02b40c6"}}
{"timestamp":"2026-05-01T11:36:02.4839875Z","level":"DEBUG","message":"request started","fields":{"method":"DELETE","path":"/api/v1/organizations/2c6f16dc-5f58-4a87-b4aa-3187f57dc55f","remote_addr":"192.0.2.1","request_id":"1da7345a-1c89-4e20-bd35-2d7ba912a5e2","trace_id":"d9cb42b8-17a0-45e9-9987-8be9814a87a5"}}
{"timestamp":"2026-05-01T11:36:02.4839875Z","level":"INFO","message":"deleting organization","fields":{"org_id":"2c6f16dc-5f58-4a87-b4aa-3187f57dc55f","request_id":"1da7345a-1c89-4e20-bd35-2d7ba912a5e2","trace_id":"d9cb42b8-17a0-45e9-9987-8be9814a87a5","user_id":"c1642c30-c050-4821-84a0-cb2b8ab30374"}}
2026/05/01 19:36:02 INFO organization deleted org_id=2c6f16dc-5f58-4a87-b4aa-3187f57dc55f user_id=c1642c30-c050-4821-84a0-cb2b8ab30374
{"timestamp":"2026-05-01T11:36:02.4901172Z","level":"INFO","message":"organization deleted successfully","fields":{"org_id":"2c6f16dc-5f58-4a87-b4aa-3187f57dc55f","request_id":"1da7345a-1c89-4e20-bd35-2d7ba912a5e2","trace_id":"d9cb42b8-17a0-45e9-9987-8be9814a87a5"}}
{"timestamp":"2026-05-01T11:36:02.4901172Z","level":"INFO","message":"request completed","fields":{"duration":"6.1297ms","method":"DELETE","path":"/api/v1/organizations/2c6f16dc-5f58-4a87-b4aa-3187f57dc55f","request_id":"1da7345a-1c89-4e20-bd35-2d7ba912a5e2","response_size":153,"status":200,"trace_id":"d9cb42b8-17a0-45e9-9987-8be9814a87a5"}}
{"timestamp":"2026-05-01T11:36:02.4901172Z","level":"DEBUG","message":"request started","fields":{"method":"GET","path":"/api/v1/organizations/2c6f16dc-5f58-4a87-b4aa-3187f57dc55f","remote_addr":"192.0.2.1","request_id":"4c8089c1-7da5-4f16-a227-32f773d38882","trace_id":"cf531924-4b7d-4a2e-ad1f-85182ab60c4c"}}
{"timestamp":"2026-05-01T11:36:02.4901172Z","level":"INFO","message":"fetching organization","fields":{"org_id":"2c6f16dc-5f58-4a87-b4aa-3187f57dc55f","request_id":"4c8089c1-7da5-4f16-a227-32f773d38882","trace_id":"cf531924-4b7d-4a2e-ad1f-85182ab60c4c","user_id":"c1642c30-c050-4821-84a0-cb2b8ab30374"}}
{"timestamp":"2026-05-01T11:36:02.4901172Z","level":"ERROR","message":"failed to retrieve organization","fields":{"error":"Resource not found","error_code":"NOT_FOUND","org_id":"2c6f16dc-5f58-4a87-b4aa-3187f57dc55f","request_id":"4c8089c1-7da5-4f16-a227-32f773d38882","trace_id":"cf531924-4b7d-4a2e-ad1f-85182ab60c4c"}}
{"timestamp":"2026-05-01T11:36:02.4901172Z","level":"WARN","message":"request completed with client error","fields":{"duration":"0s","method":"GET","path":"/api/v1/organizations/2c6f16dc-5f58-4a87-b4aa-3187f57dc55f","request_id":"4c8089c1-7da5-4f16-a227-32f773d38882","response_size":158,"status":404,"trace_id":"cf531924-4b7d-4a2e-ad1f-85182ab60c4c"}}
=== RUN   TestOrganizationHandler/POST_/api/v1/organizations/:id/members_-_add_member_to_organization
2026/05/01 19:36:04 INFO Casbin enforcer initialized successfully
2026/05/01 19:36:04 INFO Swagger documentation disabled
{"timestamp":"2026-05-01T11:36:04.6788586Z","level":"DEBUG","message":"request started","fields":{"method":"POST","path":"/api/v1/organizations","remote_addr":"192.0.2.1","request_id":"8ee3ab29-7dcf-4f7a-a1a2-75bc6449e9f1","trace_id":"6706eeb2-7d41-45d0-937e-85eb023f4933"}}
{"timestamp":"2026-05-01T11:36:04.6794825Z","level":"INFO","message":"creating organization","fields":{"name":"Member Test Org","request_id":"8ee3ab29-7dcf-4f7a-a1a2-75bc6449e9f1","slug":"member-test-org","trace_id":"6706eeb2-7d41-45d0-937e-85eb023f4933","user_id":"db930cea-04cf-4287-b5f5-5f1bd47e6408"}}
2026/05/01 19:36:04 INFO organization created org_id=d203692a-aed3-4d84-87ab-6cb9ca1e5a08 org_slug=member-test-org owner_id=db930cea-04cf-4287-b5f5-5f1bd47e6408
{"timestamp":"2026-05-01T11:36:04.6838913Z","level":"INFO","message":"organization created successfully","fields":{"name":"Member Test Org","org_id":"d203692a-aed3-4d84-87ab-6cb9ca1e5a08","request_id":"8ee3ab29-7dcf-4f7a-a1a2-75bc6449e9f1","trace_id":"6706eeb2-7d41-45d0-937e-85eb023f4933"}}
{"timestamp":"2026-05-01T11:36:04.6838913Z","level":"INFO","message":"request completed","fields":{"duration":"5.0327ms","method":"POST","path":"/api/v1/organizations","request_id":"8ee3ab29-7dcf-4f7a-a1a2-75bc6449e9f1","response_size":363,"status":201,"trace_id":"6706eeb2-7d41-45d0-937e-85eb023f4933"}}
{"timestamp":"2026-05-01T11:36:04.6838913Z","level":"DEBUG","message":"request started","fields":{"method":"POST","path":"/api/v1/auth/register","remote_addr":"192.0.2.1","request_id":"bd2b87ed-24a4-4915-b149-35a539e344ff","trace_id":"497f391f-366e-46a0-a3ae-34812153f4bb"}}
{"timestamp":"2026-05-01T11:36:04.6838913Z","level":"INFO","message":"registering user","fields":{"email":"test-1777635364683891300-2hjb3mm7@test.example.com","request_id":"bd2b87ed-24a4-4915-b149-35a539e344ff","trace_id":"497f391f-366e-46a0-a3ae-34812153f4bb"}}
{"timestamp":"2026-05-01T11:36:04.8749947Z","level":"INFO","message":"user registered successfully","fields":{"email":"test-1777635364683891300-2hjb3mm7@test.example.com","request_id":"bd2b87ed-24a4-4915-b149-35a539e344ff","trace_id":"497f391f-366e-46a0-a3ae-34812153f4bb","user_id":"d81b6b7b-695f-4e61-95d7-49a515a1efdd"}}
{"timestamp":"2026-05-01T11:36:04.8749947Z","level":"INFO","message":"request completed","fields":{"duration":"191.1031ms","method":"POST","path":"/api/v1/auth/register","request_id":"bd2b87ed-24a4-4915-b149-35a539e344ff","response_size":212,"status":201,"trace_id":"497f391f-366e-46a0-a3ae-34812153f4bb"}}
{"timestamp":"2026-05-01T11:36:04.8749947Z","level":"DEBUG","message":"request started","fields":{"method":"POST","path":"/api/v1/organizations/d203692a-aed3-4d84-87ab-6cb9ca1e5a08/members","remote_addr":"192.0.2.1","request_id":"105eb64a-988f-4352-ba22-3ec962779572","trace_id":"d320353f-6a7b-4073-b409-05f25678d473"}}
{"timestamp":"2026-05-01T11:36:04.8756918Z","level":"INFO","message":"adding member to organization","fields":{"member_id":"d81b6b7b-695f-4e61-95d7-49a515a1efdd","org_id":"d203692a-aed3-4d84-87ab-6cb9ca1e5a08","request_id":"105eb64a-988f-4352-ba22-3ec962779572","role":"member","trace_id":"d320353f-6a7b-4073-b409-05f25678d473","user_id":"db930cea-04cf-4287-b5f5-5f1bd47e6408"}}
2026/05/01 19:36:04 INFO member added org_id=d203692a-aed3-4d84-87ab-6cb9ca1e5a08 user_id=d81b6b7b-695f-4e61-95d7-49a515a1efdd role=member added_by=db930cea-04cf-4287-b5f5-5f1bd47e6408
{"timestamp":"2026-05-01T11:36:04.8783592Z","level":"INFO","message":"member added successfully","fields":{"member_id":"d81b6b7b-695f-4e61-95d7-49a515a1efdd","org_id":"d203692a-aed3-4d84-87ab-6cb9ca1e5a08","request_id":"105eb64a-988f-4352-ba22-3ec962779572","trace_id":"d320353f-6a7b-4073-b409-05f25678d473"}}
{"timestamp":"2026-05-01T11:36:04.8783592Z","level":"INFO","message":"request completed","fields":{"duration":"3.3645ms","method":"POST","path":"/api/v1/organizations/d203692a-aed3-4d84-87ab-6cb9ca1e5a08/members","request_id":"105eb64a-988f-4352-ba22-3ec962779572","response_size":277,"status":201,"trace_id":"d320353f-6a7b-4073-b409-05f25678d473"}}
=== RUN   TestOrganizationHandler/GET_/api/v1/organizations/:id/members_-_list_organization_members
2026/05/01 19:36:05 WARN failed to queue invitation email error="Template org-invitation not found" org_id=d203692a-aed3-4d84-87ab-6cb9ca1e5a08 user_id=d81b6b7b-695f-4e61-95d7-49a515a1efdd
2026/05/01 19:36:05 INFO Casbin enforcer initialized successfully
2026/05/01 19:36:05 INFO Swagger documentation disabled
{"timestamp":"2026-05-01T11:36:05.61569Z","level":"DEBUG","message":"request started","fields":{"method":"POST","path":"/api/v1/organizations","remote_addr":"192.0.2.1","request_id":"f29b1f61-ad1d-4a72-9744-20d34dc0778c","trace_id":"ab5352de-8ddb-4dfa-9b7d-3f3143dd904f"}}
{"timestamp":"2026-05-01T11:36:05.61569Z","level":"INFO","message":"creating organization","fields":{"name":"Members List Org","request_id":"f29b1f61-ad1d-4a72-9744-20d34dc0778c","slug":"members-list-org","trace_id":"ab5352de-8ddb-4dfa-9b7d-3f3143dd904f","user_id":"8616d925-a316-4b33-a6e9-37f535f68b9c"}}
2026/05/01 19:36:05 INFO organization created org_id=bfc428ca-da30-46c6-aa09-2744670f5edd org_slug=members-list-org owner_id=8616d925-a316-4b33-a6e9-37f535f68b9c
{"timestamp":"2026-05-01T11:36:05.6207725Z","level":"INFO","message":"organization created successfully","fields":{"name":"Members List Org","org_id":"bfc428ca-da30-46c6-aa09-2744670f5edd","request_id":"f29b1f61-ad1d-4a72-9744-20d34dc0778c","trace_id":"ab5352de-8ddb-4dfa-9b7d-3f3143dd904f"}}
{"timestamp":"2026-05-01T11:36:05.6207725Z","level":"INFO","message":"request completed","fields":{"duration":"5.0825ms","method":"POST","path":"/api/v1/organizations","request_id":"f29b1f61-ad1d-4a72-9744-20d34dc0778c","response_size":365,"status":201,"trace_id":"ab5352de-8ddb-4dfa-9b7d-3f3143dd904f"}}
{"timestamp":"2026-05-01T11:36:05.6207725Z","level":"DEBUG","message":"request started","fields":{"method":"GET","path":"/api/v1/organizations/bfc428ca-da30-46c6-aa09-2744670f5edd/members","remote_addr":"192.0.2.1","request_id":"777eda51-ad68-40d8-b3c9-6017e6d81402","trace_id":"8376627b-9587-430e-a7e5-a82d94266a86"}}
{"timestamp":"2026-05-01T11:36:05.621293Z","level":"INFO","message":"fetching organization members","fields":{"org_id":"bfc428ca-da30-46c6-aa09-2744670f5edd","request_id":"777eda51-ad68-40d8-b3c9-6017e6d81402","trace_id":"8376627b-9587-430e-a7e5-a82d94266a86","user_id":"8616d925-a316-4b33-a6e9-37f535f68b9c"}}
{"timestamp":"2026-05-01T11:36:05.6234226Z","level":"INFO","message":"request completed","fields":{"duration":"2.6501ms","method":"GET","path":"/api/v1/organizations/bfc428ca-da30-46c6-aa09-2744670f5edd/members","request_id":"777eda51-ad68-40d8-b3c9-6017e6d81402","response_size":386,"status":200,"trace_id":"8376627b-9587-430e-a7e5-a82d94266a86"}}
=== RUN   TestOrganizationHandler/DELETE_/api/v1/organizations/:id/members/:user_id_-_remove_member
2026/05/01 19:36:07 INFO Casbin enforcer initialized successfully
2026/05/01 19:36:07 INFO Swagger documentation disabled
{"timestamp":"2026-05-01T11:36:07.5224063Z","level":"DEBUG","message":"request started","fields":{"method":"POST","path":"/api/v1/organizations","remote_addr":"192.0.2.1","request_id":"29eeff8a-51dc-49aa-a3e5-3afcec283d9c","trace_id":"0141b955-3971-469b-9b84-6a4eb2b61dee"}}
{"timestamp":"2026-05-01T11:36:07.5229575Z","level":"INFO","message":"creating organization","fields":{"name":"Remove Member Org","request_id":"29eeff8a-51dc-49aa-a3e5-3afcec283d9c","slug":"remove-member-org","trace_id":"0141b955-3971-469b-9b84-6a4eb2b61dee","user_id":"1a59e424-0bc6-4c4b-b95b-f15e4e4f6b6e"}}
2026/05/01 19:36:07 INFO organization created org_id=69ab903b-15b7-4f7b-a501-b56faecbe232 org_slug=remove-member-org owner_id=1a59e424-0bc6-4c4b-b95b-f15e4e4f6b6e
{"timestamp":"2026-05-01T11:36:07.528313Z","level":"INFO","message":"organization created successfully","fields":{"name":"Remove Member Org","org_id":"69ab903b-15b7-4f7b-a501-b56faecbe232","request_id":"29eeff8a-51dc-49aa-a3e5-3afcec283d9c","trace_id":"0141b955-3971-469b-9b84-6a4eb2b61dee"}}
{"timestamp":"2026-05-01T11:36:07.528313Z","level":"INFO","message":"request completed","fields":{"duration":"5.9067ms","method":"POST","path":"/api/v1/organizations","request_id":"29eeff8a-51dc-49aa-a3e5-3afcec283d9c","response_size":365,"status":201,"trace_id":"0141b955-3971-469b-9b84-6a4eb2b61dee"}}
{"timestamp":"2026-05-01T11:36:07.528313Z","level":"DEBUG","message":"request started","fields":{"method":"POST","path":"/api/v1/auth/register","remote_addr":"192.0.2.1","request_id":"f7486982-3d07-4f2a-9448-10eb3d47588e","trace_id":"96384bf4-e01d-4bf2-84c5-4547e48586d6"}}
{"timestamp":"2026-05-01T11:36:07.5290292Z","level":"INFO","message":"registering user","fields":{"email":"test-1777635367528313000-tgv7xqx2@test.example.com","request_id":"f7486982-3d07-4f2a-9448-10eb3d47588e","trace_id":"96384bf4-e01d-4bf2-84c5-4547e48586d6"}}
{"timestamp":"2026-05-01T11:36:07.7211196Z","level":"INFO","message":"user registered successfully","fields":{"email":"test-1777635367528313000-tgv7xqx2@test.example.com","request_id":"f7486982-3d07-4f2a-9448-10eb3d47588e","trace_id":"96384bf4-e01d-4bf2-84c5-4547e48586d6","user_id":"31b45828-54e7-4222-bb29-248cc628bd71"}}
{"timestamp":"2026-05-01T11:36:07.7211196Z","level":"INFO","message":"request completed","fields":{"duration":"192.8062ms","method":"POST","path":"/api/v1/auth/register","request_id":"f7486982-3d07-4f2a-9448-10eb3d47588e","response_size":212,"status":201,"trace_id":"96384bf4-e01d-4bf2-84c5-4547e48586d6"}}
{"timestamp":"2026-05-01T11:36:07.7231698Z","level":"DEBUG","message":"request started","fields":{"method":"POST","path":"/api/v1/organizations/69ab903b-15b7-4f7b-a501-b56faecbe232/members","remote_addr":"192.0.2.1","request_id":"171138e9-df0c-4ce3-a37f-1745a3275ad3","trace_id":"592c7b8a-c990-4682-bc0f-a6de8774c729"}}
{"timestamp":"2026-05-01T11:36:07.723696Z","level":"INFO","message":"adding member to organization","fields":{"member_id":"31b45828-54e7-4222-bb29-248cc628bd71","org_id":"69ab903b-15b7-4f7b-a501-b56faecbe232","request_id":"171138e9-df0c-4ce3-a37f-1745a3275ad3","role":"member","trace_id":"592c7b8a-c990-4682-bc0f-a6de8774c729","user_id":"1a59e424-0bc6-4c4b-b95b-f15e4e4f6b6e"}}
2026/05/01 19:36:07 INFO member added org_id=69ab903b-15b7-4f7b-a501-b56faecbe232 user_id=31b45828-54e7-4222-bb29-248cc628bd71 role=member added_by=1a59e424-0bc6-4c4b-b95b-f15e4e4f6b6e
{"timestamp":"2026-05-01T11:36:07.7262176Z","level":"INFO","message":"member added successfully","fields":{"member_id":"31b45828-54e7-4222-bb29-248cc628bd71","org_id":"69ab903b-15b7-4f7b-a501-b56faecbe232","request_id":"171138e9-df0c-4ce3-a37f-1745a3275ad3","trace_id":"592c7b8a-c990-4682-bc0f-a6de8774c729"}}
{"timestamp":"2026-05-01T11:36:07.7262176Z","level":"INFO","message":"request completed","fields":{"duration":"5.098ms","method":"POST","path":"/api/v1/organizations/69ab903b-15b7-4f7b-a501-b56faecbe232/members","request_id":"171138e9-df0c-4ce3-a37f-1745a3275ad3","response_size":277,"status":201,"trace_id":"592c7b8a-c990-4682-bc0f-a6de8774c729"}}
{"timestamp":"2026-05-01T11:36:07.7262176Z","level":"DEBUG","message":"request started","fields":{"method":"DELETE","path":"/api/v1/organizations/69ab903b-15b7-4f7b-a501-b56faecbe232/members/31b45828-54e7-4222-bb29-248cc628bd71","remote_addr":"192.0.2.1","request_id":"43c791a6-a84c-409b-b9c6-f040465ca046","trace_id":"08920a5c-dcee-4c20-bc9f-55bf865e8b66"}}
{"timestamp":"2026-05-01T11:36:07.7262176Z","level":"INFO","message":"removing member from organization","fields":{"member_id":"31b45828-54e7-4222-bb29-248cc628bd71","org_id":"69ab903b-15b7-4f7b-a501-b56faecbe232","request_id":"43c791a6-a84c-409b-b9c6-f040465ca046","trace_id":"08920a5c-dcee-4c20-bc9f-55bf865e8b66","user_id":"1a59e424-0bc6-4c4b-b95b-f15e4e4f6b6e"}}
2026/05/01 19:36:07 WARN failed to queue invitation email error="Template org-invitation not found" org_id=69ab903b-15b7-4f7b-a501-b56faecbe232 user_id=31b45828-54e7-4222-bb29-248cc628bd71
2026/05/01 19:36:07 INFO member removed org_id=69ab903b-15b7-4f7b-a501-b56faecbe232 user_id=31b45828-54e7-4222-bb29-248cc628bd71 removed_by=1a59e424-0bc6-4c4b-b95b-f15e4e4f6b6e
{"timestamp":"2026-05-01T11:36:07.7840364Z","level":"INFO","message":"member removed successfully","fields":{"member_id":"31b45828-54e7-4222-bb29-248cc628bd71","org_id":"69ab903b-15b7-4f7b-a501-b56faecbe232","request_id":"43c791a6-a84c-409b-b9c6-f040465ca046","trace_id":"08920a5c-dcee-4c20-bc9f-55bf865e8b66"}}
{"timestamp":"2026-05-01T11:36:07.7840364Z","level":"INFO","message":"request completed","fields":{"duration":"57.8187ms","method":"DELETE","path":"/api/v1/organizations/69ab903b-15b7-4f7b-a501-b56faecbe232/members/31b45828-54e7-4222-bb29-248cc628bd71","request_id":"43c791a6-a84c-409b-b9c6-f040465ca046","response_size":147,"status":200,"trace_id":"08920a5c-dcee-4c20-bc9f-55bf865e8b66"}}
=== RUN   TestOrganizationHandler/unauthenticated_requests_return_401
2026/05/01 19:36:09 INFO Casbin enforcer initialized successfully
2026/05/01 19:36:09 INFO Swagger documentation disabled
{"timestamp":"2026-05-01T11:36:09.2652825Z","level":"DEBUG","message":"request started","fields":{"method":"POST","path":"/api/v1/organizations","remote_addr":"192.0.2.1","request_id":"7e76ec49-bb84-41c4-aa01-a5bbf3899cb1","trace_id":"49ac0587-4b1d-4d9e-a5b9-44358749571d"}}
{"timestamp":"2026-05-01T11:36:09.2658599Z","level":"WARN","message":"request completed with client error","fields":{"duration":"577.4┬╡s","method":"POST","path":"/api/v1/organizations","request_id":"7e76ec49-bb84-41c4-aa01-a5bbf3899cb1","response_size":0,"status":401,"trace_id":"49ac0587-4b1d-4d9e-a5b9-44358749571d"}}
{"timestamp":"2026-05-01T11:36:09.2658599Z","level":"DEBUG","message":"request started","fields":{"method":"GET","path":"/api/v1/organizations","remote_addr":"192.0.2.1","request_id":"69ca79bf-c94f-4070-990e-73bed9ce9fda","trace_id":"5eceddb1-65be-44c7-86a0-8bc27312c0a7"}}
{"timestamp":"2026-05-01T11:36:09.266378Z","level":"WARN","message":"request completed with client error","fields":{"duration":"518.1┬╡s","method":"GET","path":"/api/v1/organizations","request_id":"69ca79bf-c94f-4070-990e-73bed9ce9fda","response_size":0,"status":401,"trace_id":"5eceddb1-65be-44c7-86a0-8bc27312c0a7"}}
{"timestamp":"2026-05-01T11:36:09.266378Z","level":"DEBUG","message":"request started","fields":{"method":"GET","path":"/api/v1/organizations/00000000-0000-0000-0000-000000000001","remote_addr":"192.0.2.1","request_id":"5e28eec1-c00f-4af6-b50e-e73e042d7fe7","trace_id":"4a05ef72-511c-45fe-86e9-8dfae7a96ae2"}}
{"timestamp":"2026-05-01T11:36:09.2670044Z","level":"WARN","message":"request completed with client error","fields":{"duration":"626.4┬╡s","method":"GET","path":"/api/v1/organizations/00000000-0000-0000-0000-000000000001","request_id":"5e28eec1-c00f-4af6-b50e-e73e042d7fe7","response_size":0,"status":401,"trace_id":"4a05ef72-511c-45fe-86e9-8dfae7a96ae2"}}
{"timestamp":"2026-05-01T11:36:09.2670044Z","level":"DEBUG","message":"request started","fields":{"method":"PUT","path":"/api/v1/organizations/00000000-0000-0000-0000-000000000001","remote_addr":"192.0.2.1","request_id":"127413ba-d059-41a6-8e31-e56111e91c28","trace_id":"5b5594ad-73e7-43a4-9050-62ef73d6c6f4"}}
{"timestamp":"2026-05-01T11:36:09.2670044Z","level":"WARN","message":"request completed with client error","fields":{"duration":"0s","method":"PUT","path":"/api/v1/organizations/00000000-0000-0000-0000-000000000001","request_id":"127413ba-d059-41a6-8e31-e56111e91c28","response_size":0,"status":401,"trace_id":"5b5594ad-73e7-43a4-9050-62ef73d6c6f4"}}
{"timestamp":"2026-05-01T11:36:09.2670044Z","level":"DEBUG","message":"request started","fields":{"method":"DELETE","path":"/api/v1/organizations/00000000-0000-0000-0000-000000000001","remote_addr":"192.0.2.1","request_id":"45aaa0c3-dc7b-44fd-bc43-0ac54526ee9d","trace_id":"b1f1ef70-21c2-4f74-b434-dbccd92d2574"}}
{"timestamp":"2026-05-01T11:36:09.2675164Z","level":"WARN","message":"request completed with client error","fields":{"duration":"512┬╡s","method":"DELETE","path":"/api/v1/organizations/00000000-0000-0000-0000-000000000001","request_id":"45aaa0c3-dc7b-44fd-bc43-0ac54526ee9d","response_size":0,"status":401,"trace_id":"b1f1ef70-21c2-4f74-b434-dbccd92d2574"}}
{"timestamp":"2026-05-01T11:36:09.2675164Z","level":"DEBUG","message":"request started","fields":{"method":"POST","path":"/api/v1/organizations/00000000-0000-0000-0000-000000000001/members","remote_addr":"192.0.2.1","request_id":"9db0cf9f-0a0b-4496-9385-84edfad40c26","trace_id":"476e82cd-bdd8-42ba-b5a7-9049ef971f37"}}
{"timestamp":"2026-05-01T11:36:09.2675164Z","level":"WARN","message":"request completed with client error","fields":{"duration":"0s","method":"POST","path":"/api/v1/organizations/00000000-0000-0000-0000-000000000001/members","request_id":"9db0cf9f-0a0b-4496-9385-84edfad40c26","response_size":0,"status":401,"trace_id":"476e82cd-bdd8-42ba-b5a7-9049ef971f37"}}
{"timestamp":"2026-05-01T11:36:09.2675164Z","level":"DEBUG","message":"request started","fields":{"method":"GET","path":"/api/v1/organizations/00000000-0000-0000-0000-000000000001/members","remote_addr":"192.0.2.1","request_id":"5d1f98bc-6806-414d-80e2-7946c18c20b7","trace_id":"7922c193-e454-4849-b703-1e0d1d3a90ff"}}
{"timestamp":"2026-05-01T11:36:09.2675164Z","level":"WARN","message":"request completed with client error","fields":{"duration":"0s","method":"GET","path":"/api/v1/organizations/00000000-0000-0000-0000-000000000001/members","request_id":"5d1f98bc-6806-414d-80e2-7946c18c20b7","response_size":0,"status":401,"trace_id":"7922c193-e454-4849-b703-1e0d1d3a90ff"}}
{"timestamp":"2026-05-01T11:36:09.2675164Z","level":"DEBUG","message":"request started","fields":{"method":"DELETE","path":"/api/v1/organizations/00000000-0000-0000-0000-000000000001/members/00000000-0000-0000-0000-000000000001","remote_addr":"192.0.2.1","request_id":"e7805745-69ab-4a61-8f8a-0ad4d09b1a88","trace_id":"94e93cf9-bf6d-4a73-9b52-e528d89437cb"}}
{"timestamp":"2026-05-01T11:36:09.2680828Z","level":"WARN","message":"request completed with client error","fields":{"duration":"566.4┬╡s","method":"DELETE","path":"/api/v1/organizations/00000000-0000-0000-0000-000000000001/members/00000000-0000-0000-0000-000000000001","request_id":"e7805745-69ab-4a61-8f8a-0ad4d09b1a88","response_size":0,"status":401,"trace_id":"94e93cf9-bf6d-4a73-9b52-e528d89437cb"}}
--- PASS: TestOrganizationHandler (19.44s)
    --- PASS: TestOrganizationHandler/POST_/api/v1/organizations_-_create_organization (2.24s)
    --- PASS: TestOrganizationHandler/GET_/api/v1/organizations_-_list_user's_organizations (1.92s)
    --- PASS: TestOrganizationHandler/GET_/api/v1/organizations/:id_-_get_organization_by_ID (2.07s)
    --- PASS: TestOrganizationHandler/PUT_/api/v1/organizations/:id_-_update_organization (2.08s)
    --- PASS: TestOrganizationHandler/DELETE_/api/v1/organizations/:id_-_delete_organization_(soft_delete) (2.14s)
    --- PASS: TestOrganizationHandler/POST_/api/v1/organizations/:id/members_-_add_member_to_organization (2.39s)
    --- PASS: TestOrganizationHandler/GET_/api/v1/organizations/:id/members_-_list_organization_members (0.75s)
    --- PASS: TestOrganizationHandler/DELETE_/api/v1/organizations/:id/members/:user_id_-_remove_member (2.16s)
    --- PASS: TestOrganizationHandler/unauthenticated_requests_return_401 (1.48s)
=== RUN   TestOrganizationService_Create_ValidData
2026/05/01 19:36:11 INFO Casbin enforcer initialized successfully
{"time":"2026-05-01T19:36:11.5167902+08:00","level":"INFO","msg":"organization created","org_id":"88072340-7207-4e01-a42b-5a3fd7892872","org_slug":"test-org","owner_id":"c2a8885c-8017-4339-8caf-6ea09bccb963"}
--- PASS: TestOrganizationService_Create_ValidData (2.25s)
=== RUN   TestOrganizationService_Create_DuplicateSlug
2026/05/01 19:36:13 INFO Casbin enforcer initialized successfully
{"time":"2026-05-01T19:36:13.4763502+08:00","level":"INFO","msg":"organization created","org_id":"d337ea85-4e5c-42fd-a0b7-22a0156a9250","org_slug":"duplicate-slug","owner_id":"329a5d65-e4b6-4ee8-81d1-303c2f8ce929"}
--- PASS: TestOrganizationService_Create_DuplicateSlug (1.96s)
=== RUN   TestOrganizationService_Create_InvalidInput
2026/05/01 19:36:15 INFO Casbin enforcer initialized successfully
=== RUN   TestOrganizationService_Create_InvalidInput/empty_name
=== RUN   TestOrganizationService_Create_InvalidInput/empty_slug
=== RUN   TestOrganizationService_Create_InvalidInput/both_empty
--- PASS: TestOrganizationService_Create_InvalidInput (2.34s)
    --- PASS: TestOrganizationService_Create_InvalidInput/empty_name (0.00s)
    --- PASS: TestOrganizationService_Create_InvalidInput/empty_slug (0.00s)
    --- PASS: TestOrganizationService_Create_InvalidInput/both_empty (0.00s)
=== RUN   TestOrganizationService_GetByID
2026/05/01 19:36:18 INFO Casbin enforcer initialized successfully
{"time":"2026-05-01T19:36:18.0974391+08:00","level":"INFO","msg":"organization created","org_id":"2f4e12c9-bb98-47ad-b137-6ae7ad6b5f19","org_slug":"test-org","owner_id":"a1b2e75a-b046-4e97-a9e5-784fe40afc13"}
--- PASS: TestOrganizationService_GetByID (2.29s)
=== RUN   TestOrganizationService_GetByID_NotFound
2026/05/01 19:36:20 INFO Casbin enforcer initialized successfully
--- PASS: TestOrganizationService_GetByID_NotFound (2.29s)
=== RUN   TestOrganizationService_GetByID_NotMember
2026/05/01 19:36:22 INFO Casbin enforcer initialized successfully
{"time":"2026-05-01T19:36:22.6588893+08:00","level":"INFO","msg":"organization created","org_id":"c97d322b-8e17-43a8-91f5-5ec4acb05747","org_slug":"test-org","owner_id":"52f5eb6b-1fba-4ad5-aa22-5b5381d5f001"}
--- PASS: TestOrganizationService_GetByID_NotMember (2.27s)
=== RUN   TestOrganizationService_List
2026/05/01 19:36:24 INFO Casbin enforcer initialized successfully
{"time":"2026-05-01T19:36:24.2469586+08:00","level":"INFO","msg":"organization created","org_id":"294bdf86-1f5b-4c43-b13d-f254f87f21de","org_slug":"a-org","owner_id":"16727960-9d04-4a77-85bf-da369cb51423"}
{"time":"2026-05-01T19:36:24.2528693+08:00","level":"INFO","msg":"organization created","org_id":"b56b5d94-2752-487e-812f-7144708d8470","org_slug":"b-org","owner_id":"16727960-9d04-4a77-85bf-da369cb51423"}
{"time":"2026-05-01T19:36:24.2556197+08:00","level":"INFO","msg":"organization created","org_id":"276f71f5-cfd4-4efc-bbd4-566d0a3c7af7","org_slug":"c-org","owner_id":"16727960-9d04-4a77-85bf-da369cb51423"}
--- PASS: TestOrganizationService_List (1.60s)
=== RUN   TestOrganizationService_List_Pagination
2026/05/01 19:36:26 INFO Casbin enforcer initialized successfully
{"time":"2026-05-01T19:36:26.1341753+08:00","level":"INFO","msg":"organization created","org_id":"689c12e4-7336-487c-bd88-e56837461478","org_slug":"a-org","owner_id":"70ac1a9b-cfe9-4d7f-a0c7-6f8d58789452"}
{"time":"2026-05-01T19:36:26.1401412+08:00","level":"INFO","msg":"organization created","org_id":"edb75882-3d6a-4fa3-a315-e721b7ae0b9f","org_slug":"b-org","owner_id":"70ac1a9b-cfe9-4d7f-a0c7-6f8d58789452"}
{"time":"2026-05-01T19:36:26.1422826+08:00","level":"INFO","msg":"organization created","org_id":"e53d942b-7b21-4312-916d-4bc37aee0c71","org_slug":"c-org","owner_id":"70ac1a9b-cfe9-4d7f-a0c7-6f8d58789452"}
{"time":"2026-05-01T19:36:26.1443324+08:00","level":"INFO","msg":"organization created","org_id":"5c314619-25b4-4b9f-b6f6-e9b0664cbbb0","org_slug":"d-org","owner_id":"70ac1a9b-cfe9-4d7f-a0c7-6f8d58789452"}
{"time":"2026-05-01T19:36:26.1463928+08:00","level":"INFO","msg":"organization created","org_id":"11c10fd8-083e-4da2-9daf-d0881aa5d51a","org_slug":"e-org","owner_id":"70ac1a9b-cfe9-4d7f-a0c7-6f8d58789452"}
--- PASS: TestOrganizationService_List_Pagination (1.89s)
=== RUN   TestOrganizationService_Update
2026/05/01 19:36:28 INFO Casbin enforcer initialized successfully
{"time":"2026-05-01T19:36:28.2775422+08:00","level":"INFO","msg":"organization created","org_id":"47af1337-680c-415c-8b8b-d7e82f7e93ba","org_slug":"original-slug","owner_id":"fb8fc2e3-cf06-4244-831f-34d7f8b2d961"}
{"time":"2026-05-01T19:36:28.2801798+08:00","level":"INFO","msg":"organization updated","org_id":"47af1337-680c-415c-8b8b-d7e82f7e93ba","user_id":"fb8fc2e3-cf06-4244-831f-34d7f8b2d961"}
--- PASS: TestOrganizationService_Update (2.13s)
=== RUN   TestOrganizationService_Update_NotFound
2026/05/01 19:36:30 INFO Casbin enforcer initialized successfully
--- PASS: TestOrganizationService_Update_NotFound (2.07s)
=== RUN   TestOrganizationService_Update_NotMember
2026/05/01 19:36:32 INFO Casbin enforcer initialized successfully
{"time":"2026-05-01T19:36:32.3941987+08:00","level":"INFO","msg":"organization created","org_id":"edc31dc5-9ed2-4234-9027-604f6e516c13","org_slug":"test-org","owner_id":"89766229-d21a-40fe-8713-bf28a77a59de"}
--- PASS: TestOrganizationService_Update_NotMember (2.05s)
=== RUN   TestOrganizationService_Delete
2026/05/01 19:36:34 INFO Casbin enforcer initialized successfully
{"time":"2026-05-01T19:36:34.6657417+08:00","level":"INFO","msg":"organization created","org_id":"77b84784-7d39-4a83-be80-7ab17dddc25c","org_slug":"test-org","owner_id":"bc700298-ef51-4158-81b3-170b6df45960"}
{"time":"2026-05-01T19:36:34.6779912+08:00","level":"INFO","msg":"organization deleted","org_id":"77b84784-7d39-4a83-be80-7ab17dddc25c","user_id":"bc700298-ef51-4158-81b3-170b6df45960"}
--- PASS: TestOrganizationService_Delete (2.28s)
=== RUN   TestOrganizationService_Delete_NotFound
2026/05/01 19:36:36 INFO Casbin enforcer initialized successfully
--- PASS: TestOrganizationService_Delete_NotFound (2.17s)
=== RUN   TestOrganizationMember_Add
2026/05/01 19:36:39 INFO Casbin enforcer initialized successfully
{"time":"2026-05-01T19:36:39.0799516+08:00","level":"INFO","msg":"organization created","org_id":"13fad64e-deef-41b6-b5ef-ce42ba1689a0","org_slug":"test-org","owner_id":"eb79a84a-7b82-4016-ad48-318db06a8d97"}
{"time":"2026-05-01T19:36:39.0870108+08:00","level":"INFO","msg":"member added","org_id":"13fad64e-deef-41b6-b5ef-ce42ba1689a0","user_id":"64831f17-d0b9-4838-b193-5acf636d7f00","role":"member","added_by":"eb79a84a-7b82-4016-ad48-318db06a8d97"}
--- PASS: TestOrganizationMember_Add (2.24s)
=== RUN   TestOrganizationMember_Add_AlreadyMember
2026/05/01 19:36:40 INFO Casbin enforcer initialized successfully
{"time":"2026-05-01T19:36:40.2893361+08:00","level":"INFO","msg":"organization created","org_id":"d24d0593-0e18-4817-afcd-34981163008b","org_slug":"test-org","owner_id":"1eea69a2-2854-4b21-95c5-594219cc97f1"}
--- PASS: TestOrganizationMember_Add_AlreadyMember (1.21s)
=== RUN   TestOrganizationMember_Add_InvalidRole
2026/05/01 19:36:41 INFO Casbin enforcer initialized successfully
{"time":"2026-05-01T19:36:41.5468242+08:00","level":"INFO","msg":"organization created","org_id":"701b0874-b29b-467e-8604-e0820d8d48bf","org_slug":"test-org","owner_id":"aeb6e67f-07f4-4eda-ad4f-f5017de90ef6"}
--- PASS: TestOrganizationMember_Add_InvalidRole (1.25s)
=== RUN   TestOrganizationMember_GetMembers
2026/05/01 19:36:43 INFO Casbin enforcer initialized successfully
{"time":"2026-05-01T19:36:43.0495214+08:00","level":"INFO","msg":"organization created","org_id":"0e7affe3-ce88-4c13-b802-9ee93ecdcf08","org_slug":"test-org","owner_id":"0010cbfa-7638-4001-9142-cda65c0ef7c5"}
{"time":"2026-05-01T19:36:43.0532462+08:00","level":"INFO","msg":"member added","org_id":"0e7affe3-ce88-4c13-b802-9ee93ecdcf08","user_id":"05ae2c72-5fc3-4000-bea2-fa5ce7617bb6","role":"member","added_by":"0010cbfa-7638-4001-9142-cda65c0ef7c5"}
{"time":"2026-05-01T19:36:43.0564607+08:00","level":"INFO","msg":"member added","org_id":"0e7affe3-ce88-4c13-b802-9ee93ecdcf08","user_id":"e97b1e66-533c-48b3-93b2-474ea0b5a7c5","role":"admin","added_by":"0010cbfa-7638-4001-9142-cda65c0ef7c5"}
--- PASS: TestOrganizationMember_GetMembers (1.51s)
=== RUN   TestOrganizationMember_Remove
2026/05/01 19:36:44 INFO Casbin enforcer initialized successfully
{"time":"2026-05-01T19:36:44.8911754+08:00","level":"INFO","msg":"organization created","org_id":"f163adb0-a712-43a4-a5e4-fcfbec572dc9","org_slug":"test-org","owner_id":"a3cc4144-625d-44ae-9a63-6faf4a060c13"}
{"time":"2026-05-01T19:36:44.9004394+08:00","level":"INFO","msg":"member added","org_id":"f163adb0-a712-43a4-a5e4-fcfbec572dc9","user_id":"0ad6c905-3f70-4849-97ed-b737a4173e4f","role":"member","added_by":"a3cc4144-625d-44ae-9a63-6faf4a060c13"}
{"time":"2026-05-01T19:36:44.9032541+08:00","level":"INFO","msg":"member removed","org_id":"f163adb0-a712-43a4-a5e4-fcfbec572dc9","user_id":"0ad6c905-3f70-4849-97ed-b737a4173e4f","removed_by":"a3cc4144-625d-44ae-9a63-6faf4a060c13"}
--- PASS: TestOrganizationMember_Remove (1.84s)
=== RUN   TestOrganizationMember_Remove_Owner
2026/05/01 19:36:46 INFO Casbin enforcer initialized successfully
{"time":"2026-05-01T19:36:46.4104162+08:00","level":"INFO","msg":"organization created","org_id":"4afc673e-8bdb-4f8a-a567-23bcb419e91f","org_slug":"test-org","owner_id":"49d6fd52-c0f9-4f81-bd5c-b194a239030f"}
--- PASS: TestOrganizationMember_Remove_Owner (1.53s)
=== RUN   TestOrganization_PermissionHierarchy
2026/05/01 19:36:48 INFO Casbin enforcer initialized successfully
{"time":"2026-05-01T19:36:48.6108017+08:00","level":"INFO","msg":"organization created","org_id":"285f5ba6-5760-4c01-a29c-24dd25138536","org_slug":"test-org","owner_id":"a90bc6d6-df12-412e-895c-249ef4e7e641"}
{"time":"2026-05-01T19:36:48.6191803+08:00","level":"INFO","msg":"member added","org_id":"285f5ba6-5760-4c01-a29c-24dd25138536","user_id":"999550c2-52aa-4e0b-9929-43d672eb474e","role":"admin","added_by":"a90bc6d6-df12-412e-895c-249ef4e7e641"}
{"time":"2026-05-01T19:36:48.6203085+08:00","level":"INFO","msg":"member added","org_id":"285f5ba6-5760-4c01-a29c-24dd25138536","user_id":"37a948b2-8f31-4427-9a9b-322040b1ce0c","role":"member","added_by":"a90bc6d6-df12-412e-895c-249ef4e7e641"}
--- PASS: TestOrganization_PermissionHierarchy (2.19s)
=== RUN   TestOrganization_CasbinDomainIsolation
2026/05/01 19:36:50 INFO Casbin enforcer initialized successfully
{"time":"2026-05-01T19:36:50.5501547+08:00","level":"INFO","msg":"organization created","org_id":"241c9350-e4ef-4221-a319-36c110b00097","org_slug":"org-one","owner_id":"7f710378-b775-480a-adf8-bb8586fca847"}
{"time":"2026-05-01T19:36:50.5564345+08:00","level":"INFO","msg":"organization created","org_id":"6dafb4a0-0a20-4812-8454-fb073ab48624","org_slug":"org-two","owner_id":"d52fe331-95b8-4cb2-ad9c-3fcd79acc413"}
--- PASS: TestOrganization_CasbinDomainIsolation (1.94s)
=== RUN   TestPagination
    testsuite.go:235: Migrations already run, skipping
2026/05/01 19:36:54 INFO Casbin enforcer initialized successfully
2026/05/01 19:36:54 INFO Swagger documentation disabled
=== RUN   TestPagination/list_endpoints_return_pagination_metadata
{"timestamp":"2026-05-01T11:36:54.6410265Z","level":"DEBUG","message":"request started","fields":{"method":"POST","path":"/api/v1/auth/register","remote_addr":"192.0.2.1","request_id":"74da470c-b887-4f3b-8883-f79deb0fcb80","trace_id":"b9c54095-530e-4750-a191-00b68de9f452"}}
{"timestamp":"2026-05-01T11:36:54.6410265Z","level":"INFO","message":"registering user","fields":{"email":"test-1777635414641026500-1ebm6dwn@test.example.com","request_id":"74da470c-b887-4f3b-8883-f79deb0fcb80","trace_id":"b9c54095-530e-4750-a191-00b68de9f452"}}
{"timestamp":"2026-05-01T11:36:54.8339599Z","level":"INFO","message":"user registered successfully","fields":{"email":"test-1777635414641026500-1ebm6dwn@test.example.com","request_id":"74da470c-b887-4f3b-8883-f79deb0fcb80","trace_id":"b9c54095-530e-4750-a191-00b68de9f452","user_id":"88d9fb24-3373-4385-97c7-f360293032e2"}}
{"timestamp":"2026-05-01T11:36:54.8339599Z","level":"INFO","message":"request completed","fields":{"duration":"192.933ms","method":"POST","path":"/api/v1/auth/register","request_id":"74da470c-b887-4f3b-8883-f79deb0fcb80","response_size":212,"status":201,"trace_id":"b9c54095-530e-4750-a191-00b68de9f452"}}
{"timestamp":"2026-05-01T11:36:54.8339599Z","level":"DEBUG","message":"request started","fields":{"method":"POST","path":"/api/v1/auth/register","remote_addr":"192.0.2.1","request_id":"1cca4af5-1f8e-4b20-b57c-4da3a60a7769","trace_id":"6e47d930-523c-4c44-9a26-67d77f427a31"}}
{"timestamp":"2026-05-01T11:36:54.8346096Z","level":"INFO","message":"registering user","fields":{"email":"test-1777635414833959900-vpzvdfke@test.example.com","request_id":"1cca4af5-1f8e-4b20-b57c-4da3a60a7769","trace_id":"6e47d930-523c-4c44-9a26-67d77f427a31"}}
{"timestamp":"2026-05-01T11:36:55.0253171Z","level":"INFO","message":"user registered successfully","fields":{"email":"test-1777635414833959900-vpzvdfke@test.example.com","request_id":"1cca4af5-1f8e-4b20-b57c-4da3a60a7769","trace_id":"6e47d930-523c-4c44-9a26-67d77f427a31","user_id":"c54b2d9f-312b-4a8b-90da-e80d379c1b9d"}}
{"timestamp":"2026-05-01T11:36:55.0253171Z","level":"INFO","message":"request completed","fields":{"duration":"191.3569ms","method":"POST","path":"/api/v1/auth/register","request_id":"1cca4af5-1f8e-4b20-b57c-4da3a60a7769","response_size":212,"status":201,"trace_id":"6e47d930-523c-4c44-9a26-67d77f427a31"}}
{"timestamp":"2026-05-01T11:36:55.0253171Z","level":"DEBUG","message":"request started","fields":{"method":"POST","path":"/api/v1/auth/register","remote_addr":"192.0.2.1","request_id":"5945eccc-f8ad-4f1d-b3c8-a2de62a7c98e","trace_id":"c638264e-de53-4131-b706-4f2fe0f7c3d6"}}
{"timestamp":"2026-05-01T11:36:55.027552Z","level":"INFO","message":"registering user","fields":{"email":"test-1777635415025317100-4bag51xg@test.example.com","request_id":"5945eccc-f8ad-4f1d-b3c8-a2de62a7c98e","trace_id":"c638264e-de53-4131-b706-4f2fe0f7c3d6"}}
{"timestamp":"2026-05-01T11:36:55.2723024Z","level":"INFO","message":"user registered successfully","fields":{"email":"test-1777635415025317100-4bag51xg@test.example.com","request_id":"5945eccc-f8ad-4f1d-b3c8-a2de62a7c98e","trace_id":"c638264e-de53-4131-b706-4f2fe0f7c3d6","user_id":"16c885b1-a89b-43bb-b030-666ff129121e"}}
{"timestamp":"2026-05-01T11:36:55.2723024Z","level":"INFO","message":"request completed","fields":{"duration":"246.9849ms","method":"POST","path":"/api/v1/auth/register","request_id":"5945eccc-f8ad-4f1d-b3c8-a2de62a7c98e","response_size":212,"status":201,"trace_id":"c638264e-de53-4131-b706-4f2fe0f7c3d6"}}
{"timestamp":"2026-05-01T11:36:55.2723024Z","level":"DEBUG","message":"request started","fields":{"method":"GET","path":"/api/v1/users","remote_addr":"192.0.2.1","request_id":"82e09b54-2cb8-43e9-9bc7-666d6ea1f3bd","trace_id":"4fd7846c-75cc-417b-80fd-4edd3c42d68a"}}
{"timestamp":"2026-05-01T11:36:55.2733518Z","level":"INFO","message":"listing users","fields":{"request_id":"82e09b54-2cb8-43e9-9bc7-666d6ea1f3bd","trace_id":"4fd7846c-75cc-417b-80fd-4edd3c42d68a"}}
{"timestamp":"2026-05-01T11:36:55.2739751Z","level":"INFO","message":"request completed","fields":{"duration":"1.6727ms","method":"GET","path":"/api/v1/users","request_id":"82e09b54-2cb8-43e9-9bc7-666d6ea1f3bd","response_size":863,"status":200,"trace_id":"4fd7846c-75cc-417b-80fd-4edd3c42d68a"}}
=== RUN   TestPagination/list_endpoints_support_limit_query_parameter
{"timestamp":"2026-05-01T11:36:55.2739751Z","level":"DEBUG","message":"request started","fields":{"method":"GET","path":"/api/v1/users","query":"limit=2","remote_addr":"192.0.2.1","request_id":"a99d0cad-a64b-4eba-aceb-8e78c4708fea","trace_id":"765cb091-3cc9-40ce-a115-b431519080f4"}}
{"timestamp":"2026-05-01T11:36:55.2739751Z","level":"INFO","message":"listing users","fields":{"request_id":"a99d0cad-a64b-4eba-aceb-8e78c4708fea","trace_id":"765cb091-3cc9-40ce-a115-b431519080f4"}}
{"timestamp":"2026-05-01T11:36:55.274751Z","level":"INFO","message":"request completed","fields":{"duration":"775.9┬╡s","method":"GET","path":"/api/v1/users","request_id":"a99d0cad-a64b-4eba-aceb-8e78c4708fea","response_size":863,"status":200,"trace_id":"765cb091-3cc9-40ce-a115-b431519080f4"}}
=== RUN   TestPagination/list_endpoints_support_page_query_parameter
{"timestamp":"2026-05-01T11:36:55.274751Z","level":"DEBUG","message":"request started","fields":{"method":"GET","path":"/api/v1/users","query":"page=1","remote_addr":"192.0.2.1","request_id":"8a433e3b-5fef-422c-bb2a-7e4eee7f6bdc","trace_id":"08d39cf7-551a-492a-8829-82229cd96a2a"}}
{"timestamp":"2026-05-01T11:36:55.274751Z","level":"INFO","message":"listing users","fields":{"request_id":"8a433e3b-5fef-422c-bb2a-7e4eee7f6bdc","trace_id":"08d39cf7-551a-492a-8829-82229cd96a2a"}}
{"timestamp":"2026-05-01T11:36:55.274751Z","level":"INFO","message":"request completed","fields":{"duration":"0s","method":"GET","path":"/api/v1/users","request_id":"8a433e3b-5fef-422c-bb2a-7e4eee7f6bdc","response_size":863,"status":200,"trace_id":"08d39cf7-551a-492a-8829-82229cd96a2a"}}
--- PASS: TestPagination (4.72s)
    --- PASS: TestPagination/list_endpoints_return_pagination_metadata (0.63s)
    --- PASS: TestPagination/list_endpoints_support_limit_query_parameter (0.00s)
    --- PASS: TestPagination/list_endpoints_support_page_query_parameter (0.00s)
=== RUN   TestPermission_Enforce_UserHasPermission
2026/05/01 19:36:57 INFO Casbin enforcer initialized successfully
--- PASS: TestPermission_Enforce_UserHasPermission (1.98s)
=== RUN   TestPermission_Enforce_UserNoPermission
2026/05/01 19:36:59 INFO Casbin enforcer initialized successfully
--- PASS: TestPermission_Enforce_UserNoPermission (2.31s)
=== RUN   TestPermission_Enforce_AfterRoleRemoved
2026/05/01 19:37:01 INFO Casbin enforcer initialized successfully
--- PASS: TestPermission_Enforce_AfterRoleRemoved (2.23s)
=== RUN   TestPermission_Cache_Layer
2026/05/01 19:37:03 INFO Casbin enforcer initialized successfully
--- PASS: TestPermission_Cache_Layer (2.18s)
=== RUN   TestPermission_Domain_BasedEnforcement
2026/05/01 19:37:05 INFO Casbin enforcer initialized successfully
--- PASS: TestPermission_Domain_BasedEnforcement (1.72s)
=== RUN   TestPermission_AddPolicy
2026/05/01 19:37:07 INFO Casbin enforcer initialized successfully
--- PASS: TestPermission_AddPolicy (1.85s)
=== RUN   TestPermission_RemovePolicy
2026/05/01 19:37:09 INFO Casbin enforcer initialized successfully
--- PASS: TestPermission_RemovePolicy (1.49s)
=== RUN   TestPermission_AddRoleForUser
2026/05/01 19:37:10 INFO Casbin enforcer initialized successfully
--- PASS: TestPermission_AddRoleForUser (1.50s)
=== RUN   TestPermission_RemoveRoleForUser
2026/05/01 19:37:11 INFO Casbin enforcer initialized successfully
--- PASS: TestPermission_RemoveRoleForUser (1.46s)
=== RUN   TestPermissionHandler
    testsuite.go:235: Migrations already run, skipping
2026/05/01 19:37:16 INFO Casbin enforcer initialized successfully
2026/05/01 19:37:16 INFO Swagger documentation disabled
=== RUN   TestPermissionHandler/GET_/api/v1/permissions_-_list_all_permissions_(admin)
{"timestamp":"2026-05-01T11:37:16.3385031Z","level":"DEBUG","message":"request started","fields":{"method":"GET","path":"/api/v1/permissions","remote_addr":"192.0.2.1","request_id":"4be23ff9-eb29-4879-957d-7f66a009c3e8","trace_id":"3713fd80-916b-420a-8161-f200777bc4b1"}}
{"timestamp":"2026-05-01T11:37:16.3450049Z","level":"INFO","message":"request completed","fields":{"duration":"6.5018ms","method":"GET","path":"/api/v1/permissions","request_id":"4be23ff9-eb29-4879-957d-7f66a009c3e8","response_size":2444,"status":200,"trace_id":"3713fd80-916b-420a-8161-f200777bc4b1"}}
=== RUN   TestPermissionHandler/GET_/api/v1/permissions_-_unauthenticated_returns_401
{"timestamp":"2026-05-01T11:37:16.3450049Z","level":"DEBUG","message":"request started","fields":{"method":"GET","path":"/api/v1/permissions","remote_addr":"192.0.2.1","request_id":"2e6f89c5-9f66-42e2-b3e6-90f79434a933","trace_id":"d5402638-2471-486b-9495-dc5937644531"}}
{"timestamp":"2026-05-01T11:37:16.3455652Z","level":"WARN","message":"request completed with client error","fields":{"duration":"560.3┬╡s","method":"GET","path":"/api/v1/permissions","request_id":"2e6f89c5-9f66-42e2-b3e6-90f79434a933","response_size":0,"status":401,"trace_id":"d5402638-2471-486b-9495-dc5937644531"}}
--- PASS: TestPermissionHandler (4.35s)
    --- PASS: TestPermissionHandler/GET_/api/v1/permissions_-_list_all_permissions_(admin) (0.01s)
    --- PASS: TestPermissionHandler/GET_/api/v1/permissions_-_unauthenticated_returns_401 (0.00s)
=== RUN   TestPermissionMatrix
    testsuite.go:235: Migrations already run, skipping
2026/05/01 19:37:19 INFO Casbin enforcer initialized successfully
2026/05/01 19:37:19 INFO Swagger documentation disabled
=== RUN   TestPermissionMatrix/admin_user_has_full_access_to_all_endpoints
{"timestamp":"2026-05-01T11:37:19.9782288Z","level":"DEBUG","message":"request started","fields":{"method":"POST","path":"/api/v1/auth/register","remote_addr":"192.0.2.1","request_id":"278d5e2a-432e-4407-bd74-0d2278f1e1d6","trace_id":"43652a70-d104-4631-8af3-65618af9e5bd"}}
{"timestamp":"2026-05-01T11:37:19.9782288Z","level":"WARN","message":"validation failed","fields":{"email":"","error":"Key: 'RegisterRequest.Email' Error:Field validation for 'Email' failed on the 'required' tag\nKey: 'RegisterRequest.Password' Error:Field validation for 'Password' failed on the 'required' tag","request_id":"278d5e2a-432e-4407-bd74-0d2278f1e1d6","trace_id":"43652a70-d104-4631-8af3-65618af9e5bd"}}
{"timestamp":"2026-05-01T11:37:19.9782288Z","level":"WARN","message":"request completed with client error","fields":{"duration":"0s","method":"POST","path":"/api/v1/auth/register","request_id":"278d5e2a-432e-4407-bd74-0d2278f1e1d6","response_size":369,"status":400,"trace_id":"43652a70-d104-4631-8af3-65618af9e5bd"}}
{"timestamp":"2026-05-01T11:37:19.9782288Z","level":"DEBUG","message":"request started","fields":{"method":"POST","path":"/api/v1/auth/login","remote_addr":"192.0.2.1","request_id":"94dec3d4-a801-4be8-8840-fa92a8aa06ef","trace_id":"e3bfb1f1-da83-46e7-b15e-cf9fd172c8b8"}}
{"timestamp":"2026-05-01T11:37:19.9782288Z","level":"WARN","message":"validation failed","fields":{"email":"","error":"Key: 'LoginRequest.Email' Error:Field validation for 'Email' failed on the 'required' tag\nKey: 'LoginRequest.Password' Error:Field validation for 'Password' failed on the 'required' tag","request_id":"94dec3d4-a801-4be8-8840-fa92a8aa06ef","trace_id":"e3bfb1f1-da83-46e7-b15e-cf9fd172c8b8"}}
{"timestamp":"2026-05-01T11:37:19.9792336Z","level":"WARN","message":"request completed with client error","fields":{"duration":"0s","method":"POST","path":"/api/v1/auth/login","request_id":"94dec3d4-a801-4be8-8840-fa92a8aa06ef","response_size":363,"status":400,"trace_id":"e3bfb1f1-da83-46e7-b15e-cf9fd172c8b8"}}
{"timestamp":"2026-05-01T11:37:19.9792336Z","level":"DEBUG","message":"request started","fields":{"method":"POST","path":"/api/v1/auth/refresh","remote_addr":"192.0.2.1","request_id":"7c2ee3d8-9310-40b7-a570-4821772ccf0c","trace_id":"ca5f4c3e-8ed8-4b97-a975-b9c15f076264"}}
{"timestamp":"2026-05-01T11:37:19.9792336Z","level":"WARN","message":"validation failed","fields":{"error":"Key: 'RefreshRequest.RefreshToken' Error:Field validation for 'RefreshToken' failed on the 'required' tag","request_id":"7c2ee3d8-9310-40b7-a570-4821772ccf0c","trace_id":"ca5f4c3e-8ed8-4b97-a975-b9c15f076264"}}
{"timestamp":"2026-05-01T11:37:19.9792336Z","level":"WARN","message":"request completed with client error","fields":{"duration":"0s","method":"POST","path":"/api/v1/auth/refresh","request_id":"7c2ee3d8-9310-40b7-a570-4821772ccf0c","response_size":282,"status":400,"trace_id":"ca5f4c3e-8ed8-4b97-a975-b9c15f076264"}}
{"timestamp":"2026-05-01T11:37:19.9792336Z","level":"DEBUG","message":"request started","fields":{"method":"GET","path":"/api/v1/me","remote_addr":"192.0.2.1","request_id":"b8c5fdad-6eff-4b8c-aff1-093db4fdb455","trace_id":"11aeeca4-3694-4e30-a7f6-e4bfc1f30bd8"}}
{"timestamp":"2026-05-01T11:37:19.9792336Z","level":"INFO","message":"fetching current user","fields":{"request_id":"b8c5fdad-6eff-4b8c-aff1-093db4fdb455","trace_id":"11aeeca4-3694-4e30-a7f6-e4bfc1f30bd8","user_id":"b2739c80-5c80-4863-a332-87aff0ce808b"}}
{"timestamp":"2026-05-01T11:37:19.9797376Z","level":"INFO","message":"request completed","fields":{"duration":"504┬╡s","method":"GET","path":"/api/v1/me","request_id":"b8c5fdad-6eff-4b8c-aff1-093db4fdb455","response_size":294,"status":200,"trace_id":"11aeeca4-3694-4e30-a7f6-e4bfc1f30bd8"}}
{"timestamp":"2026-05-01T11:37:19.9797376Z","level":"DEBUG","message":"request started","fields":{"method":"GET","path":"/api/v1/users","remote_addr":"192.0.2.1","request_id":"6cd72c99-8df5-4e82-92fd-d668e5063f93","trace_id":"e82005a4-221a-4264-88e3-aeb490fb6da6"}}
{"timestamp":"2026-05-01T11:37:19.9802526Z","level":"INFO","message":"listing users","fields":{"request_id":"6cd72c99-8df5-4e82-92fd-d668e5063f93","trace_id":"e82005a4-221a-4264-88e3-aeb490fb6da6"}}
{"timestamp":"2026-05-01T11:37:19.9802526Z","level":"INFO","message":"request completed","fields":{"duration":"515┬╡s","method":"GET","path":"/api/v1/users","request_id":"6cd72c99-8df5-4e82-92fd-d668e5063f93","response_size":296,"status":200,"trace_id":"e82005a4-221a-4264-88e3-aeb490fb6da6"}}
{"timestamp":"2026-05-01T11:37:19.9802526Z","level":"DEBUG","message":"request started","fields":{"method":"GET","path":"/api/v1/roles","remote_addr":"192.0.2.1","request_id":"9fb6681c-dca6-456c-ab46-d215e10727c9","trace_id":"1fc6b587-14be-4b5e-9860-2eb3222bc554"}}
{"timestamp":"2026-05-01T11:37:19.9807703Z","level":"INFO","message":"listing roles","fields":{"request_id":"9fb6681c-dca6-456c-ab46-d215e10727c9","trace_id":"1fc6b587-14be-4b5e-9860-2eb3222bc554"}}
{"timestamp":"2026-05-01T11:37:19.9818246Z","level":"INFO","message":"request completed","fields":{"duration":"1.572ms","method":"GET","path":"/api/v1/roles","request_id":"9fb6681c-dca6-456c-ab46-d215e10727c9","response_size":2606,"status":200,"trace_id":"1fc6b587-14be-4b5e-9860-2eb3222bc554"}}
{"timestamp":"2026-05-01T11:37:19.9818246Z","level":"DEBUG","message":"request started","fields":{"method":"GET","path":"/api/v1/permissions","remote_addr":"192.0.2.1","request_id":"4e00fa81-f303-41b8-b75b-af3674e8c9b7","trace_id":"2e5570fe-dd3e-4b53-8894-c529f1763849"}}
{"timestamp":"2026-05-01T11:37:19.9823411Z","level":"INFO","message":"request completed","fields":{"duration":"516.5┬╡s","method":"GET","path":"/api/v1/permissions","request_id":"4e00fa81-f303-41b8-b75b-af3674e8c9b7","response_size":2444,"status":200,"trace_id":"2e5570fe-dd3e-4b53-8894-c529f1763849"}}
{"timestamp":"2026-05-01T11:37:19.9823411Z","level":"DEBUG","message":"request started","fields":{"method":"GET","path":"/api/v1/sessions","remote_addr":"192.0.2.1","request_id":"dfd5f4db-210d-44e3-9d0b-74036812e4f0","trace_id":"f98c7d9c-a286-434a-baec-912dc3dca870"}}
{"timestamp":"2026-05-01T11:37:19.9849232Z","level":"INFO","message":"request completed","fields":{"duration":"2.5821ms","method":"GET","path":"/api/v1/sessions","request_id":"dfd5f4db-210d-44e3-9d0b-74036812e4f0","response_size":12,"status":200,"trace_id":"f98c7d9c-a286-434a-baec-912dc3dca870"}}
=== RUN   TestPermissionMatrix/unauthenticated_requests_are_rejected_on_protected_endpoints
{"timestamp":"2026-05-01T11:37:19.9849232Z","level":"DEBUG","message":"request started","fields":{"method":"GET","path":"/api/v1/me","remote_addr":"192.0.2.1","request_id":"ad4d9f15-909d-4d25-be06-070cf1b501fd","trace_id":"17b6d3a9-a0d6-49ab-a898-35b161582a7f"}}
{"timestamp":"2026-05-01T11:37:19.9849232Z","level":"WARN","message":"request completed with client error","fields":{"duration":"0s","method":"GET","path":"/api/v1/me","request_id":"ad4d9f15-909d-4d25-be06-070cf1b501fd","response_size":0,"status":401,"trace_id":"17b6d3a9-a0d6-49ab-a898-35b161582a7f"}}
{"timestamp":"2026-05-01T11:37:19.9849232Z","level":"DEBUG","message":"request started","fields":{"method":"GET","path":"/api/v1/users","remote_addr":"192.0.2.1","request_id":"f0f1aeec-bee8-4df0-87f6-2a47e0ae5bc5","trace_id":"d06e41b7-95b4-4c3a-985b-eddffb3bf841"}}
{"timestamp":"2026-05-01T11:37:19.985447Z","level":"WARN","message":"request completed with client error","fields":{"duration":"523.8┬╡s","method":"GET","path":"/api/v1/users","request_id":"f0f1aeec-bee8-4df0-87f6-2a47e0ae5bc5","response_size":0,"status":401,"trace_id":"d06e41b7-95b4-4c3a-985b-eddffb3bf841"}}
{"timestamp":"2026-05-01T11:37:19.9859648Z","level":"DEBUG","message":"request started","fields":{"method":"GET","path":"/api/v1/roles","remote_addr":"192.0.2.1","request_id":"18426676-09b9-4653-961a-ab75d73629b6","trace_id":"8de94cbf-ceb7-4920-8759-0189950c5f57"}}
{"timestamp":"2026-05-01T11:37:19.9859648Z","level":"WARN","message":"request completed with client error","fields":{"duration":"0s","method":"GET","path":"/api/v1/roles","request_id":"18426676-09b9-4653-961a-ab75d73629b6","response_size":0,"status":401,"trace_id":"8de94cbf-ceb7-4920-8759-0189950c5f57"}}
{"timestamp":"2026-05-01T11:37:19.9859648Z","level":"DEBUG","message":"request started","fields":{"method":"GET","path":"/api/v1/permissions","remote_addr":"192.0.2.1","request_id":"6d542c0b-e990-4aa2-a862-6b93e9b596f5","trace_id":"84d71bfc-1915-4504-899f-f6b2078c6516"}}
{"timestamp":"2026-05-01T11:37:19.9865963Z","level":"WARN","message":"request completed with client error","fields":{"duration":"631.5┬╡s","method":"GET","path":"/api/v1/permissions","request_id":"6d542c0b-e990-4aa2-a862-6b93e9b596f5","response_size":0,"status":401,"trace_id":"84d71bfc-1915-4504-899f-f6b2078c6516"}}
{"timestamp":"2026-05-01T11:37:19.9865963Z","level":"DEBUG","message":"request started","fields":{"method":"GET","path":"/api/v1/sessions","remote_addr":"192.0.2.1","request_id":"02a75c5c-618d-4075-8801-cf95db1b1ee7","trace_id":"6eedc5ce-d5b5-4f3b-b7b2-4349773204f8"}}
{"timestamp":"2026-05-01T11:37:19.9865963Z","level":"WARN","message":"request completed with client error","fields":{"duration":"0s","method":"GET","path":"/api/v1/sessions","request_id":"02a75c5c-618d-4075-8801-cf95db1b1ee7","response_size":0,"status":401,"trace_id":"6eedc5ce-d5b5-4f3b-b7b2-4349773204f8"}}
{"timestamp":"2026-05-01T11:37:19.9865963Z","level":"DEBUG","message":"request started","fields":{"method":"POST","path":"/api/v1/auth/logout","remote_addr":"192.0.2.1","request_id":"dec6a92b-14d8-46d5-aec7-f0553a3db026","trace_id":"3de55c1c-0eb7-4ec7-b1a5-2b7ba5c60492"}}
{"timestamp":"2026-05-01T11:37:19.9865963Z","level":"WARN","message":"request completed with client error","fields":{"duration":"0s","method":"POST","path":"/api/v1/auth/logout","request_id":"dec6a92b-14d8-46d5-aec7-f0553a3db026","response_size":0,"status":401,"trace_id":"3de55c1c-0eb7-4ec7-b1a5-2b7ba5c60492"}}
{"timestamp":"2026-05-01T11:37:19.9865963Z","level":"DEBUG","message":"request started","fields":{"method":"GET","path":"/api/v1/organizations","remote_addr":"192.0.2.1","request_id":"c5b74c5d-a754-4026-b2d9-0bbbf712edbf","trace_id":"668f890c-d0fc-44d8-b780-507901b3b3b8"}}
{"timestamp":"2026-05-01T11:37:19.9865963Z","level":"WARN","message":"request completed with client error","fields":{"duration":"0s","method":"GET","path":"/api/v1/organizations","request_id":"c5b74c5d-a754-4026-b2d9-0bbbf712edbf","response_size":0,"status":401,"trace_id":"668f890c-d0fc-44d8-b780-507901b3b3b8"}}
{"timestamp":"2026-05-01T11:37:19.9865963Z","level":"DEBUG","message":"request started","fields":{"method":"GET","path":"/api/v1/invoices","remote_addr":"192.0.2.1","request_id":"23da2068-fa86-425c-a588-0aa5098b0edc","trace_id":"81fba998-dfe3-42d6-bbff-95d660c11db6"}}
{"timestamp":"2026-05-01T11:37:19.9871125Z","level":"WARN","message":"request completed with client error","fields":{"duration":"516.2┬╡s","method":"GET","path":"/api/v1/invoices","request_id":"23da2068-fa86-425c-a588-0aa5098b0edc","response_size":0,"status":401,"trace_id":"81fba998-dfe3-42d6-bbff-95d660c11db6"}}
--- PASS: TestPermissionMatrix (3.64s)
    --- PASS: TestPermissionMatrix/admin_user_has_full_access_to_all_endpoints (0.12s)
    --- PASS: TestPermissionMatrix/unauthenticated_requests_are_rejected_on_protected_endpoints (0.00s)
=== RUN   TestPermissionScope
    testsuite.go:235: Migrations already run, skipping
2026/05/01 19:37:23 INFO Casbin enforcer initialized successfully
2026/05/01 19:37:23 INFO Swagger documentation disabled
=== RUN   TestPermissionScope/user_can_only_access_their_own_resources
{"timestamp":"2026-05-01T11:37:23.1717568Z","level":"DEBUG","message":"request started","fields":{"method":"POST","path":"/api/v1/auth/register","remote_addr":"192.0.2.1","request_id":"3a05c592-7d5b-4fab-82d3-bd785b098a4a","trace_id":"1bb8ea26-6b0d-42ea-b0b8-6eef6f2d0e2d"}}
{"timestamp":"2026-05-01T11:37:23.1723347Z","level":"INFO","message":"registering user","fields":{"email":"test-1777635443171756800-4e8uu0r5@test.example.com","request_id":"3a05c592-7d5b-4fab-82d3-bd785b098a4a","trace_id":"1bb8ea26-6b0d-42ea-b0b8-6eef6f2d0e2d"}}
{"timestamp":"2026-05-01T11:37:23.3706141Z","level":"INFO","message":"user registered successfully","fields":{"email":"test-1777635443171756800-4e8uu0r5@test.example.com","request_id":"3a05c592-7d5b-4fab-82d3-bd785b098a4a","trace_id":"1bb8ea26-6b0d-42ea-b0b8-6eef6f2d0e2d","user_id":"63550b87-ab45-4de8-8ddd-bb1da7e849ec"}}
{"timestamp":"2026-05-01T11:37:23.3706141Z","level":"INFO","message":"request completed","fields":{"duration":"198.8569ms","method":"POST","path":"/api/v1/auth/register","request_id":"3a05c592-7d5b-4fab-82d3-bd785b098a4a","response_size":212,"status":201,"trace_id":"1bb8ea26-6b0d-42ea-b0b8-6eef6f2d0e2d"}}
{"timestamp":"2026-05-01T11:37:23.3706141Z","level":"DEBUG","message":"request started","fields":{"method":"POST","path":"/api/v1/auth/login","remote_addr":"192.0.2.1","request_id":"ffe53994-e66d-4804-8466-509706a948b2","trace_id":"f18545a8-01a1-4309-a888-0b57e2186f87"}}
{"timestamp":"2026-05-01T11:37:23.3706141Z","level":"INFO","message":"user login attempt","fields":{"email":"test-1777635443171756800-4e8uu0r5@test.example.com","request_id":"ffe53994-e66d-4804-8466-509706a948b2","trace_id":"f18545a8-01a1-4309-a888-0b57e2186f87"}}
{"timestamp":"2026-05-01T11:37:23.6284352Z","level":"INFO","message":"user logged in successfully","fields":{"email":"test-1777635443171756800-4e8uu0r5@test.example.com","request_id":"ffe53994-e66d-4804-8466-509706a948b2","trace_id":"f18545a8-01a1-4309-a888-0b57e2186f87","user_id":"63550b87-ab45-4de8-8ddd-bb1da7e849ec"}}
{"timestamp":"2026-05-01T11:37:23.6284352Z","level":"INFO","message":"request completed","fields":{"duration":"257.8207ms","method":"POST","path":"/api/v1/auth/login","request_id":"ffe53994-e66d-4804-8466-509706a948b2","response_size":753,"status":200,"trace_id":"f18545a8-01a1-4309-a888-0b57e2186f87"}}
{"timestamp":"2026-05-01T11:37:23.6284352Z","level":"DEBUG","message":"request started","fields":{"method":"POST","path":"/api/v1/auth/register","remote_addr":"192.0.2.1","request_id":"39886ec8-e9da-4889-888e-4210afa90d4a","trace_id":"5302fb06-5e83-4a25-ba12-1755d25a7e6d"}}
{"timestamp":"2026-05-01T11:37:23.6284352Z","level":"INFO","message":"registering user","fields":{"email":"test-1777635443171756800-tpweo31k@test.example.com","request_id":"39886ec8-e9da-4889-888e-4210afa90d4a","trace_id":"5302fb06-5e83-4a25-ba12-1755d25a7e6d"}}
{"timestamp":"2026-05-01T11:37:23.8261434Z","level":"INFO","message":"user registered successfully","fields":{"email":"test-1777635443171756800-tpweo31k@test.example.com","request_id":"39886ec8-e9da-4889-888e-4210afa90d4a","trace_id":"5302fb06-5e83-4a25-ba12-1755d25a7e6d","user_id":"16faaa0f-98d9-41d3-be8a-d119de2a701d"}}
{"timestamp":"2026-05-01T11:37:23.8261434Z","level":"INFO","message":"request completed","fields":{"duration":"197.7078ms","method":"POST","path":"/api/v1/auth/register","request_id":"39886ec8-e9da-4889-888e-4210afa90d4a","response_size":212,"status":201,"trace_id":"5302fb06-5e83-4a25-ba12-1755d25a7e6d"}}
{"timestamp":"2026-05-01T11:37:23.8261434Z","level":"DEBUG","message":"request started","fields":{"method":"POST","path":"/api/v1/auth/login","remote_addr":"192.0.2.1","request_id":"ad26da97-d030-4bd0-b3c2-3f6bb1d34ed6","trace_id":"d1ddedb1-d061-4f36-bee1-baa8cc70e4b9"}}
{"timestamp":"2026-05-01T11:37:23.8270598Z","level":"INFO","message":"user login attempt","fields":{"email":"test-1777635443171756800-tpweo31k@test.example.com","request_id":"ad26da97-d030-4bd0-b3c2-3f6bb1d34ed6","trace_id":"d1ddedb1-d061-4f36-bee1-baa8cc70e4b9"}}
{"timestamp":"2026-05-01T11:37:24.0336972Z","level":"INFO","message":"user logged in successfully","fields":{"email":"test-1777635443171756800-tpweo31k@test.example.com","request_id":"ad26da97-d030-4bd0-b3c2-3f6bb1d34ed6","trace_id":"d1ddedb1-d061-4f36-bee1-baa8cc70e4b9","user_id":"16faaa0f-98d9-41d3-be8a-d119de2a701d"}}
{"timestamp":"2026-05-01T11:37:24.0336972Z","level":"INFO","message":"request completed","fields":{"duration":"207.5535ms","method":"POST","path":"/api/v1/auth/login","request_id":"ad26da97-d030-4bd0-b3c2-3f6bb1d34ed6","response_size":753,"status":200,"trace_id":"d1ddedb1-d061-4f36-bee1-baa8cc70e4b9"}}
{"timestamp":"2026-05-01T11:37:24.0336972Z","level":"DEBUG","message":"request started","fields":{"method":"GET","path":"/api/v1/me","remote_addr":"192.0.2.1","request_id":"60c2b355-92a6-435e-9c6c-81a6b51d927a","trace_id":"8280c1ff-5ecb-4bd4-9598-2a181a3bc67a"}}
{"timestamp":"2026-05-01T11:37:24.0336972Z","level":"INFO","message":"fetching current user","fields":{"request_id":"60c2b355-92a6-435e-9c6c-81a6b51d927a","trace_id":"8280c1ff-5ecb-4bd4-9598-2a181a3bc67a","user_id":"63550b87-ab45-4de8-8ddd-bb1da7e849ec"}}
{"timestamp":"2026-05-01T11:37:24.0342106Z","level":"INFO","message":"request completed","fields":{"duration":"513.4┬╡s","method":"GET","path":"/api/v1/me","request_id":"60c2b355-92a6-435e-9c6c-81a6b51d927a","response_size":294,"status":200,"trace_id":"8280c1ff-5ecb-4bd4-9598-2a181a3bc67a"}}
{"timestamp":"2026-05-01T11:37:24.0342106Z","level":"DEBUG","message":"request started","fields":{"method":"GET","path":"/api/v1/me","remote_addr":"192.0.2.1","request_id":"3a2c4f6c-39bd-4cac-8a34-97dc99b1749e","trace_id":"adba9ae0-913b-4b1a-b01a-c9e936f923b6"}}
{"timestamp":"2026-05-01T11:37:24.0342106Z","level":"INFO","message":"fetching current user","fields":{"request_id":"3a2c4f6c-39bd-4cac-8a34-97dc99b1749e","trace_id":"adba9ae0-913b-4b1a-b01a-c9e936f923b6","user_id":"63550b87-ab45-4de8-8ddd-bb1da7e849ec"}}
{"timestamp":"2026-05-01T11:37:24.0342106Z","level":"INFO","message":"request completed","fields":{"duration":"0s","method":"GET","path":"/api/v1/me","request_id":"3a2c4f6c-39bd-4cac-8a34-97dc99b1749e","response_size":294,"status":200,"trace_id":"adba9ae0-913b-4b1a-b01a-c9e936f923b6"}}
--- PASS: TestPermissionScope (4.05s)
    --- PASS: TestPermissionScope/user_can_only_access_their_own_resources (0.86s)
=== RUN   TestPermissionService_Create_ValidData
--- PASS: TestPermissionService_Create_ValidData (1.19s)
=== RUN   TestPermissionService_Create_DuplicateName
--- PASS: TestPermissionService_Create_DuplicateName (1.20s)
=== RUN   TestPermissionService_Create_ValidationError
=== RUN   TestPermissionService_Create_ValidationError/empty_name
=== RUN   TestPermissionService_Create_ValidationError/empty_resource
=== RUN   TestPermissionService_Create_ValidationError/empty_action
--- PASS: TestPermissionService_Create_ValidationError (1.00s)
    --- PASS: TestPermissionService_Create_ValidationError/empty_name (0.00s)
    --- PASS: TestPermissionService_Create_ValidationError/empty_resource (0.00s)
    --- PASS: TestPermissionService_Create_ValidationError/empty_action (0.00s)
=== RUN   TestPermissionService_GetAll
--- PASS: TestPermissionService_GetAll (1.75s)
=== RUN   TestPermissionService_GetAll_Empty
--- PASS: TestPermissionService_GetAll_Empty (1.64s)
=== RUN   TestPermissionRepository_FindByID
--- PASS: TestPermissionRepository_FindByID (1.76s)
=== RUN   TestPermissionRepository_FindByID_NotFound
--- PASS: TestPermissionRepository_FindByID_NotFound (1.58s)
=== RUN   TestPermissionRepository_FindByName
--- PASS: TestPermissionRepository_FindByName (1.69s)
=== RUN   TestPermissionRepository_FindByName_NotFound
--- PASS: TestPermissionRepository_FindByName_NotFound (1.86s)
=== RUN   TestPermissionRepository_FindByResource
--- PASS: TestPermissionRepository_FindByResource (2.29s)
=== RUN   TestPermissionRepository_FindByResource_Empty
--- PASS: TestPermissionRepository_FindByResource_Empty (1.87s)
=== RUN   TestRoleHandler
    testsuite.go:235: Migrations already run, skipping
2026/05/01 19:37:45 INFO Casbin enforcer initialized successfully
2026/05/01 19:37:45 INFO Swagger documentation disabled
=== RUN   TestRoleHandler/GET_/api/v1/roles_-_list_all_roles
{"timestamp":"2026-05-01T11:37:45.6156028Z","level":"DEBUG","message":"request started","fields":{"method":"GET","path":"/api/v1/roles","remote_addr":"192.0.2.1","request_id":"a26552e9-f22c-4d98-a9f6-21f6b3b28d6e","trace_id":"d72444f3-b4e3-4836-b7e5-a78168f2bc89"}}
{"timestamp":"2026-05-01T11:37:45.6163611Z","level":"INFO","message":"listing roles","fields":{"request_id":"a26552e9-f22c-4d98-a9f6-21f6b3b28d6e","trace_id":"d72444f3-b4e3-4836-b7e5-a78168f2bc89"}}
{"timestamp":"2026-05-01T11:37:45.617589Z","level":"INFO","message":"request completed","fields":{"duration":"1.9862ms","method":"GET","path":"/api/v1/roles","request_id":"a26552e9-f22c-4d98-a9f6-21f6b3b28d6e","response_size":2606,"status":200,"trace_id":"d72444f3-b4e3-4836-b7e5-a78168f2bc89"}}
=== RUN   TestRoleHandler/POST_/api/v1/roles_-_create_role
{"timestamp":"2026-05-01T11:37:45.617589Z","level":"DEBUG","message":"request started","fields":{"method":"POST","path":"/api/v1/roles","remote_addr":"192.0.2.1","request_id":"023ef758-2f77-4e62-b44c-3f821860b219","trace_id":"e1ac8fb0-35d6-4737-90d4-b15057c366b1"}}
{"timestamp":"2026-05-01T11:37:45.617589Z","level":"INFO","message":"creating role","fields":{"name":"role-89000","request_id":"023ef758-2f77-4e62-b44c-3f821860b219","trace_id":"e1ac8fb0-35d6-4737-90d4-b15057c366b1"}}
{"timestamp":"2026-05-01T11:37:45.6191576Z","level":"INFO","message":"role created successfully","fields":{"name":"role-89000","request_id":"023ef758-2f77-4e62-b44c-3f821860b219","role_id":"953889f0-f5fc-412f-9717-7325d62c6070","trace_id":"e1ac8fb0-35d6-4737-90d4-b15057c366b1"}}
{"timestamp":"2026-05-01T11:37:45.6191576Z","level":"INFO","message":"request completed","fields":{"duration":"1.5686ms","method":"POST","path":"/api/v1/roles","request_id":"023ef758-2f77-4e62-b44c-3f821860b219","response_size":227,"status":201,"trace_id":"e1ac8fb0-35d6-4737-90d4-b15057c366b1"}}
=== RUN   TestRoleHandler/GET_/api/v1/roles/:id_-_get_role_by_id
    role_handler_test.go:43: role GetByID endpoint not yet implemented
=== RUN   TestRoleHandler/PUT_/api/v1/roles/:id_-_update_role
{"timestamp":"2026-05-01T11:37:45.6191576Z","level":"DEBUG","message":"request started","fields":{"method":"GET","path":"/api/v1/roles","remote_addr":"192.0.2.1","request_id":"d7eab258-b084-4f55-84bd-4bf64bde68a5","trace_id":"970ab0e9-99fd-438f-9007-47ab6aff652e"}}
{"timestamp":"2026-05-01T11:37:45.6197578Z","level":"INFO","message":"listing roles","fields":{"request_id":"d7eab258-b084-4f55-84bd-4bf64bde68a5","trace_id":"970ab0e9-99fd-438f-9007-47ab6aff652e"}}
{"timestamp":"2026-05-01T11:37:45.6239541Z","level":"INFO","message":"request completed","fields":{"duration":"4.7965ms","method":"GET","path":"/api/v1/roles","request_id":"d7eab258-b084-4f55-84bd-4bf64bde68a5","response_size":2745,"status":200,"trace_id":"970ab0e9-99fd-438f-9007-47ab6aff652e"}}
{"timestamp":"2026-05-01T11:37:45.6244719Z","level":"DEBUG","message":"request started","fields":{"method":"PUT","path":"/api/v1/roles/62f0d482-3da0-4d10-93a2-9efc76b69608","remote_addr":"192.0.2.1","request_id":"6dbf5365-6b24-489f-a393-61cc610602e5","trace_id":"65facb47-6669-4bc2-a0a9-191977cb0594"}}
{"timestamp":"2026-05-01T11:37:45.6244719Z","level":"INFO","message":"updating role","fields":{"name":"updated-role-name","request_id":"6dbf5365-6b24-489f-a393-61cc610602e5","role_id":"62f0d482-3da0-4d10-93a2-9efc76b69608","trace_id":"65facb47-6669-4bc2-a0a9-191977cb0594"}}
{"timestamp":"2026-05-01T11:37:45.6265348Z","level":"INFO","message":"role updated successfully","fields":{"request_id":"6dbf5365-6b24-489f-a393-61cc610602e5","role_id":"62f0d482-3da0-4d10-93a2-9efc76b69608","trace_id":"65facb47-6669-4bc2-a0a9-191977cb0594"}}
{"timestamp":"2026-05-01T11:37:45.6265348Z","level":"INFO","message":"request completed","fields":{"duration":"2.0629ms","method":"PUT","path":"/api/v1/roles/62f0d482-3da0-4d10-93a2-9efc76b69608","request_id":"6dbf5365-6b24-489f-a393-61cc610602e5","response_size":2585,"status":200,"trace_id":"65facb47-6669-4bc2-a0a9-191977cb0594"}}
=== RUN   TestRoleHandler/DELETE_/api/v1/roles/:id_-_delete_role
{"timestamp":"2026-05-01T11:37:45.6265348Z","level":"DEBUG","message":"request started","fields":{"method":"POST","path":"/api/v1/roles","remote_addr":"192.0.2.1","request_id":"b2e8ca26-4b88-43c3-9732-132d44b2cee8","trace_id":"b5cec48e-5cef-4185-9e82-17ada5e78e56"}}
{"timestamp":"2026-05-01T11:37:45.627043Z","level":"INFO","message":"creating role","fields":{"name":"temp-role-to-delete","request_id":"b2e8ca26-4b88-43c3-9732-132d44b2cee8","trace_id":"b5cec48e-5cef-4185-9e82-17ada5e78e56"}}
{"timestamp":"2026-05-01T11:37:45.6281071Z","level":"INFO","message":"role created successfully","fields":{"name":"temp-role-to-delete","request_id":"b2e8ca26-4b88-43c3-9732-132d44b2cee8","role_id":"43bdebc7-8912-4327-a694-3995ae7c304c","trace_id":"b5cec48e-5cef-4185-9e82-17ada5e78e56"}}
{"timestamp":"2026-05-01T11:37:45.6281071Z","level":"INFO","message":"request completed","fields":{"duration":"1.5723ms","method":"POST","path":"/api/v1/roles","request_id":"b2e8ca26-4b88-43c3-9732-132d44b2cee8","response_size":230,"status":201,"trace_id":"b5cec48e-5cef-4185-9e82-17ada5e78e56"}}
{"timestamp":"2026-05-01T11:37:45.6281071Z","level":"DEBUG","message":"request started","fields":{"method":"DELETE","path":"/api/v1/roles/43bdebc7-8912-4327-a694-3995ae7c304c","remote_addr":"192.0.2.1","request_id":"e5629d42-836b-4d53-9906-8c825f6f89e5","trace_id":"bdc3377a-7c36-4ec7-9f2b-800db6d1c3b5"}}
{"timestamp":"2026-05-01T11:37:45.6287203Z","level":"INFO","message":"deleting role","fields":{"request_id":"e5629d42-836b-4d53-9906-8c825f6f89e5","role_id":"43bdebc7-8912-4327-a694-3995ae7c304c","role_name":"temp-role-to-delete","trace_id":"bdc3377a-7c36-4ec7-9f2b-800db6d1c3b5"}}
{"timestamp":"2026-05-01T11:37:45.6302663Z","level":"INFO","message":"role deleted successfully","fields":{"request_id":"e5629d42-836b-4d53-9906-8c825f6f89e5","role_id":"43bdebc7-8912-4327-a694-3995ae7c304c","trace_id":"bdc3377a-7c36-4ec7-9f2b-800db6d1c3b5"}}
{"timestamp":"2026-05-01T11:37:45.6302663Z","level":"INFO","message":"request completed","fields":{"duration":"2.1592ms","method":"DELETE","path":"/api/v1/roles/43bdebc7-8912-4327-a694-3995ae7c304c","request_id":"e5629d42-836b-4d53-9906-8c825f6f89e5","response_size":145,"status":200,"trace_id":"bdc3377a-7c36-4ec7-9f2b-800db6d1c3b5"}}
=== RUN   TestRoleHandler/protected_routes_-_unauthenticated_returns_401
{"timestamp":"2026-05-01T11:37:45.6308042Z","level":"DEBUG","message":"request started","fields":{"method":"GET","path":"/api/v1/roles","remote_addr":"192.0.2.1","request_id":"6072e727-5524-4bfa-ad4f-11e21d27b04e","trace_id":"25a66bfc-1273-4edb-ad58-7a15dbf9871a"}}
{"timestamp":"2026-05-01T11:37:45.6308042Z","level":"WARN","message":"request completed with client error","fields":{"duration":"0s","method":"GET","path":"/api/v1/roles","request_id":"6072e727-5524-4bfa-ad4f-11e21d27b04e","response_size":0,"status":401,"trace_id":"25a66bfc-1273-4edb-ad58-7a15dbf9871a"}}
--- PASS: TestRoleHandler (3.76s)
    --- PASS: TestRoleHandler/GET_/api/v1/roles_-_list_all_roles (0.00s)
    --- PASS: TestRoleHandler/POST_/api/v1/roles_-_create_role (0.00s)
    --- SKIP: TestRoleHandler/GET_/api/v1/roles/:id_-_get_role_by_id (0.00s)
    --- PASS: TestRoleHandler/PUT_/api/v1/roles/:id_-_update_role (0.01s)
    --- PASS: TestRoleHandler/DELETE_/api/v1/roles/:id_-_delete_role (0.00s)
    --- PASS: TestRoleHandler/protected_routes_-_unauthenticated_returns_401 (0.00s)
=== RUN   TestRoleService_AttachPermission
--- PASS: TestRoleService_AttachPermission (2.14s)
=== RUN   TestRoleService_AttachPermission_Idempotent
    role_permission_test.go:78: Second attach returned error (expected for strict idempotency check): Internal server error: ERROR: duplicate key value violates unique constraint "role_permissions_pkey" (SQLSTATE 23505)
--- PASS: TestRoleService_AttachPermission_Idempotent (2.17s)
=== RUN   TestRoleService_AttachPermission_RoleNotFound
--- PASS: TestRoleService_AttachPermission_RoleNotFound (2.05s)
=== RUN   TestRoleService_AttachPermission_PermissionNotFound
--- PASS: TestRoleService_AttachPermission_PermissionNotFound (1.85s)
=== RUN   TestRoleService_DetachPermission
--- PASS: TestRoleService_DetachPermission (1.55s)
=== RUN   TestRoleService_DetachPermission_NotAttached
--- PASS: TestRoleService_DetachPermission_NotAttached (1.77s)
=== RUN   TestRoleService_GetByID_WithPermissions
--- PASS: TestRoleService_GetByID_WithPermissions (1.74s)
=== RUN   TestRolePermissionRepository_FindByRoleID
--- PASS: TestRolePermissionRepository_FindByRoleID (1.75s)
=== RUN   TestRolePermissionRepository_FindByRoleID_Empty
--- PASS: TestRolePermissionRepository_FindByRoleID_Empty (2.11s)
=== RUN   TestRolePermissionRepository_Sync
--- PASS: TestRolePermissionRepository_Sync (1.76s)
=== RUN   TestRoleService_Create_ValidData
--- PASS: TestRoleService_Create_ValidData (3.19s)
=== RUN   TestRoleService_Create_DuplicateName
--- PASS: TestRoleService_Create_DuplicateName (3.37s)
=== RUN   TestRoleService_Create_EmptyName
--- PASS: TestRoleService_Create_EmptyName (3.43s)
=== RUN   TestRoleService_Update
--- PASS: TestRoleService_Update (3.43s)
=== RUN   TestRoleService_Update_NotFound
--- PASS: TestRoleService_Update_NotFound (3.28s)
=== RUN   TestRoleService_GetAll
--- PASS: TestRoleService_GetAll (3.69s)
=== RUN   TestRoleService_GetAll_Empty
--- PASS: TestRoleService_GetAll_Empty (3.56s)
=== RUN   TestRoleService_Delete_NonSystemRole
--- PASS: TestRoleService_Delete_NonSystemRole (3.26s)
=== RUN   TestRoleService_Delete_SystemRole
--- PASS: TestRoleService_Delete_SystemRole (3.55s)
=== RUN   TestRoleService_Delete_NotFound
--- PASS: TestRoleService_Delete_NotFound (2.95s)
=== RUN   TestRoleService_GetByID
--- PASS: TestRoleService_GetByID (3.24s)
=== RUN   TestRoleService_GetByID_NotFound
--- PASS: TestRoleService_GetByID_NotFound (4.00s)
=== RUN   TestSessionHandler
    testsuite.go:235: Migrations already run, skipping
2026/05/01 19:38:53 INFO Casbin enforcer initialized successfully
2026/05/01 19:38:53 INFO Swagger documentation disabled
{"timestamp":"2026-05-01T11:38:53.2889521Z","level":"DEBUG","message":"request started","fields":{"method":"POST","path":"/api/v1/auth/register","remote_addr":"192.0.2.1","request_id":"68af5b6e-c1a8-444f-acb0-bb45002875d6","trace_id":"ac748b99-18cd-47ff-93af-4916cc82536e"}}
{"timestamp":"2026-05-01T11:38:53.2895293Z","level":"INFO","message":"registering user","fields":{"email":"test-1777635533288952100-sk9f9k6t@test.example.com","request_id":"68af5b6e-c1a8-444f-acb0-bb45002875d6","trace_id":"ac748b99-18cd-47ff-93af-4916cc82536e"}}
{"timestamp":"2026-05-01T11:38:53.503523Z","level":"INFO","message":"user registered successfully","fields":{"email":"test-1777635533288952100-sk9f9k6t@test.example.com","request_id":"68af5b6e-c1a8-444f-acb0-bb45002875d6","trace_id":"ac748b99-18cd-47ff-93af-4916cc82536e","user_id":"fae28515-8359-4bd6-8960-a42a4506061e"}}
{"timestamp":"2026-05-01T11:38:53.5045419Z","level":"INFO","message":"request completed","fields":{"duration":"215.5894ms","method":"POST","path":"/api/v1/auth/register","request_id":"68af5b6e-c1a8-444f-acb0-bb45002875d6","response_size":212,"status":201,"trace_id":"ac748b99-18cd-47ff-93af-4916cc82536e"}}
{"timestamp":"2026-05-01T11:38:53.5045419Z","level":"DEBUG","message":"request started","fields":{"method":"POST","path":"/api/v1/auth/login","remote_addr":"192.0.2.1","request_id":"d7e9ef97-f13a-44f6-889a-b14607a68d38","trace_id":"69eff8f4-9543-4470-8e35-efd23a07e322"}}
{"timestamp":"2026-05-01T11:38:53.5045419Z","level":"INFO","message":"user login attempt","fields":{"email":"test-1777635533288952100-sk9f9k6t@test.example.com","request_id":"d7e9ef97-f13a-44f6-889a-b14607a68d38","trace_id":"69eff8f4-9543-4470-8e35-efd23a07e322"}}
{"timestamp":"2026-05-01T11:38:53.74701Z","level":"INFO","message":"user logged in successfully","fields":{"email":"test-1777635533288952100-sk9f9k6t@test.example.com","request_id":"d7e9ef97-f13a-44f6-889a-b14607a68d38","trace_id":"69eff8f4-9543-4470-8e35-efd23a07e322","user_id":"fae28515-8359-4bd6-8960-a42a4506061e"}}
{"timestamp":"2026-05-01T11:38:53.74701Z","level":"INFO","message":"request completed","fields":{"duration":"242.4677ms","method":"POST","path":"/api/v1/auth/login","request_id":"d7e9ef97-f13a-44f6-889a-b14607a68d38","response_size":753,"status":200,"trace_id":"69eff8f4-9543-4470-8e35-efd23a07e322"}}
=== RUN   TestSessionHandler/GET_/api/v1/sessions_-_list_sessions_for_authenticated_user
{"timestamp":"2026-05-01T11:38:53.74701Z","level":"DEBUG","message":"request started","fields":{"method":"GET","path":"/api/v1/sessions","remote_addr":"192.0.2.1","request_id":"b78b96b8-75d1-4689-a63f-2cb9481c2fc5","trace_id":"493d9f27-0d81-4422-9f10-5ab882333e0f"}}
{"timestamp":"2026-05-01T11:38:53.7482178Z","level":"INFO","message":"request completed","fields":{"duration":"1.2078ms","method":"GET","path":"/api/v1/sessions","request_id":"b78b96b8-75d1-4689-a63f-2cb9481c2fc5","response_size":148,"status":200,"trace_id":"493d9f27-0d81-4422-9f10-5ab882333e0f"}}
=== RUN   TestSessionHandler/GET_/api/v1/sessions_-_unauthenticated_returns_401
{"timestamp":"2026-05-01T11:38:53.7482178Z","level":"DEBUG","message":"request started","fields":{"method":"GET","path":"/api/v1/sessions","remote_addr":"192.0.2.1","request_id":"f26b2098-3f9b-4f29-aba8-24b73c231e2f","trace_id":"28d0a5b8-9c9b-4b32-bdd5-0750e1c43a29"}}
{"timestamp":"2026-05-01T11:38:53.7482178Z","level":"WARN","message":"request completed with client error","fields":{"duration":"0s","method":"GET","path":"/api/v1/sessions","request_id":"f26b2098-3f9b-4f29-aba8-24b73c231e2f","response_size":0,"status":401,"trace_id":"28d0a5b8-9c9b-4b32-bdd5-0750e1c43a29"}}
=== RUN   TestSessionHandler/DELETE_/api/v1/sessions/:id_-_revoke_session
{"timestamp":"2026-05-01T11:38:53.7482178Z","level":"DEBUG","message":"request started","fields":{"method":"GET","path":"/api/v1/sessions","remote_addr":"192.0.2.1","request_id":"989db909-2f2e-4cf7-b153-705aef17947e","trace_id":"8353b87f-516a-47ad-a986-e3fadaeeb5ab"}}
{"timestamp":"2026-05-01T11:38:53.7487851Z","level":"INFO","message":"request completed","fields":{"duration":"567.3┬╡s","method":"GET","path":"/api/v1/sessions","request_id":"989db909-2f2e-4cf7-b153-705aef17947e","response_size":148,"status":200,"trace_id":"8353b87f-516a-47ad-a986-e3fadaeeb5ab"}}
{"timestamp":"2026-05-01T11:38:53.7487851Z","level":"DEBUG","message":"request started","fields":{"method":"DELETE","path":"/api/v1/sessions/95653196-244d-4835-b8bf-f4c9796168c8","remote_addr":"192.0.2.1","request_id":"9380550c-e1f8-4f3c-b3af-a13a74ea5cfa","trace_id":"62b66c4b-05c7-4fbb-81c5-9a57c276e7b7"}}
{"timestamp":"2026-05-01T11:38:53.7499259Z","level":"INFO","message":"request completed","fields":{"duration":"1.1408ms","method":"DELETE","path":"/api/v1/sessions/95653196-244d-4835-b8bf-f4c9796168c8","request_id":"9380550c-e1f8-4f3c-b3af-a13a74ea5cfa","response_size":52,"status":200,"trace_id":"62b66c4b-05c7-4fbb-81c5-9a57c276e7b7"}}
=== RUN   TestSessionHandler/DELETE_/api/v1/sessions_-_unauthenticated_returns_401
{"timestamp":"2026-05-01T11:38:53.7499259Z","level":"DEBUG","message":"request started","fields":{"method":"DELETE","path":"/api/v1/sessions/some-session-id","remote_addr":"192.0.2.1","request_id":"f255aa5c-804b-4a6a-86ff-7c4c4f621296","trace_id":"94afc3b9-b802-4bac-bb71-e27d966bba36"}}
{"timestamp":"2026-05-01T11:38:53.7499259Z","level":"WARN","message":"request completed with client error","fields":{"duration":"0s","method":"DELETE","path":"/api/v1/sessions/some-session-id","request_id":"f255aa5c-804b-4a6a-86ff-7c4c4f621296","response_size":0,"status":401,"trace_id":"94afc3b9-b802-4bac-bb71-e27d966bba36"}}
--- PASS: TestSessionHandler (8.26s)
    --- PASS: TestSessionHandler/GET_/api/v1/sessions_-_list_sessions_for_authenticated_user (0.00s)
    --- PASS: TestSessionHandler/GET_/api/v1/sessions_-_unauthenticated_returns_401 (0.00s)
    --- PASS: TestSessionHandler/DELETE_/api/v1/sessions/:id_-_revoke_session (0.00s)
    --- PASS: TestSessionHandler/DELETE_/api/v1/sessions_-_unauthenticated_returns_401 (0.00s)
=== RUN   TestSoftDeleteBehavior
    testsuite.go:235: Migrations already run, skipping
2026/05/01 19:39:00 INFO Casbin enforcer initialized successfully
2026/05/01 19:39:00 INFO Swagger documentation disabled
=== RUN   TestSoftDeleteBehavior/delete_sets_deleted_at_not_removes_row
{"timestamp":"2026-05-01T11:39:00.3377812Z","level":"DEBUG","message":"request started","fields":{"method":"POST","path":"/api/v1/roles","remote_addr":"192.0.2.1","request_id":"36169a46-4011-48e1-ac0d-afcd907ad6ff","trace_id":"2d5a5a98-04fc-46ff-bfec-c49550d088bd"}}
{"timestamp":"2026-05-01T11:39:00.3377812Z","level":"INFO","message":"creating role","fields":{"name":"SoftDelete Test Role","request_id":"36169a46-4011-48e1-ac0d-afcd907ad6ff","trace_id":"2d5a5a98-04fc-46ff-bfec-c49550d088bd"}}
{"timestamp":"2026-05-01T11:39:00.338947Z","level":"INFO","message":"role created successfully","fields":{"name":"SoftDelete Test Role","request_id":"36169a46-4011-48e1-ac0d-afcd907ad6ff","role_id":"3e7a1daf-a7b6-4730-a27d-a1a4a6d1cee7","trace_id":"2d5a5a98-04fc-46ff-bfec-c49550d088bd"}}
{"timestamp":"2026-05-01T11:39:00.3396477Z","level":"INFO","message":"request completed","fields":{"duration":"1.8665ms","method":"POST","path":"/api/v1/roles","request_id":"36169a46-4011-48e1-ac0d-afcd907ad6ff","response_size":236,"status":201,"trace_id":"2d5a5a98-04fc-46ff-bfec-c49550d088bd"}}
{"timestamp":"2026-05-01T11:39:00.3396477Z","level":"DEBUG","message":"request started","fields":{"method":"DELETE","path":"/api/v1/roles/3e7a1daf-a7b6-4730-a27d-a1a4a6d1cee7","remote_addr":"192.0.2.1","request_id":"bcea6b7c-485c-4b52-80ff-eb582169280d","trace_id":"98e063d6-d79c-4d67-a81a-701c9939aa2d"}}
{"timestamp":"2026-05-01T11:39:00.3428722Z","level":"INFO","message":"deleting role","fields":{"request_id":"bcea6b7c-485c-4b52-80ff-eb582169280d","role_id":"3e7a1daf-a7b6-4730-a27d-a1a4a6d1cee7","role_name":"SoftDelete Test Role","trace_id":"98e063d6-d79c-4d67-a81a-701c9939aa2d"}}
{"timestamp":"2026-05-01T11:39:00.3439311Z","level":"INFO","message":"role deleted successfully","fields":{"request_id":"bcea6b7c-485c-4b52-80ff-eb582169280d","role_id":"3e7a1daf-a7b6-4730-a27d-a1a4a6d1cee7","trace_id":"98e063d6-d79c-4d67-a81a-701c9939aa2d"}}
{"timestamp":"2026-05-01T11:39:00.3439311Z","level":"INFO","message":"request completed","fields":{"duration":"4.2834ms","method":"DELETE","path":"/api/v1/roles/3e7a1daf-a7b6-4730-a27d-a1a4a6d1cee7","request_id":"bcea6b7c-485c-4b52-80ff-eb582169280d","response_size":145,"status":200,"trace_id":"98e063d6-d79c-4d67-a81a-701c9939aa2d"}}
=== RUN   TestSoftDeleteBehavior/soft_deleted_resource_returns_404_on_GET
{"timestamp":"2026-05-01T11:39:00.3445171Z","level":"DEBUG","message":"request started","fields":{"method":"POST","path":"/api/v1/roles","remote_addr":"192.0.2.1","request_id":"573e9b42-e3f0-4464-8d19-1dc5cb1c6607","trace_id":"76792e10-0c37-43f0-ae62-7da391ee4a81"}}
{"timestamp":"2026-05-01T11:39:00.3450824Z","level":"INFO","message":"creating role","fields":{"name":"Another SoftDelete Role","request_id":"573e9b42-e3f0-4464-8d19-1dc5cb1c6607","trace_id":"76792e10-0c37-43f0-ae62-7da391ee4a81"}}
{"timestamp":"2026-05-01T11:39:00.3450824Z","level":"INFO","message":"role created successfully","fields":{"name":"Another SoftDelete Role","request_id":"573e9b42-e3f0-4464-8d19-1dc5cb1c6607","role_id":"ffee1049-0a55-4352-b5b9-33c05ceffb4e","trace_id":"76792e10-0c37-43f0-ae62-7da391ee4a81"}}
{"timestamp":"2026-05-01T11:39:00.3460965Z","level":"INFO","message":"request completed","fields":{"duration":"1.5794ms","method":"POST","path":"/api/v1/roles","request_id":"573e9b42-e3f0-4464-8d19-1dc5cb1c6607","response_size":239,"status":201,"trace_id":"76792e10-0c37-43f0-ae62-7da391ee4a81"}}
{"timestamp":"2026-05-01T11:39:00.3460965Z","level":"DEBUG","message":"request started","fields":{"method":"DELETE","path":"/api/v1/roles/ffee1049-0a55-4352-b5b9-33c05ceffb4e","remote_addr":"192.0.2.1","request_id":"f747cef7-7e80-49cd-a146-b43589e30e4b","trace_id":"f1a08e34-ba6b-4496-83d3-bb05f6f5cca0"}}
{"timestamp":"2026-05-01T11:39:00.3466057Z","level":"INFO","message":"deleting role","fields":{"request_id":"f747cef7-7e80-49cd-a146-b43589e30e4b","role_id":"ffee1049-0a55-4352-b5b9-33c05ceffb4e","role_name":"Another SoftDelete Role","trace_id":"f1a08e34-ba6b-4496-83d3-bb05f6f5cca0"}}
{"timestamp":"2026-05-01T11:39:00.3466057Z","level":"INFO","message":"role deleted successfully","fields":{"request_id":"f747cef7-7e80-49cd-a146-b43589e30e4b","role_id":"ffee1049-0a55-4352-b5b9-33c05ceffb4e","trace_id":"f1a08e34-ba6b-4496-83d3-bb05f6f5cca0"}}
{"timestamp":"2026-05-01T11:39:00.3466057Z","level":"INFO","message":"request completed","fields":{"duration":"509.2┬╡s","method":"DELETE","path":"/api/v1/roles/ffee1049-0a55-4352-b5b9-33c05ceffb4e","request_id":"f747cef7-7e80-49cd-a146-b43589e30e4b","response_size":145,"status":200,"trace_id":"f1a08e34-ba6b-4496-83d3-bb05f6f5cca0"}}
{"timestamp":"2026-05-01T11:39:00.3466057Z","level":"DEBUG","message":"request started","fields":{"method":"GET","path":"/api/v1/roles/ffee1049-0a55-4352-b5b9-33c05ceffb4e","remote_addr":"192.0.2.1","request_id":"ab613314-400d-4976-b51f-895a5ff36d24","trace_id":"8f1da7b3-365f-4b63-8b45-ba098e8cbf70"}}
{"timestamp":"2026-05-01T11:39:00.347137Z","level":"INFO","message":"getting role by id","fields":{"request_id":"ab613314-400d-4976-b51f-895a5ff36d24","role_id":"ffee1049-0a55-4352-b5b9-33c05ceffb4e","trace_id":"8f1da7b3-365f-4b63-8b45-ba098e8cbf70"}}
{"timestamp":"2026-05-01T11:39:00.347137Z","level":"WARN","message":"request completed with client error","fields":{"duration":"531.3┬╡s","method":"GET","path":"/api/v1/roles/ffee1049-0a55-4352-b5b9-33c05ceffb4e","request_id":"ab613314-400d-4976-b51f-895a5ff36d24","response_size":154,"status":404,"trace_id":"8f1da7b3-365f-4b63-8b45-ba098e8cbf70"}}
=== RUN   TestSoftDeleteBehavior/soft_deleted_resource_not_in_list
{"timestamp":"2026-05-01T11:39:00.347137Z","level":"DEBUG","message":"request started","fields":{"method":"POST","path":"/api/v1/roles","remote_addr":"192.0.2.1","request_id":"85b326e7-3d97-4077-8971-15c2d04123d4","trace_id":"713aa69c-5db6-44a6-ab50-8d7da9bf75aa"}}
{"timestamp":"2026-05-01T11:39:00.347137Z","level":"INFO","message":"creating role","fields":{"name":"List Exclusion Role","request_id":"85b326e7-3d97-4077-8971-15c2d04123d4","trace_id":"713aa69c-5db6-44a6-ab50-8d7da9bf75aa"}}
{"timestamp":"2026-05-01T11:39:00.3476694Z","level":"INFO","message":"role created successfully","fields":{"name":"List Exclusion Role","request_id":"85b326e7-3d97-4077-8971-15c2d04123d4","role_id":"bb7c1121-2352-4493-894d-d9bc14d27c4d","trace_id":"713aa69c-5db6-44a6-ab50-8d7da9bf75aa"}}
{"timestamp":"2026-05-01T11:39:00.3476694Z","level":"INFO","message":"request completed","fields":{"duration":"532.4┬╡s","method":"POST","path":"/api/v1/roles","request_id":"85b326e7-3d97-4077-8971-15c2d04123d4","response_size":239,"status":201,"trace_id":"713aa69c-5db6-44a6-ab50-8d7da9bf75aa"}}
{"timestamp":"2026-05-01T11:39:00.3476694Z","level":"DEBUG","message":"request started","fields":{"method":"DELETE","path":"/api/v1/roles/bb7c1121-2352-4493-894d-d9bc14d27c4d","remote_addr":"192.0.2.1","request_id":"2b1af1c1-d59b-4a22-810c-4c13698d8f5a","trace_id":"13f42d84-7544-41f8-895d-d439ceabbb84"}}
{"timestamp":"2026-05-01T11:39:00.3481981Z","level":"INFO","message":"deleting role","fields":{"request_id":"2b1af1c1-d59b-4a22-810c-4c13698d8f5a","role_id":"bb7c1121-2352-4493-894d-d9bc14d27c4d","role_name":"List Exclusion Role","trace_id":"13f42d84-7544-41f8-895d-d439ceabbb84"}}
{"timestamp":"2026-05-01T11:39:00.3487367Z","level":"INFO","message":"role deleted successfully","fields":{"request_id":"2b1af1c1-d59b-4a22-810c-4c13698d8f5a","role_id":"bb7c1121-2352-4493-894d-d9bc14d27c4d","trace_id":"13f42d84-7544-41f8-895d-d439ceabbb84"}}
{"timestamp":"2026-05-01T11:39:00.3487367Z","level":"INFO","message":"request completed","fields":{"duration":"1.0673ms","method":"DELETE","path":"/api/v1/roles/bb7c1121-2352-4493-894d-d9bc14d27c4d","request_id":"2b1af1c1-d59b-4a22-810c-4c13698d8f5a","response_size":145,"status":200,"trace_id":"13f42d84-7544-41f8-895d-d439ceabbb84"}}
{"timestamp":"2026-05-01T11:39:00.3487367Z","level":"DEBUG","message":"request started","fields":{"method":"GET","path":"/api/v1/roles","remote_addr":"192.0.2.1","request_id":"1b2315a0-28c4-46c8-949d-62d2f1dcc529","trace_id":"a1f9730d-d624-4b5d-acd3-c9e2a684fbf4"}}
{"timestamp":"2026-05-01T11:39:00.3487367Z","level":"INFO","message":"listing roles","fields":{"request_id":"1b2315a0-28c4-46c8-949d-62d2f1dcc529","trace_id":"a1f9730d-d624-4b5d-acd3-c9e2a684fbf4"}}
{"timestamp":"2026-05-01T11:39:00.3492624Z","level":"INFO","message":"request completed","fields":{"duration":"525.7┬╡s","method":"GET","path":"/api/v1/roles","request_id":"1b2315a0-28c4-46c8-949d-62d2f1dcc529","response_size":2606,"status":200,"trace_id":"a1f9730d-d624-4b5d-acd3-c9e2a684fbf4"}}
=== RUN   TestSoftDeleteBehavior/cannot_delete_same_resource_twice
{"timestamp":"2026-05-01T11:39:00.3492624Z","level":"DEBUG","message":"request started","fields":{"method":"POST","path":"/api/v1/roles","remote_addr":"192.0.2.1","request_id":"e0affeaf-aef3-4ee9-b1ac-3bf51e2618d5","trace_id":"f25ab2de-f632-470a-ac66-5b981bef722c"}}
{"timestamp":"2026-05-01T11:39:00.3497872Z","level":"INFO","message":"creating role","fields":{"name":"Double Delete Role","request_id":"e0affeaf-aef3-4ee9-b1ac-3bf51e2618d5","trace_id":"f25ab2de-f632-470a-ac66-5b981bef722c"}}
{"timestamp":"2026-05-01T11:39:00.3497872Z","level":"INFO","message":"role created successfully","fields":{"name":"Double Delete Role","request_id":"e0affeaf-aef3-4ee9-b1ac-3bf51e2618d5","role_id":"572b5428-86e2-466e-b934-9d426364c9da","trace_id":"f25ab2de-f632-470a-ac66-5b981bef722c"}}
{"timestamp":"2026-05-01T11:39:00.3497872Z","level":"INFO","message":"request completed","fields":{"duration":"524.8┬╡s","method":"POST","path":"/api/v1/roles","request_id":"e0affeaf-aef3-4ee9-b1ac-3bf51e2618d5","response_size":235,"status":201,"trace_id":"f25ab2de-f632-470a-ac66-5b981bef722c"}}
{"timestamp":"2026-05-01T11:39:00.3497872Z","level":"DEBUG","message":"request started","fields":{"method":"DELETE","path":"/api/v1/roles/572b5428-86e2-466e-b934-9d426364c9da","remote_addr":"192.0.2.1","request_id":"a16934c5-9d74-4fe0-9322-c9bf4d9aab1b","trace_id":"06090e2a-b2bc-4597-a2d4-195d851f82a6"}}
{"timestamp":"2026-05-01T11:39:00.3503294Z","level":"INFO","message":"deleting role","fields":{"request_id":"a16934c5-9d74-4fe0-9322-c9bf4d9aab1b","role_id":"572b5428-86e2-466e-b934-9d426364c9da","role_name":"Double Delete Role","trace_id":"06090e2a-b2bc-4597-a2d4-195d851f82a6"}}
{"timestamp":"2026-05-01T11:39:00.3508701Z","level":"INFO","message":"role deleted successfully","fields":{"request_id":"a16934c5-9d74-4fe0-9322-c9bf4d9aab1b","role_id":"572b5428-86e2-466e-b934-9d426364c9da","trace_id":"06090e2a-b2bc-4597-a2d4-195d851f82a6"}}
{"timestamp":"2026-05-01T11:39:00.3508701Z","level":"INFO","message":"request completed","fields":{"duration":"1.0829ms","method":"DELETE","path":"/api/v1/roles/572b5428-86e2-466e-b934-9d426364c9da","request_id":"a16934c5-9d74-4fe0-9322-c9bf4d9aab1b","response_size":145,"status":200,"trace_id":"06090e2a-b2bc-4597-a2d4-195d851f82a6"}}
{"timestamp":"2026-05-01T11:39:00.3508701Z","level":"DEBUG","message":"request started","fields":{"method":"DELETE","path":"/api/v1/roles/572b5428-86e2-466e-b934-9d426364c9da","remote_addr":"192.0.2.1","request_id":"17f836c3-d713-4443-941c-0f4e1787d8c9","trace_id":"7478d808-5592-48f2-9228-03e3fd497e2b"}}
{"timestamp":"2026-05-01T11:39:00.3508701Z","level":"WARN","message":"role not found","fields":{"request_id":"17f836c3-d713-4443-941c-0f4e1787d8c9","role_id":"572b5428-86e2-466e-b934-9d426364c9da","trace_id":"7478d808-5592-48f2-9228-03e3fd497e2b"}}
{"timestamp":"2026-05-01T11:39:00.3508701Z","level":"WARN","message":"request completed with client error","fields":{"duration":"0s","method":"DELETE","path":"/api/v1/roles/572b5428-86e2-466e-b934-9d426364c9da","request_id":"17f836c3-d713-4443-941c-0f4e1787d8c9","response_size":154,"status":404,"trace_id":"7478d808-5592-48f2-9228-03e3fd497e2b"}}
--- PASS: TestSoftDeleteBehavior (6.60s)
    --- PASS: TestSoftDeleteBehavior/delete_sets_deleted_at_not_removes_row (0.01s)
    --- PASS: TestSoftDeleteBehavior/soft_deleted_resource_returns_404_on_GET (0.00s)
    --- PASS: TestSoftDeleteBehavior/soft_deleted_resource_not_in_list (0.00s)
    --- PASS: TestSoftDeleteBehavior/cannot_delete_same_resource_twice (0.00s)
=== RUN   TestS3Integration
    storage_test.go:15: Integration test requires Docker/LocalStack - run with: go test -tags=integration ./tests/integration/...
--- SKIP: TestS3Integration (0.00s)
=== RUN   TestMinIOIntegration
    storage_test.go:20: Integration test requires Docker/MinIO container - run with: go test -tags=integration ./tests/integration/...
--- SKIP: TestMinIOIntegration (0.00s)
=== RUN   TestS3UploadDownload
    storage_test.go:25: Integration test - requires LocalStack or real S3
--- SKIP: TestS3UploadDownload (0.00s)
=== RUN   TestS3InvalidCredentialsIntegration
    storage_test.go:30: Integration test - requires LocalStack or real S3
--- SKIP: TestS3InvalidCredentialsIntegration (0.00s)
=== RUN   TestS3PresignedURLIntegration
    storage_test.go:35: Integration test - requires LocalStack or real S3
--- SKIP: TestS3PresignedURLIntegration (0.00s)
=== RUN   TestS3BucketOperations
    storage_test.go:40: Integration test - requires LocalStack or real S3
--- SKIP: TestS3BucketOperations (0.00s)
=== RUN   TestS3LargeFileUpload
    storage_test.go:45: Integration test - requires LocalStack or real S3
--- SKIP: TestS3LargeFileUpload (0.00s)
=== RUN   TestS3ConcurrentOperations
    storage_test.go:50: Integration test - requires LocalStack or real S3
--- SKIP: TestS3ConcurrentOperations (0.00s)
=== RUN   TestMinIOPresignedURL
    storage_test.go:55: Integration test - requires MinIO container
--- SKIP: TestMinIOPresignedURL (0.00s)
=== RUN   TestS3DriverCreation
    storage_test.go:67: S3 driver creation test - requires LocalStack/MinIO container
--- SKIP: TestS3DriverCreation (1.97s)
=== RUN   TestSwaggerEnabled
    swagger_test.go:8: Integration test - requires full server
--- SKIP: TestSwaggerEnabled (0.00s)
=== RUN   TestSwaggerDisabled
    swagger_test.go:12: Integration test - requires full server
--- SKIP: TestSwaggerDisabled (0.00s)
=== RUN   TestCustomSwaggerPath
    swagger_test.go:16: Integration test - requires full server
--- SKIP: TestCustomSwaggerPath (0.00s)
=== RUN   TestUserHandler
    testsuite.go:235: Migrations already run, skipping
2026/05/01 19:39:07 INFO Casbin enforcer initialized successfully
2026/05/01 19:39:07 INFO Swagger documentation disabled
=== RUN   TestUserHandler/GET_/api/v1/me_-_get_current_user
{"timestamp":"2026-05-01T11:39:07.4985535Z","level":"DEBUG","message":"request started","fields":{"method":"GET","path":"/api/v1/me","remote_addr":"192.0.2.1","request_id":"ab982a06-f02d-4866-95fe-375dbec28e14","trace_id":"e226b7d4-2f64-4a8c-b21b-9e7b3f203228"}}
{"timestamp":"2026-05-01T11:39:07.4991192Z","level":"INFO","message":"fetching current user","fields":{"request_id":"ab982a06-f02d-4866-95fe-375dbec28e14","trace_id":"e226b7d4-2f64-4a8c-b21b-9e7b3f203228","user_id":"d1305eb3-781f-44e9-bc47-4c57285c575c"}}
{"timestamp":"2026-05-01T11:39:07.4996991Z","level":"INFO","message":"request completed","fields":{"duration":"1.1456ms","method":"GET","path":"/api/v1/me","request_id":"ab982a06-f02d-4866-95fe-375dbec28e14","response_size":294,"status":200,"trace_id":"e226b7d4-2f64-4a8c-b21b-9e7b3f203228"}}
=== RUN   TestUserHandler/GET_/api/v1/users_-_list_users_(admin)
{"timestamp":"2026-05-01T11:39:07.4996991Z","level":"DEBUG","message":"request started","fields":{"method":"GET","path":"/api/v1/users","remote_addr":"192.0.2.1","request_id":"9b720e84-45e8-4817-a60f-8f9ef9937b49","trace_id":"16d28d25-779c-4da8-99f0-8ef87adcf181"}}
{"timestamp":"2026-05-01T11:39:07.4996991Z","level":"INFO","message":"listing users","fields":{"request_id":"9b720e84-45e8-4817-a60f-8f9ef9937b49","trace_id":"16d28d25-779c-4da8-99f0-8ef87adcf181"}}
{"timestamp":"2026-05-01T11:39:07.5002828Z","level":"INFO","message":"request completed","fields":{"duration":"583.7┬╡s","method":"GET","path":"/api/v1/users","request_id":"9b720e84-45e8-4817-a60f-8f9ef9937b49","response_size":296,"status":200,"trace_id":"16d28d25-779c-4da8-99f0-8ef87adcf181"}}
=== RUN   TestUserHandler/GET_/api/v1/users/:id_-_get_user_by_id
{"timestamp":"2026-05-01T11:39:07.5002828Z","level":"DEBUG","message":"request started","fields":{"method":"GET","path":"/api/v1/me","remote_addr":"192.0.2.1","request_id":"84efd437-b16f-4c8f-abef-19aabd33489c","trace_id":"461a1934-ca06-437b-b384-3c7af2d53d25"}}
{"timestamp":"2026-05-01T11:39:07.5002828Z","level":"INFO","message":"fetching current user","fields":{"request_id":"84efd437-b16f-4c8f-abef-19aabd33489c","trace_id":"461a1934-ca06-437b-b384-3c7af2d53d25","user_id":"d1305eb3-781f-44e9-bc47-4c57285c575c"}}
{"timestamp":"2026-05-01T11:39:07.5008788Z","level":"INFO","message":"request completed","fields":{"duration":"596┬╡s","method":"GET","path":"/api/v1/me","request_id":"84efd437-b16f-4c8f-abef-19aabd33489c","response_size":294,"status":200,"trace_id":"461a1934-ca06-437b-b384-3c7af2d53d25"}}
{"timestamp":"2026-05-01T11:39:07.5008788Z","level":"DEBUG","message":"request started","fields":{"method":"GET","path":"/api/v1/users/d1305eb3-781f-44e9-bc47-4c57285c575c","remote_addr":"192.0.2.1","request_id":"db827a04-580d-4d80-9bc9-b280cc896e97","trace_id":"dafe5093-9789-49ea-8e7b-91b1f9259706"}}
{"timestamp":"2026-05-01T11:39:07.5008788Z","level":"INFO","message":"fetching user by ID","fields":{"request_id":"db827a04-580d-4d80-9bc9-b280cc896e97","trace_id":"dafe5093-9789-49ea-8e7b-91b1f9259706","user_id":"d1305eb3-781f-44e9-bc47-4c57285c575c"}}
{"timestamp":"2026-05-01T11:39:07.5008788Z","level":"INFO","message":"request completed","fields":{"duration":"0s","method":"GET","path":"/api/v1/users/d1305eb3-781f-44e9-bc47-4c57285c575c","request_id":"db827a04-580d-4d80-9bc9-b280cc896e97","response_size":294,"status":200,"trace_id":"dafe5093-9789-49ea-8e7b-91b1f9259706"}}
=== RUN   TestUserHandler/PUT_/api/v1/users/:id_-_update_user
{"timestamp":"2026-05-01T11:39:07.5008788Z","level":"DEBUG","message":"request started","fields":{"method":"GET","path":"/api/v1/me","remote_addr":"192.0.2.1","request_id":"aec3a8d9-3321-47f5-9eaf-5d85479b6af7","trace_id":"51f1a79b-f3ad-4a76-b59d-68d824491eb2"}}
{"timestamp":"2026-05-01T11:39:07.5008788Z","level":"INFO","message":"fetching current user","fields":{"request_id":"aec3a8d9-3321-47f5-9eaf-5d85479b6af7","trace_id":"51f1a79b-f3ad-4a76-b59d-68d824491eb2","user_id":"d1305eb3-781f-44e9-bc47-4c57285c575c"}}
{"timestamp":"2026-05-01T11:39:07.5008788Z","level":"INFO","message":"request completed","fields":{"duration":"0s","method":"GET","path":"/api/v1/me","request_id":"aec3a8d9-3321-47f5-9eaf-5d85479b6af7","response_size":294,"status":200,"trace_id":"51f1a79b-f3ad-4a76-b59d-68d824491eb2"}}
{"timestamp":"2026-05-01T11:39:07.5008788Z","level":"DEBUG","message":"request started","fields":{"method":"PUT","path":"/api/v1/users/d1305eb3-781f-44e9-bc47-4c57285c575c","remote_addr":"192.0.2.1","request_id":"80b20edc-1e5d-4125-8bca-b7d400688af1","trace_id":"465b64e9-478f-48bd-bf67-bffaae0f0433"}}
{"timestamp":"2026-05-01T11:39:07.5014733Z","level":"INFO","message":"updating user","fields":{"request_id":"80b20edc-1e5d-4125-8bca-b7d400688af1","trace_id":"465b64e9-478f-48bd-bf67-bffaae0f0433","user_id":"d1305eb3-781f-44e9-bc47-4c57285c575c"}}
{"timestamp":"2026-05-01T11:39:07.502032Z","level":"INFO","message":"user updated successfully","fields":{"request_id":"80b20edc-1e5d-4125-8bca-b7d400688af1","trace_id":"465b64e9-478f-48bd-bf67-bffaae0f0433","user_id":"d1305eb3-781f-44e9-bc47-4c57285c575c"}}
{"timestamp":"2026-05-01T11:39:07.502032Z","level":"INFO","message":"request completed","fields":{"duration":"1.1532ms","method":"PUT","path":"/api/v1/users/d1305eb3-781f-44e9-bc47-4c57285c575c","request_id":"80b20edc-1e5d-4125-8bca-b7d400688af1","response_size":294,"status":200,"trace_id":"465b64e9-478f-48bd-bf67-bffaae0f0433"}}
=== RUN   TestUserHandler/DELETE_/api/v1/users/:id_-_delete_user_(soft_delete)
{"timestamp":"2026-05-01T11:39:07.502032Z","level":"DEBUG","message":"request started","fields":{"method":"POST","path":"/api/v1/auth/register","remote_addr":"192.0.2.1","request_id":"933075cc-cbdc-4a10-bd4d-4025adf9008c","trace_id":"f5b70b82-db8d-4687-bea4-c991bc3b71ca"}}
{"timestamp":"2026-05-01T11:39:07.502032Z","level":"INFO","message":"registering user","fields":{"email":"test-1777635547502032000-9ouc7a36@test.example.com","request_id":"933075cc-cbdc-4a10-bd4d-4025adf9008c","trace_id":"f5b70b82-db8d-4687-bea4-c991bc3b71ca"}}
{"timestamp":"2026-05-01T11:39:07.6960798Z","level":"INFO","message":"user registered successfully","fields":{"email":"test-1777635547502032000-9ouc7a36@test.example.com","request_id":"933075cc-cbdc-4a10-bd4d-4025adf9008c","trace_id":"f5b70b82-db8d-4687-bea4-c991bc3b71ca","user_id":"5e6fafaa-0307-4b27-9e2e-61676a1ef5e9"}}
{"timestamp":"2026-05-01T11:39:07.6960798Z","level":"INFO","message":"request completed","fields":{"duration":"194.0475ms","method":"POST","path":"/api/v1/auth/register","request_id":"933075cc-cbdc-4a10-bd4d-4025adf9008c","response_size":212,"status":201,"trace_id":"f5b70b82-db8d-4687-bea4-c991bc3b71ca"}}
{"timestamp":"2026-05-01T11:39:07.6960798Z","level":"DEBUG","message":"request started","fields":{"method":"DELETE","path":"/api/v1/users/5e6fafaa-0307-4b27-9e2e-61676a1ef5e9","remote_addr":"192.0.2.1","request_id":"fd7d9683-2025-41fc-a519-b3bb25b21a4f","trace_id":"2ed87019-dc85-4338-94c9-9e1e445446dc"}}
{"timestamp":"2026-05-01T11:39:07.6966767Z","level":"INFO","message":"deleting user","fields":{"request_id":"fd7d9683-2025-41fc-a519-b3bb25b21a4f","trace_id":"2ed87019-dc85-4338-94c9-9e1e445446dc","user_id":"5e6fafaa-0307-4b27-9e2e-61676a1ef5e9"}}
{"timestamp":"2026-05-01T11:39:07.6976298Z","level":"INFO","message":"user deleted successfully","fields":{"request_id":"fd7d9683-2025-41fc-a519-b3bb25b21a4f","trace_id":"2ed87019-dc85-4338-94c9-9e1e445446dc","user_id":"5e6fafaa-0307-4b27-9e2e-61676a1ef5e9"}}
{"timestamp":"2026-05-01T11:39:07.6976298Z","level":"INFO","message":"request completed","fields":{"duration":"1.55ms","method":"DELETE","path":"/api/v1/users/5e6fafaa-0307-4b27-9e2e-61676a1ef5e9","request_id":"fd7d9683-2025-41fc-a519-b3bb25b21a4f","response_size":145,"status":200,"trace_id":"2ed87019-dc85-4338-94c9-9e1e445446dc"}}
=== RUN   TestUserHandler/POST_/api/v1/users_-_create_user
{"timestamp":"2026-05-01T11:39:07.6976298Z","level":"DEBUG","message":"request started","fields":{"method":"POST","path":"/api/v1/users","remote_addr":"192.0.2.1","request_id":"b273ad18-5f2d-45bf-ada1-5c54c06c4461","trace_id":"cd14d5bc-12b8-4ebf-9fac-fac61e4cc1b4"}}
{"timestamp":"2026-05-01T11:39:07.6983456Z","level":"INFO","message":"creating user","fields":{"email":"test-1777635547697629800-0svod3lw@test.example.com","request_id":"b273ad18-5f2d-45bf-ada1-5c54c06c4461","trace_id":"cd14d5bc-12b8-4ebf-9fac-fac61e4cc1b4"}}
{"timestamp":"2026-05-01T11:39:07.8907004Z","level":"INFO","message":"user created successfully","fields":{"email":"test-1777635547697629800-0svod3lw@test.example.com","request_id":"b273ad18-5f2d-45bf-ada1-5c54c06c4461","trace_id":"cd14d5bc-12b8-4ebf-9fac-fac61e4cc1b4","user_id":"6b6e58e4-1ba5-444f-97fb-46eece9bc877"}}
{"timestamp":"2026-05-01T11:39:07.8907004Z","level":"INFO","message":"request completed","fields":{"duration":"193.0702ms","method":"POST","path":"/api/v1/users","request_id":"b273ad18-5f2d-45bf-ada1-5c54c06c4461","response_size":294,"status":201,"trace_id":"cd14d5bc-12b8-4ebf-9fac-fac61e4cc1b4"}}
=== RUN   TestUserHandler/protected_routes_-_unauthenticated_returns_401
{"timestamp":"2026-05-01T11:39:07.8907004Z","level":"DEBUG","message":"request started","fields":{"method":"GET","path":"/api/v1/users","remote_addr":"192.0.2.1","request_id":"d6c2f33d-0bba-4d42-82c1-cbabdaa70619","trace_id":"27411879-bced-4c1b-9195-1c60861862c6"}}
{"timestamp":"2026-05-01T11:39:07.8907004Z","level":"WARN","message":"request completed with client error","fields":{"duration":"0s","method":"GET","path":"/api/v1/users","request_id":"d6c2f33d-0bba-4d42-82c1-cbabdaa70619","response_size":0,"status":401,"trace_id":"27411879-bced-4c1b-9195-1c60861862c6"}}
--- PASS: TestUserHandler (5.56s)
    --- PASS: TestUserHandler/GET_/api/v1/me_-_get_current_user (0.00s)
    --- PASS: TestUserHandler/GET_/api/v1/users_-_list_users_(admin) (0.00s)
    --- PASS: TestUserHandler/GET_/api/v1/users/:id_-_get_user_by_id (0.00s)
    --- PASS: TestUserHandler/PUT_/api/v1/users/:id_-_update_user (0.00s)
    --- PASS: TestUserHandler/DELETE_/api/v1/users/:id_-_delete_user_(soft_delete) (0.20s)
    --- PASS: TestUserHandler/POST_/api/v1/users_-_create_user (0.19s)
    --- PASS: TestUserHandler/protected_routes_-_unauthenticated_returns_401 (0.00s)
=== RUN   TestUserRole_Assign
    testsuite.go:235: Migrations already run, skipping
--- PASS: TestUserRole_Assign (2.14s)
=== RUN   TestUserRole_AssignDuplicate
    testsuite.go:235: Migrations already run, skipping
--- PASS: TestUserRole_AssignDuplicate (1.96s)
=== RUN   TestUserRole_Remove
    testsuite.go:235: Migrations already run, skipping
--- PASS: TestUserRole_Remove (1.91s)
=== RUN   TestUserRole_GrantPermission
    testsuite.go:235: Migrations already run, skipping
--- PASS: TestUserRole_GrantPermission (1.99s)
=== RUN   TestUserRole_DenyPermission
    testsuite.go:235: Migrations already run, skipping
--- PASS: TestUserRole_DenyPermission (2.12s)
=== RUN   TestUserRole_RemovePermission
    testsuite.go:235: Migrations already run, skipping
--- PASS: TestUserRole_RemovePermission (1.97s)
=== RUN   TestUserRole_GetEffectivePermissions
    testsuite.go:235: Migrations already run, skipping
--- PASS: TestUserRole_GetEffectivePermissions (2.12s)
=== RUN   TestUserRole_MultipleRolesWithPermissions
    testsuite.go:235: Migrations already run, skipping
--- PASS: TestUserRole_MultipleRolesWithPermissions (1.94s)
=== RUN   TestUserRole_DenyOverridesAllow
    testsuite.go:235: Migrations already run, skipping
--- PASS: TestUserRole_DenyOverridesAllow (1.87s)
PASS
ok  	github.com/example/go-api-base/tests/integration	727.596s
?   	github.com/example/go-api-base/tests/integration/helpers	[no test files]
